Archive member included to satisfy reference by file (symbol)

c:/st/stm32cubeide_1.3.0/stm32cubeide/plugins/com.st.stm32cube.ide.mcu.externaltools.gnu-tools-for-stm32.7-2018-q2-update.win32_1.0.0.201904181610/tools/bin/../lib/gcc/arm-none-eabi/7.3.1/../../../../arm-none-eabi/lib/thumb/v7-m\libc_nano.a(lib_a-errno.o)
                              Core/Src/syscalls.o (__errno)
c:/st/stm32cubeide_1.3.0/stm32cubeide/plugins/com.st.stm32cube.ide.mcu.externaltools.gnu-tools-for-stm32.7-2018-q2-update.win32_1.0.0.201904181610/tools/bin/../lib/gcc/arm-none-eabi/7.3.1/../../../../arm-none-eabi/lib/thumb/v7-m\libc_nano.a(lib_a-exit.o)
                              c:/st/stm32cubeide_1.3.0/stm32cubeide/plugins/com.st.stm32cube.ide.mcu.externaltools.gnu-tools-for-stm32.7-2018-q2-update.win32_1.0.0.201904181610/tools/bin/../lib/gcc/arm-none-eabi/7.3.1/../../../../arm-none-eabi/lib/thumb/v7-m/crt0.o (exit)
c:/st/stm32cubeide_1.3.0/stm32cubeide/plugins/com.st.stm32cube.ide.mcu.externaltools.gnu-tools-for-stm32.7-2018-q2-update.win32_1.0.0.201904181610/tools/bin/../lib/gcc/arm-none-eabi/7.3.1/../../../../arm-none-eabi/lib/thumb/v7-m\libc_nano.a(lib_a-impure.o)
                              c:/st/stm32cubeide_1.3.0/stm32cubeide/plugins/com.st.stm32cube.ide.mcu.externaltools.gnu-tools-for-stm32.7-2018-q2-update.win32_1.0.0.201904181610/tools/bin/../lib/gcc/arm-none-eabi/7.3.1/../../../../arm-none-eabi/lib/thumb/v7-m\libc_nano.a(lib_a-exit.o) (_global_impure_ptr)
c:/st/stm32cubeide_1.3.0/stm32cubeide/plugins/com.st.stm32cube.ide.mcu.externaltools.gnu-tools-for-stm32.7-2018-q2-update.win32_1.0.0.201904181610/tools/bin/../lib/gcc/arm-none-eabi/7.3.1/../../../../arm-none-eabi/lib/thumb/v7-m\libc_nano.a(lib_a-init.o)
                              c:/st/stm32cubeide_1.3.0/stm32cubeide/plugins/com.st.stm32cube.ide.mcu.externaltools.gnu-tools-for-stm32.7-2018-q2-update.win32_1.0.0.201904181610/tools/bin/../lib/gcc/arm-none-eabi/7.3.1/../../../../arm-none-eabi/lib/thumb/v7-m/crt0.o (__libc_init_array)
c:/st/stm32cubeide_1.3.0/stm32cubeide/plugins/com.st.stm32cube.ide.mcu.externaltools.gnu-tools-for-stm32.7-2018-q2-update.win32_1.0.0.201904181610/tools/bin/../lib/gcc/arm-none-eabi/7.3.1/../../../../arm-none-eabi/lib/thumb/v7-m\libc_nano.a(lib_a-memset.o)
                              c:/st/stm32cubeide_1.3.0/stm32cubeide/plugins/com.st.stm32cube.ide.mcu.externaltools.gnu-tools-for-stm32.7-2018-q2-update.win32_1.0.0.201904181610/tools/bin/../lib/gcc/arm-none-eabi/7.3.1/../../../../arm-none-eabi/lib/thumb/v7-m/crt0.o (memset)
c:/st/stm32cubeide_1.3.0/stm32cubeide/plugins/com.st.stm32cube.ide.mcu.externaltools.gnu-tools-for-stm32.7-2018-q2-update.win32_1.0.0.201904181610/tools/bin/../lib/gcc/arm-none-eabi/7.3.1/../../../../arm-none-eabi/lib/thumb/v7-m\libc_nano.a(lib_a-printf.o)
                              Core/Src/lcd.o (printf)
c:/st/stm32cubeide_1.3.0/stm32cubeide/plugins/com.st.stm32cube.ide.mcu.externaltools.gnu-tools-for-stm32.7-2018-q2-update.win32_1.0.0.201904181610/tools/bin/../lib/gcc/arm-none-eabi/7.3.1/../../../../arm-none-eabi/lib/thumb/v7-m\libc_nano.a(lib_a-findfp.o)
                              c:/st/stm32cubeide_1.3.0/stm32cubeide/plugins/com.st.stm32cube.ide.mcu.externaltools.gnu-tools-for-stm32.7-2018-q2-update.win32_1.0.0.201904181610/tools/bin/../lib/gcc/arm-none-eabi/7.3.1/../../../../arm-none-eabi/lib/thumb/v7-m\libc_nano.a(lib_a-printf.o) (__sinit)
c:/st/stm32cubeide_1.3.0/stm32cubeide/plugins/com.st.stm32cube.ide.mcu.externaltools.gnu-tools-for-stm32.7-2018-q2-update.win32_1.0.0.201904181610/tools/bin/../lib/gcc/arm-none-eabi/7.3.1/../../../../arm-none-eabi/lib/thumb/v7-m\libc_nano.a(lib_a-fwalk.o)
                              c:/st/stm32cubeide_1.3.0/stm32cubeide/plugins/com.st.stm32cube.ide.mcu.externaltools.gnu-tools-for-stm32.7-2018-q2-update.win32_1.0.0.201904181610/tools/bin/../lib/gcc/arm-none-eabi/7.3.1/../../../../arm-none-eabi/lib/thumb/v7-m\libc_nano.a(lib_a-findfp.o) (_fwalk)
c:/st/stm32cubeide_1.3.0/stm32cubeide/plugins/com.st.stm32cube.ide.mcu.externaltools.gnu-tools-for-stm32.7-2018-q2-update.win32_1.0.0.201904181610/tools/bin/../lib/gcc/arm-none-eabi/7.3.1/../../../../arm-none-eabi/lib/thumb/v7-m\libc_nano.a(lib_a-nano-mallocr.o)
                              c:/st/stm32cubeide_1.3.0/stm32cubeide/plugins/com.st.stm32cube.ide.mcu.externaltools.gnu-tools-for-stm32.7-2018-q2-update.win32_1.0.0.201904181610/tools/bin/../lib/gcc/arm-none-eabi/7.3.1/../../../../arm-none-eabi/lib/thumb/v7-m\libc_nano.a(lib_a-findfp.o) (_malloc_r)
c:/st/stm32cubeide_1.3.0/stm32cubeide/plugins/com.st.stm32cube.ide.mcu.externaltools.gnu-tools-for-stm32.7-2018-q2-update.win32_1.0.0.201904181610/tools/bin/../lib/gcc/arm-none-eabi/7.3.1/../../../../arm-none-eabi/lib/thumb/v7-m\libc_nano.a(lib_a-nano-vfprintf.o)
[...]
Memory Configuration

Name             Origin             Length             Attributes
RAM              0x0000000020000000 0x000000000000c000 xrw
FLASH            0x0000000008000000 0x0000000000040000 xr
*default*        0x0000000000000000 0xffffffffffffffff

Linker script and memory map

LOAD c:/st/stm32cubeide_1.3.0/stm32cubeide/plugins/com.st.stm32cube.ide.mcu.externaltools.gnu-tools-for-stm32.7-2018-q2-update.win32_1.0.0.201904181610/tools/bin/../lib/gcc/arm-none-eabi/7.3.1/thumb/v7-m/crti.o
LOAD c:/st/stm32cubeide_1.3.0/stm32cubeide/plugins/com.st.stm32cube.ide.mcu.externaltools.gnu-tools-for-stm32.7-2018-q2-update.win32_1.0.0.201904181610/tools/bin/../lib/gcc/arm-none-eabi/7.3.1/thumb/v7-m/crtbegin.o
LOAD c:/st/stm32cubeide_1.3.0/stm32cubeide/plugins/com.st.stm32cube.ide.mcu.externaltools.gnu-tools-for-stm32.7-2018-q2-update.win32_1.0.0.201904181610/tools/bin/../lib/gcc/arm-none-eabi/7.3.1/../../../../arm-none-eabi/lib/thumb/v7-m/crt0.o
LOAD Core/Src/24l01.o
LOAD Core/Src/delay.o
LOAD Core/Src/gpio.o
LOAD Core/Src/key.o
LOAD Core/Src/lcd.o
LOAD Core/Src/led.o
LOAD Core/Src/main.o
LOAD Core/Src/spi.o
LOAD Core/Src/stm32f1xx_hal_msp.o
LOAD Core/Src/stm32f1xx_it.o
LOAD Core/Src/sys.o
LOAD Core/Src/syscalls.o
LOAD Core/Src/sysmem.o
LOAD Core/Src/system_stm32f1xx.o
LOAD Core/Src/usart.o
LOAD Core/Startup/startup_stm32f103rctx.o
LOAD Drivers/STM32F1xx_HAL_Driver/Src/stm32f1xx_hal.o
LOAD Drivers/STM32F1xx_HAL_Driver/Src/stm32f1xx_hal_cortex.o
LOAD Drivers/STM32F1xx_HAL_Driver/Src/stm32f1xx_hal_dma.o
LOAD Drivers/STM32F1xx_HAL_Driver/Src/stm32f1xx_hal_exti.o
LOAD Drivers/STM32F1xx_HAL_Driver/Src/stm32f1xx_hal_flash.o
LOAD Drivers/STM32F1xx_HAL_Driver/Src/stm32f1xx_hal_flash_ex.o
LOAD Drivers/STM32F1xx_HAL_Driver/Src/stm32f1xx_hal_gpio.o
LOAD Drivers/STM32F1xx_HAL_Driver/Src/stm32f1xx_hal_gpio_ex.o
LOAD Drivers/STM32F1xx_HAL_Driver/Src/stm32f1xx_hal_pwr.o
LOAD Drivers/STM32F1xx_HAL_Driver/Src/stm32f1xx_hal_rcc.o
LOAD Drivers/STM32F1xx_HAL_Driver/Src/stm32f1xx_hal_rcc_ex.o
LOAD Drivers/STM32F1xx_HAL_Driver/Src/stm32f1xx_hal_spi.o
LOAD Drivers/STM32F1xx_HAL_Driver/Src/stm32f1xx_hal_tim.o
LOAD Drivers/STM32F1xx_HAL_Driver/Src/stm32f1xx_hal_tim_ex.o
LOAD Drivers/STM32F1xx_HAL_Driver/Src/stm32f1xx_hal_uart.o
START GROUP
LOAD c:/st/stm32cubeide_1.3.0/stm32cubeide/plugins/com.st.stm32cube.ide.mcu.externaltools.gnu-tools-for-stm32.7-2018-q2-update.win32_1.0.0.201904181610/tools/bin/../lib/gcc/arm-none-eabi/7.3.1/../../../../arm-none-eabi/lib/thumb/v7-m\libc_nano.a
LOAD c:/st/stm32cubeide_1.3.0/stm32cubeide/plugins/com.st.stm32cube.ide.mcu.externaltools.gnu-tools-for-stm32.7-2018-q2-update.win32_1.0.0.201904181610/tools/bin/../lib/gcc/arm-none-eabi/7.3.1/../../../../arm-none-eabi/lib/thumb/v7-m\libm.a
END GROUP
START GROUP
LOAD c:/st/stm32cubeide_1.3.0/stm32cubeide/plugins/com.st.stm32cube.ide.mcu.externaltools.gnu-tools-for-stm32.7-2018-q2-update.win32_1.0.0.201904181610/tools/bin/../lib/gcc/arm-none-eabi/7.3.1/thumb/v7-m\libgcc.a
LOAD c:/st/stm32cubeide_1.3.0/stm32cubeide/plugins/com.st.stm32cube.ide.mcu.externaltools.gnu-tools-for-stm32.7-2018-q2-update.win32_1.0.0.201904181610/tools/bin/../lib/gcc/arm-none-eabi/7.3.1/../../../../arm-none-eabi/lib/thumb/v7-m\libc_nano.a
END GROUP
START GROUP
LOAD c:/st/stm32cubeide_1.3.0/stm32cubeide/plugins/com.st.stm32cube.ide.mcu.externaltools.gnu-tools-for-stm32.7-2018-q2-update.win32_1.0.0.201904181610/tools/bin/../lib/gcc/arm-none-eabi/7.3.1/thumb/v7-m\libgcc.a
LOAD c:/st/stm32cubeide_1.3.0/stm32cubeide/plugins/com.st.stm32cube.ide.mcu.externaltools.gnu-tools-for-stm32.7-2018-q2-update.win32_1.0.0.201904181610/tools/bin/../lib/gcc/arm-none-eabi/7.3.1/../../../../arm-none-eabi/lib/thumb/v7-m\libc_nano.a
LOAD c:/st/stm32cubeide_1.3.0/stm32cubeide/plugins/com.st.stm32cube.ide.mcu.externaltools.gnu-tools-for-stm32.7-2018-q2-update.win32_1.0.0.201904181610/tools/bin/../lib/gcc/arm-none-eabi/7.3.1/../../../../arm-none-eabi/lib/thumb/v7-m\libnosys.a
END GROUP
START GROUP
LOAD c:/st/stm32cubeide_1.3.0/stm32cubeide/plugins/com.st.stm32cube.ide.mcu.externaltools.gnu-tools-for-stm32.7-2018-q2-update.win32_1.0.0.201904181610/tools/bin/../lib/gcc/arm-none-eabi/7.3.1/thumb/v7-m\libgcc.a
LOAD c:/st/stm32cubeide_1.3.0/stm32cubeide/plugins/com.st.stm32cube.ide.mcu.externaltools.gnu-tools-for-stm32.7-2018-q2-update.win32_1.0.0.201904181610/tools/bin/../lib/gcc/arm-none-eabi/7.3.1/../../../../arm-none-eabi/lib/thumb/v7-m\libc_nano.a
LOAD c:/st/stm32cubeide_1.3.0/stm32cubeide/plugins/com.st.stm32cube.ide.mcu.externaltools.gnu-tools-for-stm32.7-2018-q2-update.win32_1.0.0.201904181610/tools/bin/../lib/gcc/arm-none-eabi/7.3.1/../../../../arm-none-eabi/lib/thumb/v7-m\libnosys.a
END GROUP
LOAD c:/st/stm32cubeide_1.3.0/stm32cubeide/plugins/com.st.stm32cube.ide.mcu.externaltools.gnu-tools-for-stm32.7-2018-q2-update.win32_1.0.0.201904181610/tools/bin/../lib/gcc/arm-none-eabi/7.3.1/thumb/v7-m/crtend.o
LOAD c:/st/stm32cubeide_1.3.0/stm32cubeide/plugins/com.st.stm32cube.ide.mcu.externaltools.gnu-tools-for-stm32.7-2018-q2-update.win32_1.0.0.201904181610/tools/bin/../lib/gcc/arm-none-eabi/7.3.1/thumb/v7-m/crtn.o
                0x000000002000c000                _estack = (ORIGIN (RAM) + LENGTH (RAM))
                0x0000000000000200                _Min_Heap_Size = 0x200
                0x0000000000000400                _Min_Stack_Size = 0x400

.isr_vector     0x0000000008000000      0x1e4
                0x0000000008000000                . = ALIGN (0x4)
 *(.isr_vector)
 .isr_vector    0x0000000008000000      0x1e4 Core/Startup/startup_stm32f103rctx.o
                0x0000000008000000                g_pfnVectors
                0x00000000080001e4                . = ALIGN (0x4)

.text           0x00000000080001e8     0x9b28
                0x00000000080001e8                . = ALIGN (0x4)
 *(.text)
 .text          0x00000000080001e8       0x40 c:/st/stm32cubeide_1.3.0/stm32cubeide/plugins/com.st.stm32cube.ide.mcu.externaltools.gnu-tools-for-stm32.7-2018-q2-update.win32_1.0.0.201904181610/tools/bin/../lib/gcc/arm-none-eabi/7.3.1/thumb/v7-m/crtbegin.o
 .text          0x0000000008000228      0x378 c:/st/stm32cubeide_1.3.0/stm32cubeide/plugins/com.st.stm32cube.ide.mcu.externaltools.gnu-tools-for-stm32.7-2018-q2-update.win32_1.0.0.201904181610/tools/bin/../lib/gcc/arm-none-eabi/7.3.1/thumb/v7-m\libgcc.a(_arm_addsubdf3.o)
                0x0000000008000228                __aeabi_drsub
                0x0000000008000230                __aeabi_dsub
                0x0000000008000230                __subdf3
                0x0000000008000234                __aeabi_dadd
                0x0000000008000234                __adddf3
                0x00000000080004ac                __floatunsidf
                0x00000000080004ac                __aeabi_ui2d
                0x00000000080004cc                __floatsidf
                0x00000000080004cc                __aeabi_i2d
                0x00000000080004f0                __aeabi_f2d
                0x00000000080004f0                __extendsfdf2
                0x0000000008000534                __floatundidf
                0x0000000008000534                __aeabi_ul2d
                0x0000000008000544                __floatdidf
                0x0000000008000544                __aeabi_l2d
 .text          0x00000000080005a0      0x424 c:/st/stm32cubeide_1.3.0/stm32cubeide/plugins/com.st.stm32cube.ide.mcu.externaltools.gnu-tools-for-stm32.7-2018-q2-update.win32_1.0.0.201904181610/tools/bin/../lib/gcc/arm-none-eabi/7.3.1/thumb/v7-m\libgcc.a(_arm_muldivdf3.o)
                0x00000000080005a0                __aeabi_dmul
                0x00000000080005a0                __muldf3
                0x00000000080007f4                __divdf3
                0x00000000080007f4                __aeabi_ddiv
 .text          0x00000000080009c4       0x40 c:/st/stm32cubeide_1.3.0/stm32cubeide/plugins/com.st.stm32cube.ide.mcu.externaltools.gnu-tools-for-stm32.7-2018-q2-update.win32_1.0.0.201904181610/tools/bin/../lib/gcc/arm-none-eabi/7.3.1/thumb/v7-m\libgcc.a(_arm_fixunsdfsi.o)
                0x00000000080009c4                __aeabi_d2uiz
                0x00000000080009c4                __fixunsdfsi
 *(.text*)
 .text.NRF24L01_SPI_Init
                0x0000000008000a04       0x40 Core/Src/24l01.o
                0x0000000008000a04                NRF24L01_SPI_Init
 .text.NRF24L01_Init
                0x0000000008000a44       0xd0 Core/Src/24l01.o
                0x0000000008000a44                NRF24L01_Init
 .text.NRF24L01_Check
                0x0000000008000b14       0x70 Core/Src/24l01.o
                0x0000000008000b14                NRF24L01_Check
 .text.NRF24L01_Write_Reg
                0x0000000008000b84       0x40 Core/Src/24l01.o
                0x0000000008000b84                NRF24L01_Write_Reg
 .text.NRF24L01_Read_Reg
                0x0000000008000bc4       0x38 Core/Src/24l01.o
                0x0000000008000bc4                NRF24L01_Read_Reg
 .text.NRF24L01_Read_Buf
                0x0000000008000bfc       0x5c Core/Src/24l01.o
                0x0000000008000bfc                NRF24L01_Read_Buf
 .text.NRF24L01_Write_Buf
                0x0000000008000c58       0x58 Core/Src/24l01.o
                0x0000000008000c58                NRF24L01_Write_Buf
 .text.NRF24L01_TxPacket
                0x0000000008000cb0       0x78 Core/Src/24l01.o
                0x0000000008000cb0                NRF24L01_TxPacket
 .text.NRF24L01_RxPacket
                0x0000000008000d28       0x4c Core/Src/24l01.o
                0x0000000008000d28                NRF24L01_RxPacket
 .text.NRF24L01_RX_Mode
                0x0000000008000d74       0x58 Core/Src/24l01.o
                0x0000000008000d74                NRF24L01_RX_Mode
 .text.NRF24L01_TX_Mode
                0x0000000008000dcc       0x64 Core/Src/24l01.o
                0x0000000008000dcc                NRF24L01_TX_Mode
 .text.delay_init
                0x0000000008000e30       0x24 Core/Src/delay.o
                0x0000000008000e30                delay_init
 .text.delay_us
                0x0000000008000e54       0x7c Core/Src/delay.o
                0x0000000008000e54                delay_us
 .text.delay_ms
                0x0000000008000ed0       0x2e Core/Src/delay.o
                0x0000000008000ed0                delay_ms
 *fill*         0x0000000008000efe        0x2 
 .text.KEY_Init
                0x0000000008000f00       0x90 Core/Src/key.o
                0x0000000008000f00                KEY_Init
 .text.KEY_Scan
                0x0000000008000f90       0xdc Core/Src/key.o
                0x0000000008000f90                KEY_Scan
 .text.LCD_WR_REG
                0x000000000800106c       0x48 Core/Src/lcd.o
                0x000000000800106c                LCD_WR_REG
 .text.LCD_WR_DATAX
                0x00000000080010b4       0x48 Core/Src/lcd.o
                0x00000000080010b4                LCD_WR_DATAX
 .text.LCD_RD_DATA
                0x00000000080010fc       0x88 Core/Src/lcd.o
                0x00000000080010fc                LCD_RD_DATA
 .text.LCD_WriteReg
                0x0000000008001184       0x54 Core/Src/lcd.o
                0x0000000008001184                LCD_WriteReg
 .text.LCD_ReadReg
                0x00000000080011d8       0x20 Core/Src/lcd.o
                0x00000000080011d8                LCD_ReadReg
 .text.LCD_WriteRAM_Prepare
                0x00000000080011f8       0x18 Core/Src/lcd.o
                0x00000000080011f8                LCD_WriteRAM_Prepare
 .text.LCD_SetCursor
                0x0000000008001210      0x598 Core/Src/lcd.o
                0x0000000008001210                LCD_SetCursor
 .text.LCD_Scan_Dir
                0x00000000080017a8      0x624 Core/Src/lcd.o
                0x00000000080017a8                LCD_Scan_Dir
 .text.LCD_Fast_DrawPoint
                0x0000000008001dcc      0x52c Core/Src/lcd.o
                0x0000000008001dcc                LCD_Fast_DrawPoint
 .text.LCD_SSD_BackLightSet
                0x00000000080022f8      0x148 Core/Src/lcd.o
                0x00000000080022f8                LCD_SSD_BackLightSet
 .text.LCD_Display_Dir
                0x0000000008002440      0x218 Core/Src/lcd.o
                0x0000000008002440                LCD_Display_Dir
 .text.LCD_Init
                0x0000000008002658     0x3e8c Core/Src/lcd.o
                0x0000000008002658                LCD_Init
 .text.LCD_Clear
                0x00000000080064e4       0xc4 Core/Src/lcd.o
                0x00000000080064e4                LCD_Clear
 .text.LCD_Fill
                0x00000000080065a8      0x118 Core/Src/lcd.o
                0x00000000080065a8                LCD_Fill
 .text.LCD_ShowChar
                0x00000000080066c0      0x15c Core/Src/lcd.o
                0x00000000080066c0                LCD_ShowChar
 .text.LCD_ShowString
                0x000000000800681c       0x9c Core/Src/lcd.o
                0x000000000800681c                LCD_ShowString
 .text.LED_Init
                0x00000000080068b8       0x90 Core/Src/led.o
                0x00000000080068b8                LED_Init
 .text.main     0x0000000008006948      0x338 Core/Src/main.o
                0x0000000008006948                main
 .text.Error_Handler
                0x0000000008006c80        0xc Core/Src/main.o
                0x0000000008006c80                Error_Handler
 .text.SPI1_Init
                0x0000000008006c8c       0x78 Core/Src/spi.o
                0x0000000008006c8c                SPI1_Init
 .text.HAL_SPI_MspInit
                0x0000000008006d04       0x64 Core/Src/spi.o
                0x0000000008006d04                HAL_SPI_MspInit
 .text.SPI1_SetSpeed
                0x0000000008006d68       0x5c Core/Src/spi.o
                0x0000000008006d68                SPI1_SetSpeed
 .text.SPI1_ReadWriteByte
                0x0000000008006dc4       0x2c Core/Src/spi.o
                0x0000000008006dc4                SPI1_ReadWriteByte
 .text.HAL_MspInit
                0x0000000008006df0       0x64 Core/Src/stm32f1xx_hal_msp.o
                0x0000000008006df0                HAL_MspInit
 .text.NMI_Handler
                0x0000000008006e54        0xc Core/Src/stm32f1xx_it.o
                0x0000000008006e54                NMI_Handler
 .text.HardFault_Handler
                0x0000000008006e60        0x6 Core/Src/stm32f1xx_it.o
                0x0000000008006e60                HardFault_Handler
 .text.MemManage_Handler
                0x0000000008006e66        0x6 Core/Src/stm32f1xx_it.o
                0x0000000008006e66                MemManage_Handler
 .text.BusFault_Handler
                0x0000000008006e6c        0x6 Core/Src/stm32f1xx_it.o
                0x0000000008006e6c                BusFault_Handler
 .text.UsageFault_Handler
                0x0000000008006e72        0x6 Core/Src/stm32f1xx_it.o
                0x0000000008006e72                UsageFault_Handler
 .text.SVC_Handler
                0x0000000008006e78        0xc Core/Src/stm32f1xx_it.o
                0x0000000008006e78                SVC_Handler
 .text.DebugMon_Handler
                0x0000000008006e84        0xc Core/Src/stm32f1xx_it.o
                0x0000000008006e84                DebugMon_Handler
 .text.PendSV_Handler
                0x0000000008006e90        0xc Core/Src/stm32f1xx_it.o
                0x0000000008006e90                PendSV_Handler
 .text.SysTick_Handler
                0x0000000008006e9c        0xc Core/Src/stm32f1xx_it.o
                0x0000000008006e9c                SysTick_Handler
 .text.USART1_IRQHandler
                0x0000000008006ea8       0x20 Core/Src/stm32f1xx_it.o
                0x0000000008006ea8                USART1_IRQHandler
 .text.Stm32_Clock_Init
                0x0000000008006ec8       0x7e Core/Src/sys.o
                0x0000000008006ec8                Stm32_Clock_Init
 .text._read    0x0000000008006f46       0x3a Core/Src/syscalls.o
                0x0000000008006f46                _read
 .text._write   0x0000000008006f80       0x38 Core/Src/syscalls.o
                0x0000000008006f80                _write
 .text._close   0x0000000008006fb8       0x16 Core/Src/syscalls.o
                0x0000000008006fb8                _close
 .text._fstat   0x0000000008006fce       0x1e Core/Src/syscalls.o
                0x0000000008006fce                _fstat
 .text._isatty  0x0000000008006fec       0x14 Core/Src/syscalls.o
                0x0000000008006fec                _isatty
 .text._lseek   0x0000000008007000       0x18 Core/Src/syscalls.o
                0x0000000008007000                _lseek
 .text._sbrk    0x0000000008007018       0x58 Core/Src/sysmem.o
                0x0000000008007018                _sbrk
 .text.SystemInit
                0x0000000008007070        0xc Core/Src/system_stm32f1xx.o
                0x0000000008007070                SystemInit
 .text.MX_USART1_UART_Init
                0x000000000800707c       0x54 Core/Src/usart.o
                0x000000000800707c                MX_USART1_UART_Init
 .text.HAL_UART_MspInit
                0x00000000080070d0       0xa8 Core/Src/usart.o
                0x00000000080070d0                HAL_UART_MspInit
 .text.Reset_Handler
                0x0000000008007178       0x48 Core/Startup/startup_stm32f103rctx.o
                0x0000000008007178                Reset_Handler
 .text.Default_Handler
                0x00000000080071c0        0x2 Core/Startup/startup_stm32f103rctx.o
                0x00000000080071c0                RTC_Alarm_IRQHandler
                0x00000000080071c0                EXTI2_IRQHandler
                0x00000000080071c0                TIM8_TRG_COM_IRQHandler
                0x00000000080071c0                TIM8_CC_IRQHandler
                0x00000000080071c0                TIM1_CC_IRQHandler
                0x00000000080071c0                TIM6_IRQHandler
                0x00000000080071c0                PVD_IRQHandler
                0x00000000080071c0                SDIO_IRQHandler
                0x00000000080071c0                EXTI3_IRQHandler
                0x00000000080071c0                EXTI0_IRQHandler
                0x00000000080071c0                I2C2_EV_IRQHandler
                0x00000000080071c0                ADC1_2_IRQHandler
                0x00000000080071c0                SPI1_IRQHandler
                0x00000000080071c0                TAMPER_IRQHandler
                0x00000000080071c0                TIM8_UP_IRQHandler
                0x00000000080071c0                DMA2_Channel2_IRQHandler
                0x00000000080071c0                DMA1_Channel4_IRQHandler
                0x00000000080071c0                USART3_IRQHandler
                0x00000000080071c0                RTC_IRQHandler
                0x00000000080071c0                DMA1_Channel7_IRQHandler
                0x00000000080071c0                CAN1_RX1_IRQHandler
                0x00000000080071c0                UART5_IRQHandler
                0x00000000080071c0                ADC3_IRQHandler
                0x00000000080071c0                TIM4_IRQHandler
                0x00000000080071c0                DMA2_Channel1_IRQHandler
                0x00000000080071c0                I2C1_EV_IRQHandler
                0x00000000080071c0                DMA1_Channel6_IRQHandler
                0x00000000080071c0                UART4_IRQHandler
                0x00000000080071c0                TIM3_IRQHandler
                0x00000000080071c0                RCC_IRQHandler
                0x00000000080071c0                TIM1_TRG_COM_IRQHandler
                0x00000000080071c0                DMA1_Channel1_IRQHandler
                0x00000000080071c0                Default_Handler
                0x00000000080071c0                EXTI15_10_IRQHandler
                0x00000000080071c0                TIM7_IRQHandler
                0x00000000080071c0                TIM5_IRQHandler
                0x00000000080071c0                EXTI9_5_IRQHandler
                0x00000000080071c0                SPI2_IRQHandler
                0x00000000080071c0                DMA1_Channel5_IRQHandler
                0x00000000080071c0                EXTI4_IRQHandler
                0x00000000080071c0                USB_LP_CAN1_RX0_IRQHandler
                0x00000000080071c0                USB_HP_CAN1_TX_IRQHandler
                0x00000000080071c0                DMA1_Channel3_IRQHandler
                0x00000000080071c0                FSMC_IRQHandler
                0x00000000080071c0                TIM1_UP_IRQHandler
                0x00000000080071c0                WWDG_IRQHandler
                0x00000000080071c0                TIM2_IRQHandler
                0x00000000080071c0                TIM1_BRK_IRQHandler
                0x00000000080071c0                EXTI1_IRQHandler
                0x00000000080071c0                DMA2_Channel4_5_IRQHandler
                0x00000000080071c0                USART2_IRQHandler
                0x00000000080071c0                I2C2_ER_IRQHandler
                0x00000000080071c0                DMA1_Channel2_IRQHandler
                0x00000000080071c0                TIM8_BRK_IRQHandler
                0x00000000080071c0                CAN1_SCE_IRQHandler
                0x00000000080071c0                FLASH_IRQHandler
                0x00000000080071c0                SPI3_IRQHandler
                0x00000000080071c0                I2C1_ER_IRQHandler
                0x00000000080071c0                USBWakeUp_IRQHandler
                0x00000000080071c0                DMA2_Channel3_IRQHandler
 *fill*         0x00000000080071c2        0x2 
 .text.HAL_Init
                0x00000000080071c4       0x2c Drivers/STM32F1xx_HAL_Driver/Src/stm32f1xx_hal.o
                0x00000000080071c4                HAL_Init
 .text.HAL_InitTick
                0x00000000080071f0       0x60 Drivers/STM32F1xx_HAL_Driver/Src/stm32f1xx_hal.o
                0x00000000080071f0                HAL_InitTick
 .text.HAL_IncTick
                0x0000000008007250       0x24 Drivers/STM32F1xx_HAL_Driver/Src/stm32f1xx_hal.o
                0x0000000008007250                HAL_IncTick
 .text.HAL_GetTick
                0x0000000008007274       0x14 Drivers/STM32F1xx_HAL_Driver/Src/stm32f1xx_hal.o
                0x0000000008007274                HAL_GetTick
 .text.__NVIC_SetPriorityGrouping
                0x0000000008007288       0x48 Drivers/STM32F1xx_HAL_Driver/Src/stm32f1xx_hal_cortex.o
 .text.__NVIC_GetPriorityGrouping
                0x00000000080072d0       0x1c Drivers/STM32F1xx_HAL_Driver/Src/stm32f1xx_hal_cortex.o
 .text.__NVIC_EnableIRQ
                0x00000000080072ec       0x38 Drivers/STM32F1xx_HAL_Driver/Src/stm32f1xx_hal_cortex.o
 .text.__NVIC_SetPriority
                0x0000000008007324       0x54 Drivers/STM32F1xx_HAL_Driver/Src/stm32f1xx_hal_cortex.o
 .text.NVIC_EncodePriority
                0x0000000008007378       0x64 Drivers/STM32F1xx_HAL_Driver/Src/stm32f1xx_hal_cortex.o
 .text.SysTick_Config
                0x00000000080073dc       0x44 Drivers/STM32F1xx_HAL_Driver/Src/stm32f1xx_hal_cortex.o
 .text.HAL_NVIC_SetPriorityGrouping
                0x0000000008007420       0x16 Drivers/STM32F1xx_HAL_Driver/Src/stm32f1xx_hal_cortex.o
                0x0000000008007420                HAL_NVIC_SetPriorityGrouping
 .text.HAL_NVIC_SetPriority
                0x0000000008007436       0x38 Drivers/STM32F1xx_HAL_Driver/Src/stm32f1xx_hal_cortex.o
                0x0000000008007436                HAL_NVIC_SetPriority
 .text.HAL_NVIC_EnableIRQ
                0x000000000800746e       0x1c Drivers/STM32F1xx_HAL_Driver/Src/stm32f1xx_hal_cortex.o
                0x000000000800746e                HAL_NVIC_EnableIRQ
 .text.HAL_SYSTICK_Config
                0x000000000800748a       0x18 Drivers/STM32F1xx_HAL_Driver/Src/stm32f1xx_hal_cortex.o
                0x000000000800748a                HAL_SYSTICK_Config
 *fill*         0x00000000080074a2        0x2 
 .text.HAL_SYSTICK_CLKSourceConfig
                0x00000000080074a4       0x38 Drivers/STM32F1xx_HAL_Driver/Src/stm32f1xx_hal_cortex.o
                0x00000000080074a4                HAL_SYSTICK_CLKSourceConfig
 .text.HAL_DMA_Abort_IT
                0x00000000080074dc      0x210 Drivers/STM32F1xx_HAL_Driver/Src/stm32f1xx_hal_dma.o
                0x00000000080074dc                HAL_DMA_Abort_IT
 .text.HAL_GPIO_Init
                0x00000000080076ec      0x2d4 Drivers/STM32F1xx_HAL_Driver/Src/stm32f1xx_hal_gpio.o
                0x00000000080076ec                HAL_GPIO_Init
 .text.HAL_GPIO_ReadPin
                0x00000000080079c0       0x2e Drivers/STM32F1xx_HAL_Driver/Src/stm32f1xx_hal_gpio.o
                0x00000000080079c0                HAL_GPIO_ReadPin
 .text.HAL_GPIO_WritePin
                0x00000000080079ee       0x30 Drivers/STM32F1xx_HAL_Driver/Src/stm32f1xx_hal_gpio.o
                0x00000000080079ee                HAL_GPIO_WritePin
 *fill*         0x0000000008007a1e        0x2 
 .text.HAL_RCC_OscConfig
                0x0000000008007a20      0x500 Drivers/STM32F1xx_HAL_Driver/Src/stm32f1xx_hal_rcc.o
                0x0000000008007a20                HAL_RCC_OscConfig
 .text.HAL_RCC_ClockConfig
                0x0000000008007f20      0x1d4 Drivers/STM32F1xx_HAL_Driver/Src/stm32f1xx_hal_rcc.o
                0x0000000008007f20                HAL_RCC_ClockConfig
 .text.HAL_RCC_GetSysClockFreq
                0x00000000080080f4       0xc4 Drivers/STM32F1xx_HAL_Driver/Src/stm32f1xx_hal_rcc.o
                0x00000000080080f4                HAL_RCC_GetSysClockFreq
 .text.HAL_RCC_GetHCLKFreq
                0x00000000080081b8       0x14 Drivers/STM32F1xx_HAL_Driver/Src/stm32f1xx_hal_rcc.o
                0x00000000080081b8                HAL_RCC_GetHCLKFreq
 .text.HAL_RCC_GetPCLK1Freq
                0x00000000080081cc       0x28 Drivers/STM32F1xx_HAL_Driver/Src/stm32f1xx_hal_rcc.o
                0x00000000080081cc                HAL_RCC_GetPCLK1Freq
 .text.HAL_RCC_GetPCLK2Freq
                0x00000000080081f4       0x28 Drivers/STM32F1xx_HAL_Driver/Src/stm32f1xx_hal_rcc.o
                0x00000000080081f4                HAL_RCC_GetPCLK2Freq
 .text.RCC_Delay
                0x000000000800821c       0x3c Drivers/STM32F1xx_HAL_Driver/Src/stm32f1xx_hal_rcc.o
 .text.HAL_SPI_Init
                0x0000000008008258      0x108 Drivers/STM32F1xx_HAL_Driver/Src/stm32f1xx_hal_spi.o
                0x0000000008008258                HAL_SPI_Init
 .text.HAL_SPI_TransmitReceive
                0x0000000008008360      0x344 Drivers/STM32F1xx_HAL_Driver/Src/stm32f1xx_hal_spi.o
                0x0000000008008360                HAL_SPI_TransmitReceive
 .text.SPI_WaitFlagStateUntilTimeout
                0x00000000080086a4      0x110 Drivers/STM32F1xx_HAL_Driver/Src/stm32f1xx_hal_spi.o
 .text.SPI_EndRxTxTransaction
                0x00000000080087b4       0x3c Drivers/STM32F1xx_HAL_Driver/Src/stm32f1xx_hal_spi.o
 .text.HAL_UART_Init
                0x00000000080087f0       0x9a Drivers/STM32F1xx_HAL_Driver/Src/stm32f1xx_hal_uart.o
                0x00000000080087f0                HAL_UART_Init
 .text.HAL_UART_Receive_IT
                0x000000000800888a       0xa8 Drivers/STM32F1xx_HAL_Driver/Src/stm32f1xx_hal_uart.o
                0x000000000800888a                HAL_UART_Receive_IT
 *fill*         0x0000000008008932        0x2 
 .text.HAL_UART_IRQHandler
                0x0000000008008934      0x200 Drivers/STM32F1xx_HAL_Driver/Src/stm32f1xx_hal_uart.o
                0x0000000008008934                HAL_UART_IRQHandler
 .text.HAL_UART_TxCpltCallback
                0x0000000008008b34       0x12 Drivers/STM32F1xx_HAL_Driver/Src/stm32f1xx_hal_uart.o
                0x0000000008008b34                HAL_UART_TxCpltCallback
 .text.HAL_UART_RxCpltCallback
                0x0000000008008b46       0x12 Drivers/STM32F1xx_HAL_Driver/Src/stm32f1xx_hal_uart.o
                0x0000000008008b46                HAL_UART_RxCpltCallback
 .text.HAL_UART_ErrorCallback
                0x0000000008008b58       0x12 Drivers/STM32F1xx_HAL_Driver/Src/stm32f1xx_hal_uart.o
                0x0000000008008b58                HAL_UART_ErrorCallback
 .text.UART_EndRxTransfer
                0x0000000008008b6a       0x3a Drivers/STM32F1xx_HAL_Driver/Src/stm32f1xx_hal_uart.o
 .text.UART_DMAAbortOnError
                0x0000000008008ba4       0x28 Drivers/STM32F1xx_HAL_Driver/Src/stm32f1xx_hal_uart.o
 .text.UART_Transmit_IT
                0x0000000008008bcc       0x9e Drivers/STM32F1xx_HAL_Driver/Src/stm32f1xx_hal_uart.o
 .text.UART_EndTransmit_IT
                0x0000000008008c6a       0x30 Drivers/STM32F1xx_HAL_Driver/Src/stm32f1xx_hal_uart.o
 .text.UART_Receive_IT
                0x0000000008008c9a      0x100 Drivers/STM32F1xx_HAL_Driver/Src/stm32f1xx_hal_uart.o
 *fill*         0x0000000008008d9a        0x2 
 .text.UART_SetConfig
                0x0000000008008d9c      0x11c Drivers/STM32F1xx_HAL_Driver/Src/stm32f1xx_hal_uart.o
 .text.__errno  0x0000000008008eb8        0xc c:/st/stm32cubeide_1.3.0/stm32cubeide/plugins/com.st.stm32cube.ide.mcu.externaltools.gnu-tools-for-stm32.7-2018-q2-update.win32_1.0.0.201904181610/tools/bin/../lib/gcc/arm-none-eabi/7.3.1/../../../../arm-none-eabi/lib/thumb/v7-m\libc_nano.a(lib_a-errno.o)
                0x0000000008008eb8                __errno
 .text.__libc_init_array
                0x0000000008008ec4       0x48 c:/st/stm32cubeide_1.3.0/stm32cubeide/plugins/com.st.stm32cube.ide.mcu.externaltools.gnu-tools-for-stm32.7-2018-q2-update.win32_1.0.0.201904181610/tools/bin/../lib/gcc/arm-none-eabi/7.3.1/../../../../arm-none-eabi/lib/thumb/v7-m\libc_nano.a(lib_a-init.o)
                0x0000000008008ec4                __libc_init_array
 .text.memset   0x0000000008008f0c       0x10 c:/st/stm32cubeide_1.3.0/stm32cubeide/plugins/com.st.stm32cube.ide.mcu.externaltools.gnu-tools-for-stm32.7-2018-q2-update.win32_1.0.0.201904181610/tools/bin/../lib/gcc/arm-none-eabi/7.3.1/../../../../arm-none-eabi/lib/thumb/v7-m\libc_nano.a(lib_a-memset.o)
                0x0000000008008f0c                memset
 .text.printf   0x0000000008008f1c       0x30 c:/st/stm32cubeide_1.3.0/stm32cubeide/plugins/com.st.stm32cube.ide.mcu.externaltools.gnu-tools-for-stm32.7-2018-q2-update.win32_1.0.0.201904181610/tools/bin/../lib/gcc/arm-none-eabi/7.3.1/../../../../arm-none-eabi/lib/thumb/v7-m\libc_nano.a(lib_a-printf.o)
                0x0000000008008f1c                iprintf
                0x0000000008008f1c                printf
 .text.std      0x0000000008008f4c       0x48 c:/st/stm32cubeide_1.3.0/stm32cubeide/plugins/com.st.stm32cube.ide.mcu.externaltools.gnu-tools-for-stm32.7-2018-q2-update.win32_1.0.0.201904181610/tools/bin/../lib/gcc/arm-none-eabi/7.3.1/../../../../arm-none-eabi/lib/thumb/v7-m\libc_nano.a(lib_a-findfp.o)
 .text._cleanup_r
                0x0000000008008f94        0xc c:/st/stm32cubeide_1.3.0/stm32cubeide/plugins/com.st.stm32cube.ide.mcu.externaltools.gnu-tools-for-stm32.7-2018-q2-update.win32_1.0.0.201904181610/tools/bin/../lib/gcc/arm-none-eabi/7.3.1/../../../../arm-none-eabi/lib/thumb/v7-m\libc_nano.a(lib_a-findfp.o)
                0x0000000008008f94                _cleanup_r
 .text.__sfmoreglue
                0x0000000008008fa0       0x2c c:/st/stm32cubeide_1.3.0/stm32cubeide/plugins/com.st.stm32cube.ide.mcu.externaltools.gnu-tools-for-stm32.7-2018-q2-update.win32_1.0.0.201904181610/tools/bin/../lib/gcc/arm-none-eabi/7.3.1/../../../../arm-none-eabi/lib/thumb/v7-m\libc_nano.a(lib_a-findfp.o)
                0x0000000008008fa0                __sfmoreglue
 .text.__sinit  0x0000000008008fcc       0x60 c:/st/stm32cubeide_1.3.0/stm32cubeide/plugins/com.st.stm32cube.ide.mcu.externaltools.gnu-tools-for-stm32.7-2018-q2-update.win32_1.0.0.201904181610/tools/bin/../lib/gcc/arm-none-eabi/7.3.1/../../../../arm-none-eabi/lib/thumb/v7-m\libc_nano.a(lib_a-findfp.o)
                0x0000000008008fcc                __sinit
 .text.__sfp    0x000000000800902c       0x78 c:/st/stm32cubeide_1.3.0/stm32cubeide/plugins/com.st.stm32cube.ide.mcu.externaltools.gnu-tools-for-stm32.7-2018-q2-update.win32_1.0.0.201904181610/tools/bin/../lib/gcc/arm-none-eabi/7.3.1/../../../../arm-none-eabi/lib/thumb/v7-m\libc_nano.a(lib_a-findfp.o)
                0x000000000800902c                __sfp
 .text._fwalk_reent
                0x00000000080090a4       0x3c c:/st/stm32cubeide_1.3.0/stm32cubeide/plugins/com.st.stm32cube.ide.mcu.externaltools.gnu-tools-for-stm32.7-2018-q2-update.win32_1.0.0.201904181610/tools/bin/../lib/gcc/arm-none-eabi/7.3.1/../../../../arm-none-eabi/lib/thumb/v7-m\libc_nano.a(lib_a-fwalk.o)
                0x00000000080090a4                _fwalk_reent
 .text._malloc_r
                0x00000000080090e0       0xb4 c:/st/stm32cubeide_1.3.0/stm32cubeide/plugins/com.st.stm32cube.ide.mcu.externaltools.gnu-tools-for-stm32.7-2018-q2-update.win32_1.0.0.201904181610/tools/bin/../lib/gcc/arm-none-eabi/7.3.1/../../../../arm-none-eabi/lib/thumb/v7-m\libc_nano.a(lib_a-nano-mallocr.o)
                0x00000000080090e0                _malloc_r
 .text.__sfputc_r
                0x0000000008009194       0x2a c:/st/stm32cubeide_1.3.0/stm32cubeide/plugins/com.st.stm32cube.ide.mcu.externaltools.gnu-tools-for-stm32.7-2018-q2-update.win32_1.0.0.201904181610/tools/bin/../lib/gcc/arm-none-eabi/7.3.1/../../../../arm-none-eabi/lib/thumb/v7-m\libc_nano.a(lib_a-nano-vfprintf.o)
 .text.__sfputs_r
                0x00000000080091be       0x24 c:/st/stm32cubeide_1.3.0/stm32cubeide/plugins/com.st.stm32cube.ide.mcu.externaltools.gnu-tools-for-stm32.7-2018-q2-update.win32_1.0.0.201904181610/tools/bin/../lib/gcc/arm-none-eabi/7.3.1/../../../../arm-none-eabi/lib/thumb/v7-m\libc_nano.a(lib_a-nano-vfprintf.o)
                0x00000000080091be                __sfputs_r
 *fill*         0x00000000080091e2        0x2 
 .text._vfprintf_r
                0x00000000080091e4      0x22c c:/st/stm32cubeide_1.3.0/stm32cubeide/plugins/com.st.stm32cube.ide.mcu.externaltools.gnu-tools-for-stm32.7-2018-q2-update.win32_1.0.0.201904181610/tools/bin/../lib/gcc/arm-none-eabi/7.3.1/../../../../arm-none-eabi/lib/thumb/v7-m\libc_nano.a(lib_a-nano-vfprintf.o)
                0x00000000080091e4                _vfprintf_r
                0x00000000080091e4                _vfiprintf_r
 .text._printf_common
                0x0000000008009410       0xec c:/st/stm32cubeide_1.3.0/stm32cubeide/plugins/com.st.stm32cube.ide.mcu.externaltools.gnu-tools-for-stm32.7-2018-q2-update.win32_1.0.0.201904181610/tools/bin/../lib/gcc/arm-none-eabi/7.3.1/../../../../arm-none-eabi/lib/thumb/v7-m\libc_nano.a(lib_a-nano-vfprintf_i.o)
                0x0000000008009410                _printf_common
 .text._printf_i
                0x00000000080094fc      0x224 c:/st/stm32cubeide_1.3.0/stm32cubeide/plugins/com.st.stm32cube.ide.mcu.externaltools.gnu-tools-for-stm32.7-2018-q2-update.win32_1.0.0.201904181610/tools/bin/../lib/gcc/arm-none-eabi/7.3.1/../../../../arm-none-eabi/lib/thumb/v7-m\libc_nano.a(lib_a-nano-vfprintf_i.o)
                0x00000000080094fc                _printf_i
 .text._sbrk_r  0x0000000008009720       0x20 c:/st/stm32cubeide_1.3.0/stm32cubeide/plugins/com.st.stm32cube.ide.mcu.externaltools.gnu-tools-for-stm32.7-2018-q2-update.win32_1.0.0.201904181610/tools/bin/../lib/gcc/arm-none-eabi/7.3.1/../../../../arm-none-eabi/lib/thumb/v7-m\libc_nano.a(lib_a-sbrkr.o)
                0x0000000008009720                _sbrk_r
 .text.__sread  0x0000000008009740       0x22 c:/st/stm32cubeide_1.3.0/stm32cubeide/plugins/com.st.stm32cube.ide.mcu.externaltools.gnu-tools-for-stm32.7-2018-q2-update.win32_1.0.0.201904181610/tools/bin/../lib/gcc/arm-none-eabi/7.3.1/../../../../arm-none-eabi/lib/thumb/v7-m\libc_nano.a(lib_a-stdio.o)
                0x0000000008009740                __sread
 .text.__swrite
                0x0000000008009762       0x38 c:/st/stm32cubeide_1.3.0/stm32cubeide/plugins/com.st.stm32cube.ide.mcu.externaltools.gnu-tools-for-stm32.7-2018-q2-update.win32_1.0.0.201904181610/tools/bin/../lib/gcc/arm-none-eabi/7.3.1/../../../../arm-none-eabi/lib/thumb/v7-m\libc_nano.a(lib_a-stdio.o)
                0x0000000008009762                __swrite
 .text.__sseek  0x000000000800979a       0x24 c:/st/stm32cubeide_1.3.0/stm32cubeide/plugins/com.st.stm32cube.ide.mcu.externaltools.gnu-tools-for-stm32.7-2018-q2-update.win32_1.0.0.201904181610/tools/bin/../lib/gcc/arm-none-eabi/7.3.1/../../../../arm-none-eabi/lib/thumb/v7-m\libc_nano.a(lib_a-stdio.o)
                0x000000000800979a                __sseek
 .text.__sclose
                0x00000000080097be        0x8 c:/st/stm32cubeide_1.3.0/stm32cubeide/plugins/com.st.stm32cube.ide.mcu.externaltools.gnu-tools-for-stm32.7-2018-q2-update.win32_1.0.0.201904181610/tools/bin/../lib/gcc/arm-none-eabi/7.3.1/../../../../arm-none-eabi/lib/thumb/v7-m\libc_nano.a(lib_a-stdio.o)
                0x00000000080097be                __sclose
 *fill*         0x00000000080097c6        0x2 
 .text.__swbuf_r
                0x00000000080097c8       0xa4 c:/st/stm32cubeide_1.3.0/stm32cubeide/plugins/com.st.stm32cube.ide.mcu.externaltools.gnu-tools-for-stm32.7-2018-q2-update.win32_1.0.0.201904181610/tools/bin/../lib/gcc/arm-none-eabi/7.3.1/../../../../arm-none-eabi/lib/thumb/v7-m\libc_nano.a(lib_a-wbuf.o)
                0x00000000080097c8                __swbuf_r
 .text._write_r
                0x000000000800986c       0x24 c:/st/stm32cubeide_1.3.0/stm32cubeide/plugins/com.st.stm32cube.ide.mcu.externaltools.gnu-tools-for-stm32.7-2018-q2-update.win32_1.0.0.201904181610/tools/bin/../lib/gcc/arm-none-eabi/7.3.1/../../../../arm-none-eabi/lib/thumb/v7-m\libc_nano.a(lib_a-writer.o)
                0x000000000800986c                _write_r
 .text.__swsetup_r
                0x0000000008009890       0xdc c:/st/stm32cubeide_1.3.0/stm32cubeide/plugins/com.st.stm32cube.ide.mcu.externaltools.gnu-tools-for-stm32.7-2018-q2-update.win32_1.0.0.201904181610/tools/bin/../lib/gcc/arm-none-eabi/7.3.1/../../../../arm-none-eabi/lib/thumb/v7-m\libc_nano.a(lib_a-wsetup.o)
                0x0000000008009890                __swsetup_r
 .text._close_r
                0x000000000800996c       0x20 c:/st/stm32cubeide_1.3.0/stm32cubeide/plugins/com.st.stm32cube.ide.mcu.externaltools.gnu-tools-for-stm32.7-2018-q2-update.win32_1.0.0.201904181610/tools/bin/../lib/gcc/arm-none-eabi/7.3.1/../../../../arm-none-eabi/lib/thumb/v7-m\libc_nano.a(lib_a-closer.o)
                0x000000000800996c                _close_r
 .text.__sflush_r
                0x000000000800998c      0x10c c:/st/stm32cubeide_1.3.0/stm32cubeide/plugins/com.st.stm32cube.ide.mcu.externaltools.gnu-tools-for-stm32.7-2018-q2-update.win32_1.0.0.201904181610/tools/bin/../lib/gcc/arm-none-eabi/7.3.1/../../../../arm-none-eabi/lib/thumb/v7-m\libc_nano.a(lib_a-fflush.o)
                0x000000000800998c                __sflush_r
 .text._fflush_r
                0x0000000008009a98       0x54 c:/st/stm32cubeide_1.3.0/stm32cubeide/plugins/com.st.stm32cube.ide.mcu.externaltools.gnu-tools-for-stm32.7-2018-q2-update.win32_1.0.0.201904181610/tools/bin/../lib/gcc/arm-none-eabi/7.3.1/../../../../arm-none-eabi/lib/thumb/v7-m\libc_nano.a(lib_a-fflush.o)
                0x0000000008009a98                _fflush_r
 .text._lseek_r
                0x0000000008009aec       0x24 c:/st/stm32cubeide_1.3.0/stm32cubeide/plugins/com.st.stm32cube.ide.mcu.externaltools.gnu-tools-for-stm32.7-2018-q2-update.win32_1.0.0.201904181610/tools/bin/../lib/gcc/arm-none-eabi/7.3.1/../../../../arm-none-eabi/lib/thumb/v7-m\libc_nano.a(lib_a-lseekr.o)
                0x0000000008009aec                _lseek_r
 .text.__swhatbuf_r
                0x0000000008009b10       0x48 c:/st/stm32cubeide_1.3.0/stm32cubeide/plugins/com.st.stm32cube.ide.mcu.externaltools.gnu-tools-for-stm32.7-2018-q2-update.win32_1.0.0.201904181610/tools/bin/../lib/gcc/arm-none-eabi/7.3.1/../../../../arm-none-eabi/lib/thumb/v7-m\libc_nano.a(lib_a-makebuf.o)
                0x0000000008009b10                __swhatbuf_r
 .text.__smakebuf_r
                0x0000000008009b58       0x80 c:/st/stm32cubeide_1.3.0/stm32cubeide/plugins/com.st.stm32cube.ide.mcu.externaltools.gnu-tools-for-stm32.7-2018-q2-update.win32_1.0.0.201904181610/tools/bin/../lib/gcc/arm-none-eabi/7.3.1/../../../../arm-none-eabi/lib/thumb/v7-m\libc_nano.a(lib_a-makebuf.o)
                0x0000000008009b58                __smakebuf_r
 .text.memchr   0x0000000008009bd8       0x1c c:/st/stm32cubeide_1.3.0/stm32cubeide/plugins/com.st.stm32cube.ide.mcu.externaltools.gnu-tools-for-stm32.7-2018-q2-update.win32_1.0.0.201904181610/tools/bin/../lib/gcc/arm-none-eabi/7.3.1/../../../../arm-none-eabi/lib/thumb/v7-m\libc_nano.a(lib_a-memchr-stub.o)
                0x0000000008009bd8                memchr
 .text.__malloc_lock
                0x0000000008009bf4        0x2 c:/st/stm32cubeide_1.3.0/stm32cubeide/plugins/com.st.stm32cube.ide.mcu.externaltools.gnu-tools-for-stm32.7-2018-q2-update.win32_1.0.0.201904181610/tools/bin/../lib/gcc/arm-none-eabi/7.3.1/../../../../arm-none-eabi/lib/thumb/v7-m\libc_nano.a(lib_a-mlock.o)
                0x0000000008009bf4                __malloc_lock
 .text.__malloc_unlock
                0x0000000008009bf6        0x2 c:/st/stm32cubeide_1.3.0/stm32cubeide/plugins/com.st.stm32cube.ide.mcu.externaltools.gnu-tools-for-stm32.7-2018-q2-update.win32_1.0.0.201904181610/tools/bin/../lib/gcc/arm-none-eabi/7.3.1/../../../../arm-none-eabi/lib/thumb/v7-m\libc_nano.a(lib_a-mlock.o)
                0x0000000008009bf6                __malloc_unlock
 .text._free_r  0x0000000008009bf8       0x98 c:/st/stm32cubeide_1.3.0/stm32cubeide/plugins/com.st.stm32cube.ide.mcu.externaltools.gnu-tools-for-stm32.7-2018-q2-update.win32_1.0.0.201904181610/tools/bin/../lib/gcc/arm-none-eabi/7.3.1/../../../../arm-none-eabi/lib/thumb/v7-m\libc_nano.a(lib_a-nano-freer.o)
                0x0000000008009bf8                _free_r
 .text._read_r  0x0000000008009c90       0x24 c:/st/stm32cubeide_1.3.0/stm32cubeide/plugins/com.st.stm32cube.ide.mcu.externaltools.gnu-tools-for-stm32.7-2018-q2-update.win32_1.0.0.201904181610/tools/bin/../lib/gcc/arm-none-eabi/7.3.1/../../../../arm-none-eabi/lib/thumb/v7-m\libc_nano.a(lib_a-readr.o)
                0x0000000008009c90                _read_r
 .text._fstat_r
                0x0000000008009cb4       0x24 c:/st/stm32cubeide_1.3.0/stm32cubeide/plugins/com.st.stm32cube.ide.mcu.externaltools.gnu-tools-for-stm32.7-2018-q2-update.win32_1.0.0.201904181610/tools/bin/../lib/gcc/arm-none-eabi/7.3.1/../../../../arm-none-eabi/lib/thumb/v7-m\libc_nano.a(lib_a-fstatr.o)
                0x0000000008009cb4                _fstat_r
 .text._isatty_r
                0x0000000008009cd8       0x20 c:/st/stm32cubeide_1.3.0/stm32cubeide/plugins/com.st.stm32cube.ide.mcu.externaltools.gnu-tools-for-stm32.7-2018-q2-update.win32_1.0.0.201904181610/tools/bin/../lib/gcc/arm-none-eabi/7.3.1/../../../../arm-none-eabi/lib/thumb/v7-m\libc_nano.a(lib_a-isattyr.o)
                0x0000000008009cd8                _isatty_r
 *(.glue_7)
 .glue_7        0x0000000008009cf8        0x0 linker stubs
 *(.glue_7t)
 .glue_7t       0x0000000008009cf8        0x0 linker stubs
 *(.eh_frame)
 .eh_frame      0x0000000008009cf8        0x0 c:/st/stm32cubeide_1.3.0/stm32cubeide/plugins/com.st.stm32cube.ide.mcu.externaltools.gnu-tools-for-stm32.7-2018-q2-update.win32_1.0.0.201904181610/tools/bin/../lib/gcc/arm-none-eabi/7.3.1/thumb/v7-m/crtbegin.o
 *(.init)
 .init          0x0000000008009cf8        0x4 c:/st/stm32cubeide_1.3.0/stm32cubeide/plugins/com.st.stm32cube.ide.mcu.externaltools.gnu-tools-for-stm32.7-2018-q2-update.win32_1.0.0.201904181610/tools/bin/../lib/gcc/arm-none-eabi/7.3.1/thumb/v7-m/crti.o
                0x0000000008009cf8                _init
 .init          0x0000000008009cfc        0x8 c:/st/stm32cubeide_1.3.0/stm32cubeide/plugins/com.st.stm32cube.ide.mcu.externaltools.gnu-tools-for-stm32.7-2018-q2-update.win32_1.0.0.201904181610/tools/bin/../lib/gcc/arm-none-eabi/7.3.1/thumb/v7-m/crtn.o
 *(.fini)
 .fini          0x0000000008009d04        0x4 c:/st/stm32cubeide_1.3.0/stm32cubeide/plugins/com.st.stm32cube.ide.mcu.externaltools.gnu-tools-for-stm32.7-2018-q2-update.win32_1.0.0.201904181610/tools/bin/../lib/gcc/arm-none-eabi/7.3.1/thumb/v7-m/crti.o
                0x0000000008009d04                _fini
 .fini          0x0000000008009d08        0x8 c:/st/stm32cubeide_1.3.0/stm32cubeide/plugins/com.st.stm32cube.ide.mcu.externaltools.gnu-tools-for-stm32.7-2018-q2-update.win32_1.0.0.201904181610/tools/bin/../lib/gcc/arm-none-eabi/7.3.1/thumb/v7-m/crtn.o
                0x0000000008009d10                . = ALIGN (0x4)
                0x0000000008009d10                _etext = .

.vfp11_veneer   0x0000000008009d10        0x0
 .vfp11_veneer  0x0000000008009d10        0x0 linker stubs

.v4_bx          0x0000000008009d10        0x0
 .v4_bx         0x0000000008009d10        0x0 linker stubs

.iplt           0x0000000008009d10        0x0
 .iplt          0x0000000008009d10        0x0 c:/st/stm32cubeide_1.3.0/stm32cubeide/plugins/com.st.stm32cube.ide.mcu.externaltools.gnu-tools-for-stm32.7-2018-q2-update.win32_1.0.0.201904181610/tools/bin/../lib/gcc/arm-none-eabi/7.3.1/thumb/v7-m/crtbegin.o

.rodata         0x0000000008009d10     0x1974
                0x0000000008009d10                . = ALIGN (0x4)
 *(.rodata)
 .rodata        0x0000000008009d10        0x5 Core/Src/24l01.o
 *fill*         0x0000000008009d15        0x3 
 .rodata        0x0000000008009d18        0xd Core/Src/lcd.o
 *fill*         0x0000000008009d25        0x3 
 .rodata        0x0000000008009d28       0xc5 Core/Src/main.o
 *fill*         0x0000000008009ded        0x3 
 .rodata        0x0000000008009df0       0x12 Drivers/STM32F1xx_HAL_Driver/Src/stm32f1xx_hal_rcc.o
 *(.rodata*)
 *fill*         0x0000000008009e02        0x2 
 .rodata.TX_ADDRESS
                0x0000000008009e04        0x5 Core/Src/24l01.o
                0x0000000008009e04                TX_ADDRESS
 *fill*         0x0000000008009e09        0x3 
 .rodata.RX_ADDRESS
                0x0000000008009e0c        0x5 Core/Src/24l01.o
                0x0000000008009e0c                RX_ADDRESS
 *fill*         0x0000000008009e11        0x3 
 .rodata.asc2_1206
                0x0000000008009e14      0x474 Core/Src/lcd.o
                0x0000000008009e14                asc2_1206
 .rodata.asc2_1608
                0x000000000800a288      0x5f0 Core/Src/lcd.o
                0x000000000800a288                asc2_1608
 .rodata.asc2_2412
                0x000000000800a878      0xd5c Core/Src/lcd.o
                0x000000000800a878                asc2_2412
 .rodata.AHBPrescTable
                0x000000000800b5d4       0x10 Core/Src/system_stm32f1xx.o
                0x000000000800b5d4                AHBPrescTable
 .rodata.APBPrescTable
                0x000000000800b5e4        0x8 Core/Src/system_stm32f1xx.o
                0x000000000800b5e4                APBPrescTable
 .rodata._global_impure_ptr
                0x000000000800b5ec        0x4 c:/st/stm32cubeide_1.3.0/stm32cubeide/plugins/com.st.stm32cube.ide.mcu.externaltools.gnu-tools-for-stm32.7-2018-q2-update.win32_1.0.0.201904181610/tools/bin/../lib/gcc/arm-none-eabi/7.3.1/../../../../arm-none-eabi/lib/thumb/v7-m\libc_nano.a(lib_a-impure.o)
                0x000000000800b5ec                _global_impure_ptr
 .rodata.__sf_fake_stderr
                0x000000000800b5f0       0x20 c:/st/stm32cubeide_1.3.0/stm32cubeide/plugins/com.st.stm32cube.ide.mcu.externaltools.gnu-tools-for-stm32.7-2018-q2-update.win32_1.0.0.201904181610/tools/bin/../lib/gcc/arm-none-eabi/7.3.1/../../../../arm-none-eabi/lib/thumb/v7-m\libc_nano.a(lib_a-findfp.o)
                0x000000000800b5f0                __sf_fake_stderr
 .rodata.__sf_fake_stdin
                0x000000000800b610       0x20 c:/st/stm32cubeide_1.3.0/stm32cubeide/plugins/com.st.stm32cube.ide.mcu.externaltools.gnu-tools-for-stm32.7-2018-q2-update.win32_1.0.0.201904181610/tools/bin/../lib/gcc/arm-none-eabi/7.3.1/../../../../arm-none-eabi/lib/thumb/v7-m\libc_nano.a(lib_a-findfp.o)
                0x000000000800b610                __sf_fake_stdin
 .rodata.__sf_fake_stdout
                0x000000000800b630       0x20 c:/st/stm32cubeide_1.3.0/stm32cubeide/plugins/com.st.stm32cube.ide.mcu.externaltools.gnu-tools-for-stm32.7-2018-q2-update.win32_1.0.0.201904181610/tools/bin/../lib/gcc/arm-none-eabi/7.3.1/../../../../arm-none-eabi/lib/thumb/v7-m\libc_nano.a(lib_a-findfp.o)
                0x000000000800b630                __sf_fake_stdout
 .rodata._vfprintf_r.str1.1
                0x000000000800b650       0x11 c:/st/stm32cubeide_1.3.0/stm32cubeide/plugins/com.st.stm32cube.ide.mcu.externaltools.gnu-tools-for-stm32.7-2018-q2-update.win32_1.0.0.201904181610/tools/bin/../lib/gcc/arm-none-eabi/7.3.1/../../../../arm-none-eabi/lib/thumb/v7-m\libc_nano.a(lib_a-nano-vfprintf.o)
 .rodata._printf_i.str1.1
                0x000000000800b661       0x22 c:/st/stm32cubeide_1.3.0/stm32cubeide/plugins/com.st.stm32cube.ide.mcu.externaltools.gnu-tools-for-stm32.7-2018-q2-update.win32_1.0.0.201904181610/tools/bin/../lib/gcc/arm-none-eabi/7.3.1/../../../../arm-none-eabi/lib/thumb/v7-m\libc_nano.a(lib_a-nano-vfprintf_i.o)
                0x000000000800b684                . = ALIGN (0x4)
 *fill*         0x000000000800b683        0x1 

.rel.dyn        0x000000000800b684        0x0
 .rel.iplt      0x000000000800b684        0x0 c:/st/stm32cubeide_1.3.0/stm32cubeide/plugins/com.st.stm32cube.ide.mcu.externaltools.gnu-tools-for-stm32.7-2018-q2-update.win32_1.0.0.201904181610/tools/bin/../lib/gcc/arm-none-eabi/7.3.1/thumb/v7-m/crtbegin.o

.ARM.extab      0x000000000800b684        0x0
                0x000000000800b684                . = ALIGN (0x4)
 *(.ARM.extab* .gnu.linkonce.armextab.*)
                0x000000000800b684                . = ALIGN (0x4)

.ARM            0x000000000800b684        0x0
                0x000000000800b684                . = ALIGN (0x4)
                0x000000000800b684                __exidx_start = .
 *(.ARM.exidx*)
                0x000000000800b684                __exidx_end = .
                0x000000000800b684                . = ALIGN (0x4)

.preinit_array  0x000000000800b684        0x0
                0x000000000800b684                . = ALIGN (0x4)
                0x000000000800b684                PROVIDE (__preinit_array_start = .)
 *(.preinit_array*)
                0x000000000800b684                PROVIDE (__preinit_array_end = .)
                0x000000000800b684                . = ALIGN (0x4)

.init_array     0x000000000800b684        0x4
                0x000000000800b684                . = ALIGN (0x4)
                0x000000000800b684                PROVIDE (__init_array_start = .)
 *(SORT_BY_NAME(.init_array.*))
 *(.init_array*)
 .init_array    0x000000000800b684        0x4 c:/st/stm32cubeide_1.3.0/stm32cubeide/plugins/com.st.stm32cube.ide.mcu.externaltools.gnu-tools-for-stm32.7-2018-q2-update.win32_1.0.0.201904181610/tools/bin/../lib/gcc/arm-none-eabi/7.3.1/thumb/v7-m/crtbegin.o
                0x000000000800b688                PROVIDE (__init_array_end = .)
                0x000000000800b688                . = ALIGN (0x4)

.fini_array     0x000000000800b688        0x4
                0x000000000800b688                . = ALIGN (0x4)
                [!provide]                        PROVIDE (__fini_array_start = .)
 *(SORT_BY_NAME(.fini_array.*))
 *(.fini_array*)
 .fini_array    0x000000000800b688        0x4 c:/st/stm32cubeide_1.3.0/stm32cubeide/plugins/com.st.stm32cube.ide.mcu.externaltools.gnu-tools-for-stm32.7-2018-q2-update.win32_1.0.0.201904181610/tools/bin/../lib/gcc/arm-none-eabi/7.3.1/thumb/v7-m/crtbegin.o
                [!provide]                        PROVIDE (__fini_array_end = .)
                0x000000000800b68c                . = ALIGN (0x4)
                0x000000000800b68c                _sidata = LOADADDR (.data)

.data           0x0000000020000000       0x74 load address 0x000000000800b68c
                0x0000000020000000                . = ALIGN (0x4)
                0x0000000020000000                _sdata = .
 *(.data)
 *(.data*)
 .data.key_up.5808
                0x0000000020000000        0x1 Core/Src/key.o
 *fill*         0x0000000020000001        0x1 
 .data.BACK_COLOR
                0x0000000020000002        0x2 Core/Src/lcd.o
                0x0000000020000002                BACK_COLOR
 .data.SystemCoreClock
                0x0000000020000004        0x4 Core/Src/system_stm32f1xx.o
                0x0000000020000004                SystemCoreClock
 .data.uwTickPrio
                0x0000000020000008        0x4 Drivers/STM32F1xx_HAL_Driver/Src/stm32f1xx_hal.o
                0x0000000020000008                uwTickPrio
 .data.uwTickFreq
                0x000000002000000c        0x1 Drivers/STM32F1xx_HAL_Driver/Src/stm32f1xx_hal.o
                0x000000002000000c                uwTickFreq
 *fill*         0x000000002000000d        0x3 
 .data._impure_ptr
                0x0000000020000010        0x4 c:/st/stm32cubeide_1.3.0/stm32cubeide/plugins/com.st.stm32cube.ide.mcu.externaltools.gnu-tools-for-stm32.7-2018-q2-update.win32_1.0.0.201904181610/tools/bin/../lib/gcc/arm-none-eabi/7.3.1/../../../../arm-none-eabi/lib/thumb/v7-m\libc_nano.a(lib_a-impure.o)
                0x0000000020000010                _impure_ptr
 .data.impure_data
                0x0000000020000014       0x60 c:/st/stm32cubeide_1.3.0/stm32cubeide/plugins/com.st.stm32cube.ide.mcu.externaltools.gnu-tools-for-stm32.7-2018-q2-update.win32_1.0.0.201904181610/tools/bin/../lib/gcc/arm-none-eabi/7.3.1/../../../../arm-none-eabi/lib/thumb/v7-m\libc_nano.a(lib_a-impure.o)
                0x0000000020000074                . = ALIGN (0x4)
                0x0000000020000074                _edata = .

.igot.plt       0x0000000020000074        0x0 load address 0x000000000800b700
 .igot.plt      0x0000000020000074        0x0 c:/st/stm32cubeide_1.3.0/stm32cubeide/plugins/com.st.stm32cube.ide.mcu.externaltools.gnu-tools-for-stm32.7-2018-q2-update.win32_1.0.0.201904181610/tools/bin/../lib/gcc/arm-none-eabi/7.3.1/thumb/v7-m/crtbegin.o
                0x0000000020000074                . = ALIGN (0x4)

.bss            0x0000000020000074       0xf4 load address 0x000000000800b700
                0x0000000020000074                _sbss = .
                0x0000000020000074                __bss_start__ = _sbss
 *(.bss)
 .bss           0x0000000020000074       0x1c c:/st/stm32cubeide_1.3.0/stm32cubeide/plugins/com.st.stm32cube.ide.mcu.externaltools.gnu-tools-for-stm32.7-2018-q2-update.win32_1.0.0.201904181610/tools/bin/../lib/gcc/arm-none-eabi/7.3.1/thumb/v7-m/crtbegin.o
 *(.bss*)
 .bss.fac_us    0x0000000020000090        0x4 Core/Src/delay.o
 .bss.POINT_COLOR
                0x0000000020000094        0x2 Core/Src/lcd.o
                0x0000000020000094                POINT_COLOR
 *fill*         0x0000000020000096        0x2 
 .bss.heap_end.5149
                0x0000000020000098        0x4 Core/Src/sysmem.o
 .bss.__malloc_free_list
                0x000000002000009c        0x4 c:/st/stm32cubeide_1.3.0/stm32cubeide/plugins/com.st.stm32cube.ide.mcu.externaltools.gnu-tools-for-stm32.7-2018-q2-update.win32_1.0.0.201904181610/tools/bin/../lib/gcc/arm-none-eabi/7.3.1/../../../../arm-none-eabi/lib/thumb/v7-m\libc_nano.a(lib_a-nano-mallocr.o)
                0x000000002000009c                __malloc_free_list
 .bss.__malloc_sbrk_start
                0x00000000200000a0        0x4 c:/st/stm32cubeide_1.3.0/stm32cubeide/plugins/com.st.stm32cube.ide.mcu.externaltools.gnu-tools-for-stm32.7-2018-q2-update.win32_1.0.0.201904181610/tools/bin/../lib/gcc/arm-none-eabi/7.3.1/../../../../arm-none-eabi/lib/thumb/v7-m\libc_nano.a(lib_a-nano-mallocr.o)
                0x00000000200000a0                __malloc_sbrk_start
 *(COMMON)
 COMMON         0x00000000200000a4        0xe Core/Src/lcd.o
                0x00000000200000a4                lcddev
 *fill*         0x00000000200000b2        0x2 
 COMMON         0x00000000200000b4       0x14 Core/Src/main.o
                0x00000000200000b4                rxBuffer
 COMMON         0x00000000200000c8       0x58 Core/Src/spi.o
                0x00000000200000c8                SPI1_Handler
 COMMON         0x0000000020000120       0x40 Core/Src/usart.o
                0x0000000020000120                huart1
 COMMON         0x0000000020000160        0x4 Drivers/STM32F1xx_HAL_Driver/Src/stm32f1xx_hal.o
                0x0000000020000160                uwTick
 COMMON         0x0000000020000164        0x4 c:/st/stm32cubeide_1.3.0/stm32cubeide/plugins/com.st.stm32cube.ide.mcu.externaltools.gnu-tools-for-stm32.7-2018-q2-update.win32_1.0.0.201904181610/tools/bin/../lib/gcc/arm-none-eabi/7.3.1/../../../../arm-none-eabi/lib/thumb/v7-m\libc_nano.a(lib_a-reent.o)
                0x0000000020000164                errno
                0x0000000020000168                . = ALIGN (0x4)
                0x0000000020000168                _ebss = .
                0x0000000020000168                __bss_end__ = _ebss

._user_heap_stack
                0x0000000020000168      0x600 load address 0x000000000800b700
                0x0000000020000168                . = ALIGN (0x8)
                0x0000000020000168                PROVIDE (end = .)
                [!provide]                        PROVIDE (_end = .)
                0x0000000020000368                . = (. + _Min_Heap_Size)
 *fill*         0x0000000020000168      0x200 
                0x0000000020000768                . = (. + _Min_Stack_Size)
 *fill*         0x0000000020000368      0x400 
                0x0000000020000768                . = ALIGN (0x8)

/DISCARD/
 libc.a(*)
 libm.a(*)
 libgcc.a(*)

.ARM.attributes
                0x0000000000000000       0x29
 *(.ARM.attributes)
 .ARM.attributes
                0x0000000000000000       0x1d c:/st/stm32cubeide_1.3.0/stm32cubeide/plugins/com.st.stm32cube.ide.mcu.externaltools.gnu-tools-for-stm32.7-2018-q2-update.win32_1.0.0.201904181610/tools/bin/../lib/gcc/arm-none-eabi/7.3.1/thumb/v7-m/crti.o
 .ARM.attributes
                0x000000000000001d       0x2d c:/st/stm32cubeide_1.3.0/stm32cubeide/plugins/com.st.stm32cube.ide.mcu.externaltools.gnu-tools-for-stm32.7-2018-q2-update.win32_1.0.0.201904181610/tools/bin/../lib/gcc/arm-none-eabi/7.3.1/thumb/v7-m/crtbegin.o
 .ARM.attributes
                0x000000000000004a       0x33 Core/Src/24l01.o
 .ARM.attributes
                0x000000000000007d       0x33 Core/Src/delay.o
 .ARM.attributes
                0x00000000000000b0       0x33 Core/Src/key.o
 .ARM.attributes
                0x00000000000000e3       0x33 Core/Src/lcd.o
 .ARM.attributes
                0x0000000000000116       0x33 Core/Src/led.o
 .ARM.attributes
                0x0000000000000149       0x33 Core/Src/main.o
 .ARM.attributes
                0x000000000000017c       0x33 Core/Src/spi.o
 .ARM.attributes
                0x00000000000001af       0x33 Core/Src/stm32f1xx_hal_msp.o
 .ARM.attributes
                0x00000000000001e2       0x33 Core/Src/stm32f1xx_it.o
 .ARM.attributes
                0x0000000000000215       0x33 Core/Src/sys.o
 .ARM.attributes
                0x0000000000000248       0x33 Core/Src/syscalls.o
 .ARM.attributes
                0x000000000000027b       0x33 Core/Src/sysmem.o
 .ARM.attributes
                0x00000000000002ae       0x33 Core/Src/system_stm32f1xx.o
 .ARM.attributes
                0x00000000000002e1       0x33 Core/Src/usart.o
 .ARM.attributes
                0x0000000000000314       0x21 Core/Startup/startup_stm32f103rctx.o
 .ARM.attributes
                0x0000000000000335       0x33 Drivers/STM32F1xx_HAL_Driver/Src/stm32f1xx_hal.o
 .ARM.attributes
                0x0000000000000368       0x33 Drivers/STM32F1xx_HAL_Driver/Src/stm32f1xx_hal_cortex.o
 .ARM.attributes
                0x000000000000039b       0x33 Drivers/STM32F1xx_HAL_Driver/Src/stm32f1xx_hal_dma.o
 .ARM.attributes
                0x00000000000003ce       0x33 Drivers/STM32F1xx_HAL_Driver/Src/stm32f1xx_hal_gpio.o
 .ARM.attributes
                0x0000000000000401       0x33 Drivers/STM32F1xx_HAL_Driver/Src/stm32f1xx_hal_rcc.o
 .ARM.attributes
                0x0000000000000434       0x33 Drivers/STM32F1xx_HAL_Driver/Src/stm32f1xx_hal_spi.o
 .ARM.attributes
                0x0000000000000467       0x33 Drivers/STM32F1xx_HAL_Driver/Src/stm32f1xx_hal_uart.o
 .ARM.attributes
                0x000000000000049a       0x2d c:/st/stm32cubeide_1.3.0/stm32cubeide/plugins/com.st.stm32cube.ide.mcu.externaltools.gnu-tools-for-stm32.7-2018-q2-update.win32_1.0.0.201904181610/tools/bin/../lib/gcc/arm-none-eabi/7.3.1/../../../../arm-none-eabi/lib/thumb/v7-m\libc_nano.a(lib_a-errno.o)
 .ARM.attributes
                0x00000000000004c7       0x2d c:/st/stm32cubeide_1.3.0/stm32cubeide/plugins/com.st.stm32cube.ide.mcu.externaltools.gnu-tools-for-stm32.7-2018-q2-update.win32_1.0.0.201904181610/tools/bin/../lib/gcc/arm-none-eabi/7.3.1/../../../../arm-none-eabi/lib/thumb/v7-m\libc_nano.a(lib_a-impure.o)
 .ARM.attributes
                0x00000000000004f4       0x2d c:/st/stm32cubeide_1.3.0/stm32cubeide/plugins/com.st.stm32cube.ide.mcu.externaltools.gnu-tools-for-stm32.7-2018-q2-update.win32_1.0.0.201904181610/tools/bin/../lib/gcc/arm-none-eabi/7.3.1/../../../../arm-none-eabi/lib/thumb/v7-m\libc_nano.a(lib_a-init.o)
 .ARM.attributes
                0x0000000000000521       0x2d c:/st/stm32cubeide_1.3.0/stm32cubeide/plugins/com.st.stm32cube.ide.mcu.externaltools.gnu-tools-for-stm32.7-2018-q2-update.win32_1.0.0.201904181610/tools/bin/../lib/gcc/arm-none-eabi/7.3.1/../../../../arm-none-eabi/lib/thumb/v7-m\libc_nano.a(lib_a-memset.o)
 .ARM.attributes
                0x000000000000054e       0x2d c:/st/stm32cubeide_1.3.0/stm32cubeide/plugins/com.st.stm32cube.ide.mcu.externaltools.gnu-tools-for-stm32.7-2018-q2-update.win32_1.0.0.201904181610/tools/bin/../lib/gcc/arm-none-eabi/7.3.1/../../../../arm-none-eabi/lib/thumb/v7-m\libc_nano.a(lib_a-printf.o)
 .ARM.attributes
                0x000000000000057b       0x2d c:/st/stm32cubeide_1.3.0/stm32cubeide/plugins/com.st.stm32cube.ide.mcu.externaltools.gnu-tools-for-stm32.7-2018-q2-update.win32_1.0.0.201904181610/tools/bin/../lib/gcc/arm-none-eabi/7.3.1/../../../../arm-none-eabi/lib/thumb/v7-m\libc_nano.a(lib_a-findfp.o)
 .ARM.attributes
                0x00000000000005a8       0x2d c:/st/stm32cubeide_1.3.0/stm32cubeide/plugins/com.st.stm32cube.ide.mcu.externaltools.gnu-tools-for-stm32.7-2018-q2-update.win32_1.0.0.201904181610/tools/bin/../lib/gcc/arm-none-eabi/7.3.1/../../../../arm-none-eabi/lib/thumb/v7-m\libc_nano.a(lib_a-fwalk.o)
 .ARM.attributes
                0x00000000000005d5       0x2d c:/st/stm32cubeide_1.3.0/stm32cubeide/plugins/com.st.stm32cube.ide.mcu.externaltools.gnu-tools-for-stm32.7-2018-q2-update.win32_1.0.0.201904181610/tools/bin/../lib/gcc/arm-none-eabi/7.3.1/../../../../arm-none-eabi/lib/thumb/v7-m\libc_nano.a(lib_a-nano-mallocr.o)
 .ARM.attributes
                0x0000000000000602       0x2d c:/st/stm32cubeide_1.3.0/stm32cubeide/plugins/com.st.stm32cube.ide.mcu.externaltools.gnu-tools-for-stm32.7-2018-q2-update.win32_1.0.0.201904181610/tools/bin/../lib/gcc/arm-none-eabi/7.3.1/../../../../arm-none-eabi/lib/thumb/v7-m\libc_nano.a(lib_a-nano-vfprintf.o)
 .ARM.attributes
                0x000000000000062f       0x2d c:/st/stm32cubeide_1.3.0/stm32cubeide/plugins/com.st.stm32cube.ide.mcu.externaltools.gnu-tools-for-stm32.7-2018-q2-update.win32_1.0.0.201904181610/tools/bin/../lib/gcc/arm-none-eabi/7.3.1/../../../../arm-none-eabi/lib/thumb/v7-m\libc_nano.a(lib_a-nano-vfprintf_i.o)
 .ARM.attributes
                0x000000000000065c       0x2d c:/st/stm32cubeide_1.3.0/stm32cubeide/plugins/com.st.stm32cube.ide.mcu.externaltools.gnu-tools-for-stm32.7-2018-q2-update.win32_1.0.0.201904181610/tools/bin/../lib/gcc/arm-none-eabi/7.3.1/../../../../arm-none-eabi/lib/thumb/v7-m\libc_nano.a(lib_a-sbrkr.o)
 .ARM.attributes
                0x0000000000000689       0x2d c:/st/stm32cubeide_1.3.0/stm32cubeide/plugins/com.st.stm32cube.ide.mcu.externaltools.gnu-tools-for-stm32.7-2018-q2-update.win32_1.0.0.201904181610/tools/bin/../lib/gcc/arm-none-eabi/7.3.1/../../../../arm-none-eabi/lib/thumb/v7-m\libc_nano.a(lib_a-stdio.o)
 .ARM.attributes
                0x00000000000006b6       0x2d c:/st/stm32cubeide_1.3.0/stm32cubeide/plugins/com.st.stm32cube.ide.mcu.externaltools.gnu-tools-for-stm32.7-2018-q2-update.win32_1.0.0.201904181610/tools/bin/../lib/gcc/arm-none-eabi/7.3.1/../../../../arm-none-eabi/lib/thumb/v7-m\libc_nano.a(lib_a-wbuf.o)
 .ARM.attributes
                0x00000000000006e3       0x2d c:/st/stm32cubeide_1.3.0/stm32cubeide/plugins/com.st.stm32cube.ide.mcu.externaltools.gnu-tools-for-stm32.7-2018-q2-update.win32_1.0.0.201904181610/tools/bin/../lib/gcc/arm-none-eabi/7.3.1/../../../../arm-none-eabi/lib/thumb/v7-m\libc_nano.a(lib_a-writer.o)
 .ARM.attributes
                0x0000000000000710       0x2d c:/st/stm32cubeide_1.3.0/stm32cubeide/plugins/com.st.stm32cube.ide.mcu.externaltools.gnu-tools-for-stm32.7-2018-q2-update.win32_1.0.0.201904181610/tools/bin/../lib/gcc/arm-none-eabi/7.3.1/../../../../arm-none-eabi/lib/thumb/v7-m\libc_nano.a(lib_a-wsetup.o)
 .ARM.attributes
                0x000000000000073d       0x2d c:/st/stm32cubeide_1.3.0/stm32cubeide/plugins/com.st.stm32cube.ide.mcu.externaltools.gnu-tools-for-stm32.7-2018-q2-update.win32_1.0.0.201904181610/tools/bin/../lib/gcc/arm-none-eabi/7.3.1/../../../../arm-none-eabi/lib/thumb/v7-m\libc_nano.a(lib_a-closer.o)
 .ARM.attributes
                0x000000000000076a       0x2d c:/st/stm32cubeide_1.3.0/stm32cubeide/plugins/com.st.stm32cube.ide.mcu.externaltools.gnu-tools-for-stm32.7-2018-q2-update.win32_1.0.0.201904181610/tools/bin/../lib/gcc/arm-none-eabi/7.3.1/../../../../arm-none-eabi/lib/thumb/v7-m\libc_nano.a(lib_a-fflush.o)
 .ARM.attributes
                0x0000000000000797       0x2d c:/st/stm32cubeide_1.3.0/stm32cubeide/plugins/com.st.stm32cube.ide.mcu.externaltools.gnu-tools-for-stm32.7-2018-q2-update.win32_1.0.0.201904181610/tools/bin/../lib/gcc/arm-none-eabi/7.3.1/../../../../arm-none-eabi/lib/thumb/v7-m\libc_nano.a(lib_a-lseekr.o)
 .ARM.attributes
                0x00000000000007c4       0x2d c:/st/stm32cubeide_1.3.0/stm32cubeide/plugins/com.st.stm32cube.ide.mcu.externaltools.gnu-tools-for-stm32.7-2018-q2-update.win32_1.0.0.201904181610/tools/bin/../lib/gcc/arm-none-eabi/7.3.1/../../../../arm-none-eabi/lib/thumb/v7-m\libc_nano.a(lib_a-makebuf.o)
 .ARM.attributes
                0x00000000000007f1       0x2d c:/st/stm32cubeide_1.3.0/stm32cubeide/plugins/com.st.stm32cube.ide.mcu.externaltools.gnu-tools-for-stm32.7-2018-q2-update.win32_1.0.0.201904181610/tools/bin/../lib/gcc/arm-none-eabi/7.3.1/../../../../arm-none-eabi/lib/thumb/v7-m\libc_nano.a(lib_a-memchr-stub.o)
 .ARM.attributes
                0x000000000000081e       0x2d c:/st/stm32cubeide_1.3.0/stm32cubeide/plugins/com.st.stm32cube.ide.mcu.externaltools.gnu-tools-for-stm32.7-2018-q2-update.win32_1.0.0.201904181610/tools/bin/../lib/gcc/arm-none-eabi/7.3.1/../../../../arm-none-eabi/lib/thumb/v7-m\libc_nano.a(lib_a-mlock.o)
 .ARM.attributes
                0x000000000000084b       0x2d c:/st/stm32cubeide_1.3.0/stm32cubeide/plugins/com.st.stm32cube.ide.mcu.externaltools.gnu-tools-for-stm32.7-2018-q2-update.win32_1.0.0.201904181610/tools/bin/../lib/gcc/arm-none-eabi/7.3.1/../../../../arm-none-eabi/lib/thumb/v7-m\libc_nano.a(lib_a-nano-freer.o)
 .ARM.attributes
                0x0000000000000878       0x2d c:/st/stm32cubeide_1.3.0/stm32cubeide/plugins/com.st.stm32cube.ide.mcu.externaltools.gnu-tools-for-stm32.7-2018-q2-update.win32_1.0.0.201904181610/tools/bin/../lib/gcc/arm-none-eabi/7.3.1/../../../../arm-none-eabi/lib/thumb/v7-m\libc_nano.a(lib_a-readr.o)
 .ARM.attributes
                0x00000000000008a5       0x2d c:/st/stm32cubeide_1.3.0/stm32cubeide/plugins/com.st.stm32cube.ide.mcu.externaltools.gnu-tools-for-stm32.7-2018-q2-update.win32_1.0.0.201904181610/tools/bin/../lib/gcc/arm-none-eabi/7.3.1/../../../../arm-none-eabi/lib/thumb/v7-m\libc_nano.a(lib_a-reent.o)
 .ARM.attributes
                0x00000000000008d2       0x2d c:/st/stm32cubeide_1.3.0/stm32cubeide/plugins/com.st.stm32cube.ide.mcu.externaltools.gnu-tools-for-stm32.7-2018-q2-update.win32_1.0.0.201904181610/tools/bin/../lib/gcc/arm-none-eabi/7.3.1/../../../../arm-none-eabi/lib/thumb/v7-m\libc_nano.a(lib_a-fstatr.o)
 .ARM.attributes
                0x00000000000008ff       0x2d c:/st/stm32cubeide_1.3.0/stm32cubeide/plugins/com.st.stm32cube.ide.mcu.externaltools.gnu-tools-for-stm32.7-2018-q2-update.win32_1.0.0.201904181610/tools/bin/../lib/gcc/arm-none-eabi/7.3.1/../../../../arm-none-eabi/lib/thumb/v7-m\libc_nano.a(lib_a-isattyr.o)
 .ARM.attributes
                0x000000000000092c       0x1d c:/st/stm32cubeide_1.3.0/stm32cubeide/plugins/com.st.stm32cube.ide.mcu.externaltools.gnu-tools-for-stm32.7-2018-q2-update.win32_1.0.0.201904181610/tools/bin/../lib/gcc/arm-none-eabi/7.3.1/thumb/v7-m\libgcc.a(_arm_addsubdf3.o)
 .ARM.attributes
                0x0000000000000949       0x1d c:/st/stm32cubeide_1.3.0/stm32cubeide/plugins/com.st.stm32cube.ide.mcu.externaltools.gnu-tools-for-stm32.7-2018-q2-update.win32_1.0.0.201904181610/tools/bin/../lib/gcc/arm-none-eabi/7.3.1/thumb/v7-m\libgcc.a(_arm_muldivdf3.o)
 .ARM.attributes
                0x0000000000000966       0x1d c:/st/stm32cubeide_1.3.0/stm32cubeide/plugins/com.st.stm32cube.ide.mcu.externaltools.gnu-tools-for-stm32.7-2018-q2-update.win32_1.0.0.201904181610/tools/bin/../lib/gcc/arm-none-eabi/7.3.1/thumb/v7-m\libgcc.a(_arm_fixunsdfsi.o)
 .ARM.attributes
                0x0000000000000983       0x1d c:/st/stm32cubeide_1.3.0/stm32cubeide/plugins/com.st.stm32cube.ide.mcu.externaltools.gnu-tools-for-stm32.7-2018-q2-update.win32_1.0.0.201904181610/tools/bin/../lib/gcc/arm-none-eabi/7.3.1/thumb/v7-m/crtn.o
OUTPUT(NRFTest.elf elf32-littlearm)

.debug_info     0x0000000000000000     0xc97b
 .debug_info    0x0000000000000000      0xa27 Core/Src/24l01.o
 .debug_info    0x0000000000000a27      0x2c1 Core/Src/delay.o
 .debug_info    0x0000000000000ce8      0x36a Core/Src/key.o
 .debug_info    0x0000000000001052     0x1afa Core/Src/lcd.o
 .debug_info    0x0000000000002b4c      0x341 Core/Src/led.o
 .debug_info    0x0000000000002e8d     0x113c Core/Src/main.o
 .debug_info    0x0000000000003fc9      0x83a Core/Src/spi.o
 .debug_info    0x0000000000004803      0x2d6 Core/Src/stm32f1xx_hal_msp.o
 .debug_info    0x0000000000004ad9      0x65e Core/Src/stm32f1xx_it.o
 .debug_info    0x0000000000005137      0x32a Core/Src/sys.o
 .debug_info    0x0000000000005461      0xebd Core/Src/syscalls.o
 .debug_info    0x000000000000631e      0x91c Core/Src/sysmem.o
 .debug_info    0x0000000000006c3a      0x29a Core/Src/system_stm32f1xx.o
 .debug_info    0x0000000000006ed4      0x95f Core/Src/usart.o
 .debug_info    0x0000000000007833       0x22 Core/Startup/startup_stm32f103rctx.o
 .debug_info    0x0000000000007855      0x77a Drivers/STM32F1xx_HAL_Driver/Src/stm32f1xx_hal.o
 .debug_info    0x0000000000007fcf      0xbb7 Drivers/STM32F1xx_HAL_Driver/Src/stm32f1xx_hal_cortex.o
 .debug_info    0x0000000000008b86      0x7b1 Drivers/STM32F1xx_HAL_Driver/Src/stm32f1xx_hal_dma.o
 .debug_info    0x0000000000009337      0x69b Drivers/STM32F1xx_HAL_Driver/Src/stm32f1xx_hal_gpio.o
 .debug_info    0x00000000000099d2      0x80f Drivers/STM32F1xx_HAL_Driver/Src/stm32f1xx_hal_rcc.o
 .debug_info    0x000000000000a1e1     0x157f Drivers/STM32F1xx_HAL_Driver/Src/stm32f1xx_hal_spi.o
 .debug_info    0x000000000000b760     0x121b Drivers/STM32F1xx_HAL_Driver/Src/stm32f1xx_hal_uart.o

.debug_abbrev   0x0000000000000000     0x26a0
 .debug_abbrev  0x0000000000000000      0x1e4 Core/Src/24l01.o
 .debug_abbrev  0x00000000000001e4      0x163 Core/Src/delay.o
 .debug_abbrev  0x0000000000000347      0x16c Core/Src/key.o
 .debug_abbrev  0x00000000000004b3      0x31e Core/Src/lcd.o
 .debug_abbrev  0x00000000000007d1      0x134 Core/Src/led.o
 .debug_abbrev  0x0000000000000905      0x201 Core/Src/main.o
 .debug_abbrev  0x0000000000000b06      0x1dc Core/Src/spi.o
 .debug_abbrev  0x0000000000000ce2      0x109 Core/Src/stm32f1xx_hal_msp.o
 .debug_abbrev  0x0000000000000deb      0x15a Core/Src/stm32f1xx_it.o
 .debug_abbrev  0x0000000000000f45      0x138 Core/Src/sys.o
 .debug_abbrev  0x000000000000107d      0x261 Core/Src/syscalls.o
 .debug_abbrev  0x00000000000012de      0x1bb Core/Src/sysmem.o
 .debug_abbrev  0x0000000000001499      0x134 Core/Src/system_stm32f1xx.o
 .debug_abbrev  0x00000000000015cd      0x1a2 Core/Src/usart.o
 .debug_abbrev  0x000000000000176f       0x12 Core/Startup/startup_stm32f103rctx.o
 .debug_abbrev  0x0000000000001781      0x1c7 Drivers/STM32F1xx_HAL_Driver/Src/stm32f1xx_hal.o
 .debug_abbrev  0x0000000000001948      0x2d5 Drivers/STM32F1xx_HAL_Driver/Src/stm32f1xx_hal_cortex.o
 .debug_abbrev  0x0000000000001c1d      0x1fe Drivers/STM32F1xx_HAL_Driver/Src/stm32f1xx_hal_dma.o
 .debug_abbrev  0x0000000000001e1b      0x1c0 Drivers/STM32F1xx_HAL_Driver/Src/stm32f1xx_hal_gpio.o
 .debug_abbrev  0x0000000000001fdb      0x243 Drivers/STM32F1xx_HAL_Driver/Src/stm32f1xx_hal_rcc.o
 .debug_abbrev  0x000000000000221e      0x240 Drivers/STM32F1xx_HAL_Driver/Src/stm32f1xx_hal_spi.o
 .debug_abbrev  0x000000000000245e      0x242 Drivers/STM32F1xx_HAL_Driver/Src/stm32f1xx_hal_uart.o

.debug_aranges  0x0000000000000000      0xb48
 .debug_aranges
                0x0000000000000000       0x70 Core/Src/24l01.o
 .debug_aranges
                0x0000000000000070       0x30 Core/Src/delay.o
 .debug_aranges
                0x00000000000000a0       0x28 Core/Src/key.o
 .debug_aranges
                0x00000000000000c8      0x110 Core/Src/lcd.o
 .debug_aranges
                0x00000000000001d8       0x20 Core/Src/led.o
 .debug_aranges
                0x00000000000001f8       0x28 Core/Src/main.o
 .debug_aranges
                0x0000000000000220       0x38 Core/Src/spi.o
 .debug_aranges
                0x0000000000000258       0x20 Core/Src/stm32f1xx_hal_msp.o
 .debug_aranges
                0x0000000000000278       0x68 Core/Src/stm32f1xx_it.o
 .debug_aranges
                0x00000000000002e0       0x38 Core/Src/sys.o
 .debug_aranges
                0x0000000000000318       0xa8 Core/Src/syscalls.o
 .debug_aranges
                0x00000000000003c0       0x20 Core/Src/sysmem.o
 .debug_aranges
                0x00000000000003e0       0x28 Core/Src/system_stm32f1xx.o
 .debug_aranges
                0x0000000000000408       0x30 Core/Src/usart.o
 .debug_aranges
                0x0000000000000438       0x28 Core/Startup/startup_stm32f103rctx.o
 .debug_aranges
                0x0000000000000460       0xe0 Drivers/STM32F1xx_HAL_Driver/Src/stm32f1xx_hal.o
 .debug_aranges
                0x0000000000000540      0x100 Drivers/STM32F1xx_HAL_Driver/Src/stm32f1xx_hal_cortex.o
 .debug_aranges
                0x0000000000000640       0x80 Drivers/STM32F1xx_HAL_Driver/Src/stm32f1xx_hal_dma.o
 .debug_aranges
                0x00000000000006c0       0x58 Drivers/STM32F1xx_HAL_Driver/Src/stm32f1xx_hal_gpio.o
 .debug_aranges
                0x0000000000000718       0x90 Drivers/STM32F1xx_HAL_Driver/Src/stm32f1xx_hal_rcc.o
 .debug_aranges
                0x00000000000007a8      0x1d0 Drivers/STM32F1xx_HAL_Driver/Src/stm32f1xx_hal_spi.o
 .debug_aranges
                0x0000000000000978      0x1d0 Drivers/STM32F1xx_HAL_Driver/Src/stm32f1xx_hal_uart.o

.debug_ranges   0x0000000000000000      0x9f0
 .debug_ranges  0x0000000000000000       0x60 Core/Src/24l01.o
 .debug_ranges  0x0000000000000060       0x20 Core/Src/delay.o
 .debug_ranges  0x0000000000000080       0x18 Core/Src/key.o
 .debug_ranges  0x0000000000000098      0x100 Core/Src/lcd.o
 .debug_ranges  0x0000000000000198       0x10 Core/Src/led.o
 .debug_ranges  0x00000000000001a8       0x18 Core/Src/main.o
 .debug_ranges  0x00000000000001c0       0x28 Core/Src/spi.o
 .debug_ranges  0x00000000000001e8       0x10 Core/Src/stm32f1xx_hal_msp.o
 .debug_ranges  0x00000000000001f8       0x58 Core/Src/stm32f1xx_it.o
 .debug_ranges  0x0000000000000250       0x28 Core/Src/sys.o
 .debug_ranges  0x0000000000000278       0x98 Core/Src/syscalls.o
 .debug_ranges  0x0000000000000310       0x10 Core/Src/sysmem.o
 .debug_ranges  0x0000000000000320       0x18 Core/Src/system_stm32f1xx.o
 .debug_ranges  0x0000000000000338       0x20 Core/Src/usart.o
 .debug_ranges  0x0000000000000358       0x20 Core/Startup/startup_stm32f103rctx.o
 .debug_ranges  0x0000000000000378       0xd0 Drivers/STM32F1xx_HAL_Driver/Src/stm32f1xx_hal.o
 .debug_ranges  0x0000000000000448       0xf0 Drivers/STM32F1xx_HAL_Driver/Src/stm32f1xx_hal_cortex.o
 .debug_ranges  0x0000000000000538       0x70 Drivers/STM32F1xx_HAL_Driver/Src/stm32f1xx_hal_dma.o
 .debug_ranges  0x00000000000005a8       0x48 Drivers/STM32F1xx_HAL_Driver/Src/stm32f1xx_hal_gpio.o
 .debug_ranges  0x00000000000005f0       0x80 Drivers/STM32F1xx_HAL_Driver/Src/stm32f1xx_hal_rcc.o
 .debug_ranges  0x0000000000000670      0x1c0 Drivers/STM32F1xx_HAL_Driver/Src/stm32f1xx_hal_spi.o
 .debug_ranges  0x0000000000000830      0x1c0 Drivers/STM32F1xx_HAL_Driver/Src/stm32f1xx_hal_uart.o

.debug_macro    0x0000000000000000    0x1b2ee
 .debug_macro   0x0000000000000000      0x1ca Core/Src/24l01.o
 .debug_macro   0x00000000000001ca      0xa5a Core/Src/24l01.o
 .debug_macro   0x0000000000000c24       0x2e Core/Src/24l01.o
 .debug_macro   0x0000000000000c52       0x22 Core/Src/24l01.o
 .debug_macro   0x0000000000000c74       0x22 Core/Src/24l01.o
 .debug_macro   0x0000000000000c96       0x8e Core/Src/24l01.o
 .debug_macro   0x0000000000000d24       0x51 Core/Src/24l01.o
 .debug_macro   0x0000000000000d75       0xef Core/Src/24l01.o
 .debug_macro   0x0000000000000e64       0x6a Core/Src/24l01.o
 .debug_macro   0x0000000000000ece      0x1df Core/Src/24l01.o
 .debug_macro   0x00000000000010ad       0x1c Core/Src/24l01.o
 .debug_macro   0x00000000000010c9       0x22 Core/Src/24l01.o
 .debug_macro   0x00000000000010eb       0xc3 Core/Src/24l01.o
 .debug_macro   0x00000000000011ae      0xd23 Core/Src/24l01.o
 .debug_macro   0x0000000000001ed1     0xfd85 Core/Src/24l01.o
 .debug_macro   0x0000000000011c56       0x43 Core/Src/24l01.o
 .debug_macro   0x0000000000011c99      0x21b Core/Src/24l01.o
 .debug_macro   0x0000000000011eb4     0x3468 Core/Src/24l01.o
 .debug_macro   0x000000000001531c      0x174 Core/Src/24l01.o
 .debug_macro   0x0000000000015490       0x5c Core/Src/24l01.o
 .debug_macro   0x00000000000154ec      0x5be Core/Src/24l01.o
 .debug_macro   0x0000000000015aaa      0x4d5 Core/Src/24l01.o
 .debug_macro   0x0000000000015f7f      0x1cb Core/Src/24l01.o
 .debug_macro   0x000000000001614a      0x114 Core/Src/24l01.o
 .debug_macro   0x000000000001625e      0x1ea Core/Src/24l01.o
 .debug_macro   0x0000000000016448       0x27 Core/Src/24l01.o
 .debug_macro   0x000000000001646f      0x144 Core/Src/24l01.o
 .debug_macro   0x00000000000165b3      0x1bc Core/Src/24l01.o
 .debug_macro   0x000000000001676f       0x30 Core/Src/24l01.o
 .debug_macro   0x000000000001679f       0x3c Core/Src/24l01.o
 .debug_macro   0x00000000000167db       0x57 Core/Src/24l01.o
 .debug_macro   0x0000000000016832       0x88 Core/Src/24l01.o
 .debug_macro   0x00000000000168ba      0x24f Core/Src/24l01.o
 .debug_macro   0x0000000000016b09      0x141 Core/Src/24l01.o
 .debug_macro   0x0000000000016c4a      0x217 Core/Src/24l01.o
 .debug_macro   0x0000000000016e61      0x26b Core/Src/24l01.o
 .debug_macro   0x00000000000170cc       0xb5 Core/Src/24l01.o
 .debug_macro   0x0000000000017181       0xc4 Core/Src/24l01.o
 .debug_macro   0x0000000000017245      0x100 Core/Src/24l01.o
 .debug_macro   0x0000000000017345      0x1b5 Core/Src/delay.o
 .debug_macro   0x00000000000174fa      0x1c0 Core/Src/key.o
 .debug_macro   0x00000000000176ba       0x28 Core/Src/key.o
 .debug_macro   0x00000000000176e2      0x29d Core/Src/lcd.o
 .debug_macro   0x000000000001797f       0x18 Core/Src/lcd.o
 .debug_macro   0x0000000000017997       0x46 Core/Src/lcd.o
 .debug_macro   0x00000000000179dd       0x3c Core/Src/lcd.o
 .debug_macro   0x0000000000017a19       0x34 Core/Src/lcd.o
 .debug_macro   0x0000000000017a4d       0x16 Core/Src/lcd.o
 .debug_macro   0x0000000000017a63       0x35 Core/Src/lcd.o
 .debug_macro   0x0000000000017a98       0x52 Core/Src/lcd.o
 .debug_macro   0x0000000000017aea       0x1f Core/Src/lcd.o
 .debug_macro   0x0000000000017b09       0x43 Core/Src/lcd.o
 .debug_macro   0x0000000000017b4c       0x20 Core/Src/lcd.o
 .debug_macro   0x0000000000017b6c      0x1a3 Core/Src/lcd.o
 .debug_macro   0x0000000000017d0f      0x32a Core/Src/lcd.o
 .debug_macro   0x0000000000018039       0x16 Core/Src/lcd.o
 .debug_macro   0x000000000001804f       0x29 Core/Src/lcd.o
 .debug_macro   0x0000000000018078      0x1ab Core/Src/lcd.o
 .debug_macro   0x0000000000018223      0x1b6 Core/Src/led.o
 .debug_macro   0x00000000000183d9       0x10 Core/Src/led.o
 .debug_macro   0x00000000000183e9      0x2c4 Core/Src/main.o
 .debug_macro   0x00000000000186ad       0xca Core/Src/main.o
 .debug_macro   0x0000000000018777       0x16 Core/Src/main.o
 .debug_macro   0x000000000001878d       0x2e Core/Src/main.o
 .debug_macro   0x00000000000187bb      0x106 Core/Src/main.o
 .debug_macro   0x00000000000188c1      0x1b1 Core/Src/spi.o
 .debug_macro   0x0000000000018a72      0x1a2 Core/Src/stm32f1xx_hal_msp.o
 .debug_macro   0x0000000000018c14      0x1ac Core/Src/stm32f1xx_it.o
 .debug_macro   0x0000000000018dc0      0x1a7 Core/Src/sys.o
 .debug_macro   0x0000000000018f67      0x243 Core/Src/syscalls.o
 .debug_macro   0x00000000000191aa       0x40 Core/Src/syscalls.o
 .debug_macro   0x00000000000191ea       0x94 Core/Src/syscalls.o
 .debug_macro   0x000000000001927e       0x57 Core/Src/syscalls.o
 .debug_macro   0x00000000000192d5      0x330 Core/Src/syscalls.o
 .debug_macro   0x0000000000019605       0x10 Core/Src/syscalls.o
 .debug_macro   0x0000000000019615       0x10 Core/Src/syscalls.o
 .debug_macro   0x0000000000019625       0x10 Core/Src/syscalls.o
 .debug_macro   0x0000000000019635       0x10 Core/Src/syscalls.o
 .debug_macro   0x0000000000019645       0x1c Core/Src/syscalls.o
 .debug_macro   0x0000000000019661       0x52 Core/Src/syscalls.o
 .debug_macro   0x00000000000196b3       0x40 Core/Src/syscalls.o
 .debug_macro   0x00000000000196f3       0x10 Core/Src/syscalls.o
 .debug_macro   0x0000000000019703       0x40 Core/Src/syscalls.o
 .debug_macro   0x0000000000019743       0xd7 Core/Src/syscalls.o
 .debug_macro   0x000000000001981a       0x1c Core/Src/syscalls.o
 .debug_macro   0x0000000000019836       0x3d Core/Src/syscalls.o
 .debug_macro   0x0000000000019873       0x35 Core/Src/syscalls.o
 .debug_macro   0x00000000000198a8      0x122 Core/Src/syscalls.o
 .debug_macro   0x00000000000199ca       0x10 Core/Src/syscalls.o
 .debug_macro   0x00000000000199da      0x241 Core/Src/syscalls.o
 .debug_macro   0x0000000000019c1b       0x1c Core/Src/syscalls.o
 .debug_macro   0x0000000000019c37       0x10 Core/Src/syscalls.o
 .debug_macro   0x0000000000019c47       0x10 Core/Src/syscalls.o
 .debug_macro   0x0000000000019c57       0x16 Core/Src/syscalls.o
 .debug_macro   0x0000000000019c6d      0x145 Core/Src/syscalls.o
 .debug_macro   0x0000000000019db2      0x189 Core/Src/syscalls.o
 .debug_macro   0x0000000000019f3b       0x16 Core/Src/syscalls.o
 .debug_macro   0x0000000000019f51       0x88 Core/Src/syscalls.o
 .debug_macro   0x0000000000019fd9      0x1ae Core/Src/sysmem.o
 .debug_macro   0x000000000001a187      0x23b Core/Src/sysmem.o
 .debug_macro   0x000000000001a3c2       0x16 Core/Src/sysmem.o
 .debug_macro   0x000000000001a3d8      0x198 Core/Src/system_stm32f1xx.o
 .debug_macro   0x000000000001a570      0x1ac Core/Src/usart.o
 .debug_macro   0x000000000001a71c      0x1bc Drivers/STM32F1xx_HAL_Driver/Src/stm32f1xx_hal.o
 .debug_macro   0x000000000001a8d8      0x198 Drivers/STM32F1xx_HAL_Driver/Src/stm32f1xx_hal_cortex.o
 .debug_macro   0x000000000001aa70      0x198 Drivers/STM32F1xx_HAL_Driver/Src/stm32f1xx_hal_dma.o
 .debug_macro   0x000000000001ac08      0x203 Drivers/STM32F1xx_HAL_Driver/Src/stm32f1xx_hal_gpio.o
 .debug_macro   0x000000000001ae0b      0x1aa Drivers/STM32F1xx_HAL_Driver/Src/stm32f1xx_hal_rcc.o
 .debug_macro   0x000000000001afb5      0x1a0 Drivers/STM32F1xx_HAL_Driver/Src/stm32f1xx_hal_spi.o
 .debug_macro   0x000000000001b155      0x199 Drivers/STM32F1xx_HAL_Driver/Src/stm32f1xx_hal_uart.o

.debug_line     0x0000000000000000     0xc06f
 .debug_line    0x0000000000000000      0x7ad Core/Src/24l01.o
 .debug_line    0x00000000000007ad      0x6a1 Core/Src/delay.o
 .debug_line    0x0000000000000e4e      0x6c4 Core/Src/key.o
 .debug_line    0x0000000000001512     0x164f Core/Src/lcd.o
 .debug_line    0x0000000000002b61      0x65f Core/Src/led.o
 .debug_line    0x00000000000031c0      0x870 Core/Src/main.o
 .debug_line    0x0000000000003a30      0x6a1 Core/Src/spi.o
 .debug_line    0x00000000000040d1      0x65e Core/Src/stm32f1xx_hal_msp.o
 .debug_line    0x000000000000472f      0x714 Core/Src/stm32f1xx_it.o
 .debug_line    0x0000000000004e43      0x69e Core/Src/sys.o
 .debug_line    0x00000000000054e1      0x73e Core/Src/syscalls.o
 .debug_line    0x0000000000005c1f      0x55e Core/Src/sysmem.o
 .debug_line    0x000000000000617d      0x685 Core/Src/system_stm32f1xx.o
 .debug_line    0x0000000000006802      0x696 Core/Src/usart.o
 .debug_line    0x0000000000006e98       0x84 Core/Startup/startup_stm32f103rctx.o
 .debug_line    0x0000000000006f1c      0x838 Drivers/STM32F1xx_HAL_Driver/Src/stm32f1xx_hal.o
 .debug_line    0x0000000000007754      0x90f Drivers/STM32F1xx_HAL_Driver/Src/stm32f1xx_hal_cortex.o
 .debug_line    0x0000000000008063      0xf1f Drivers/STM32F1xx_HAL_Driver/Src/stm32f1xx_hal_dma.o
 .debug_line    0x0000000000008f82      0x85c Drivers/STM32F1xx_HAL_Driver/Src/stm32f1xx_hal_gpio.o
 .debug_line    0x00000000000097de      0x8f8 Drivers/STM32F1xx_HAL_Driver/Src/stm32f1xx_hal_rcc.o
 .debug_line    0x000000000000a0d6     0x1023 Drivers/STM32F1xx_HAL_Driver/Src/stm32f1xx_hal_spi.o
 .debug_line    0x000000000000b0f9      0xf76 Drivers/STM32F1xx_HAL_Driver/Src/stm32f1xx_hal_uart.o

.debug_str      0x0000000000000000    0x93e29
 .debug_str     0x0000000000000000    0x8c1e8 Core/Src/24l01.o
                                      0x8c668 (size before relaxing)
 .debug_str     0x000000000008c1e8       0x6c Core/Src/delay.o
                                      0x8bedc (size before relaxing)
 .debug_str     0x000000000008c254       0xd1 Core/Src/key.o
                                      0x8bfc5 (size before relaxing)
 .debug_str     0x000000000008c325     0x3886 Core/Src/lcd.o
                                      0x8fa51 (size before relaxing)
 .debug_str     0x000000000008fbab       0x3f Core/Src/led.o
                                      0x8bf3f (size before relaxing)
 .debug_str     0x000000000008fbea       0x41 Core/Src/main.o
                                      0x8fbf0 (size before relaxing)
 .debug_str     0x000000000008fc2b       0x6f Core/Src/spi.o
                                      0x8c31e (size before relaxing)
 .debug_str     0x000000000008fc9a       0x2c Core/Src/stm32f1xx_hal_msp.o
                                      0x8ba77 (size before relaxing)
 .debug_str     0x000000000008fcc6       0xcf Core/Src/stm32f1xx_it.o
                                      0x8be51 (size before relaxing)
 .debug_str     0x000000000008fd95      0x192 Core/Src/sys.o
                                      0x8bfd7 (size before relaxing)
 .debug_str     0x000000000008ff27     0x22d0 Core/Src/syscalls.o
                                       0x8858 (size before relaxing)
 .debug_str     0x00000000000921f7       0x36 Core/Src/sysmem.o
                                       0x7ab1 (size before relaxing)
 .debug_str     0x000000000009222d       0x52 Core/Src/system_stm32f1xx.o
                                      0x8ba64 (size before relaxing)
 .debug_str     0x000000000009227f      0x363 Core/Src/usart.o
                                      0x8c243 (size before relaxing)
 .debug_str     0x00000000000925e2       0x36 Core/Startup/startup_stm32f103rctx.o
                                         0x56 (size before relaxing)
 .debug_str     0x0000000000092618      0x2cb Drivers/STM32F1xx_HAL_Driver/Src/stm32f1xx_hal.o
                                      0x8c1d9 (size before relaxing)
 .debug_str     0x00000000000928e3      0x2fa Drivers/STM32F1xx_HAL_Driver/Src/stm32f1xx_hal_cortex.o
                                      0x8c1e1 (size before relaxing)
 .debug_str     0x0000000000092bdd      0x235 Drivers/STM32F1xx_HAL_Driver/Src/stm32f1xx_hal_dma.o
                                      0x8be3f (size before relaxing)
 .debug_str     0x0000000000092e12      0x31f Drivers/STM32F1xx_HAL_Driver/Src/stm32f1xx_hal_gpio.o
                                      0x8be28 (size before relaxing)
 .debug_str     0x0000000000093131      0x273 Drivers/STM32F1xx_HAL_Driver/Src/stm32f1xx_hal_rcc.o
                                      0x8be61 (size before relaxing)
 .debug_str     0x00000000000933a4      0x55b Drivers/STM32F1xx_HAL_Driver/Src/stm32f1xx_hal_spi.o
                                      0x8c36f (size before relaxing)
 .debug_str     0x00000000000938ff      0x52a Drivers/STM32F1xx_HAL_Driver/Src/stm32f1xx_hal_uart.o
                                      0x8c367 (size before relaxing)

.comment        0x0000000000000000       0x7b
 .comment       0x0000000000000000       0x7b Core/Src/24l01.o
                                         0x7c (size before relaxing)
 .comment       0x000000000000007b       0x7c Core/Src/delay.o
 .comment       0x000000000000007b       0x7c Core/Src/key.o
 .comment       0x000000000000007b       0x7c Core/Src/lcd.o
 .comment       0x000000000000007b       0x7c Core/Src/led.o
 .comment       0x000000000000007b       0x7c Core/Src/main.o
 .comment       0x000000000000007b       0x7c Core/Src/spi.o
 .comment       0x000000000000007b       0x7c Core/Src/stm32f1xx_hal_msp.o
 .comment       0x000000000000007b       0x7c Core/Src/stm32f1xx_it.o
 .comment       0x000000000000007b       0x7c Core/Src/sys.o
 .comment       0x000000000000007b       0x7c Core/Src/syscalls.o
 .comment       0x000000000000007b       0x7c Core/Src/sysmem.o
 .comment       0x000000000000007b       0x7c Core/Src/system_stm32f1xx.o
 .comment       0x000000000000007b       0x7c Core/Src/usart.o
 .comment       0x000000000000007b       0x7c Drivers/STM32F1xx_HAL_Driver/Src/stm32f1xx_hal.o
 .comment       0x000000000000007b       0x7c Drivers/STM32F1xx_HAL_Driver/Src/stm32f1xx_hal_cortex.o
 .comment       0x000000000000007b       0x7c Drivers/STM32F1xx_HAL_Driver/Src/stm32f1xx_hal_dma.o
 .comment       0x000000000000007b       0x7c Drivers/STM32F1xx_HAL_Driver/Src/stm32f1xx_hal_gpio.o
 .comment       0x000000000000007b       0x7c Drivers/STM32F1xx_HAL_Driver/Src/stm32f1xx_hal_rcc.o
 .comment       0x000000000000007b       0x7c Drivers/STM32F1xx_HAL_Driver/Src/stm32f1xx_hal_spi.o
 .comment       0x000000000000007b       0x7c Drivers/STM32F1xx_HAL_Driver/Src/stm32f1xx_hal_uart.o

.debug_frame    0x0000000000000000     0x3370
 .debug_frame   0x0000000000000000      0x188 Core/Src/24l01.o
 .debug_frame   0x0000000000000188       0x80 Core/Src/delay.o
 .debug_frame   0x0000000000000208       0x58 Core/Src/key.o
 .debug_frame   0x0000000000000260      0x4ac Core/Src/lcd.o
 .debug_frame   0x000000000000070c       0x34 Core/Src/led.o
 .debug_frame   0x0000000000000740       0x50 Core/Src/main.o
 .debug_frame   0x0000000000000790       0x9c Core/Src/spi.o
 .debug_frame   0x000000000000082c       0x38 Core/Src/stm32f1xx_hal_msp.o
 .debug_frame   0x0000000000000864      0x128 Core/Src/stm32f1xx_it.o
 .debug_frame   0x000000000000098c       0x94 Core/Src/sys.o
 .debug_frame   0x0000000000000a20      0x2ac Core/Src/syscalls.o
 .debug_frame   0x0000000000000ccc       0x34 Core/Src/sysmem.o
 .debug_frame   0x0000000000000d00       0x58 Core/Src/system_stm32f1xx.o
 .debug_frame   0x0000000000000d58       0x74 Core/Src/usart.o
 .debug_frame   0x0000000000000dcc      0x334 Drivers/STM32F1xx_HAL_Driver/Src/stm32f1xx_hal.o
 .debug_frame   0x0000000000001100      0x428 Drivers/STM32F1xx_HAL_Driver/Src/stm32f1xx_hal_cortex.o
 .debug_frame   0x0000000000001528      0x20c Drivers/STM32F1xx_HAL_Driver/Src/stm32f1xx_hal_dma.o
 .debug_frame   0x0000000000001734      0x14c Drivers/STM32F1xx_HAL_Driver/Src/stm32f1xx_hal_gpio.o
 .debug_frame   0x0000000000001880      0x21c Drivers/STM32F1xx_HAL_Driver/Src/stm32f1xx_hal_rcc.o
 .debug_frame   0x0000000000001a9c      0x824 Drivers/STM32F1xx_HAL_Driver/Src/stm32f1xx_hal_spi.o
 .debug_frame   0x00000000000022c0      0x834 Drivers/STM32F1xx_HAL_Driver/Src/stm32f1xx_hal_uart.o
 .debug_frame   0x0000000000002af4       0x20 c:/st/stm32cubeide_1.3.0/stm32cubeide/plugins/com.st.stm32cube.ide.mcu.externaltools.gnu-tools-for-stm32.7-2018-q2-update.win32_1.0.0.201904181610/tools/bin/../lib/gcc/arm-none-eabi/7.3.1/../../../../arm-none-eabi/lib/thumb/v7-m\libc_nano.a(lib_a-errno.o)
 .debug_frame   0x0000000000002b14       0x2c c:/st/stm32cubeide_1.3.0/stm32cubeide/plugins/com.st.stm32cube.ide.mcu.externaltools.gnu-tools-for-stm32.7-2018-q2-update.win32_1.0.0.201904181610/tools/bin/../lib/gcc/arm-none-eabi/7.3.1/../../../../arm-none-eabi/lib/thumb/v7-m\libc_nano.a(lib_a-init.o)
 .debug_frame   0x0000000000002b40       0x20 c:/st/stm32cubeide_1.3.0/stm32cubeide/plugins/com.st.stm32cube.ide.mcu.externaltools.gnu-tools-for-stm32.7-2018-q2-update.win32_1.0.0.201904181610/tools/bin/../lib/gcc/arm-none-eabi/7.3.1/../../../../arm-none-eabi/lib/thumb/v7-m\libc_nano.a(lib_a-memset.o)
 .debug_frame   0x0000000000002b60       0x74 c:/st/stm32cubeide_1.3.0/stm32cubeide/plugins/com.st.stm32cube.ide.mcu.externaltools.gnu-tools-for-stm32.7-2018-q2-update.win32_1.0.0.201904181610/tools/bin/../lib/gcc/arm-none-eabi/7.3.1/../../../../arm-none-eabi/lib/thumb/v7-m\libc_nano.a(lib_a-printf.o)
 .debug_frame   0x0000000000002bd4      0x11c c:/st/stm32cubeide_1.3.0/stm32cubeide/plugins/com.st.stm32cube.ide.mcu.externaltools.gnu-tools-for-stm32.7-2018-q2-update.win32_1.0.0.201904181610/tools/bin/../lib/gcc/arm-none-eabi/7.3.1/../../../../arm-none-eabi/lib/thumb/v7-m\libc_nano.a(lib_a-findfp.o)
 .debug_frame   0x0000000000002cf0       0x54 c:/st/stm32cubeide_1.3.0/stm32cubeide/plugins/com.st.stm32cube.ide.mcu.externaltools.gnu-tools-for-stm32.7-2018-q2-update.win32_1.0.0.201904181610/tools/bin/../lib/gcc/arm-none-eabi/7.3.1/../../../../arm-none-eabi/lib/thumb/v7-m\libc_nano.a(lib_a-fwalk.o)