lcd.c:91:6:LCD_WR_REG	16	static
lcd.c:103:6:LCD_WR_DATAX	16	static
lcd.c:114:5:LCD_RD_DATA	16	static
lcd.c:138:6:LCD_WriteReg	16	static
lcd.c:146:5:LCD_ReadReg	16	static
lcd.c:152:6:LCD_WriteRAM_Prepare	8	static
lcd.c:158:6:LCD_WriteRAM	16	static
lcd.c:166:5:LCD_BGR2RGB	24	static
lcd.c:177:6:opt_delay	16	static
lcd.c:184:5:LCD_ReadPoint	24	static
lcd.c:239:6:LCD_DisplayOn	8	static
lcd.c:246:6:LCD_DisplayOff	8	static
lcd.c:255:6:LCD_SetCursor	16	static
lcd.c:306:6:LCD_Scan_Dir	24	static
lcd.c:435:6:LCD_DrawPoint	16	static
lcd.c:444:6:LCD_Fast_DrawPoint	16	static
lcd.c:490:6:LCD_SSD_BackLightSet	24	static
lcd.c:502:6:LCD_Display_Dir	16	static
lcd.c:586:6:LCD_Set_Window	40	static
lcd.c:658:6:LCD_Init	40	static
lcd.c:2693:6:LCD_Clear	24	static
lcd.c:2715:6:LCD_Fill	40	static
lcd.c:2748:6:LCD_Color_Fill	32	static
lcd.c:2764:6:LCD_DrawLine	64	static
lcd.c:2800:6:LCD_DrawRectangle	24	static
lcd.c:2810:6:LCD_Draw_Circle	32	static
lcd.c:2841:6:LCD_ShowChar	32	static
lcd.c:2872:5:LCD_Pow	24	static
lcd.c:2884:6:LCD_ShowNum	48	static
lcd.c:2912:6:LCD_ShowxNum	48	static
lcd.c:2937:6:LCD_ShowString	40	static
