Archive member included to satisfy reference by file (symbol)

/usr/local/Caskroom/gcc-arm-embedded/9-2020-q2-update/gcc-arm-none-eabi-9-2020-q2-update/bin/../lib/gcc/arm-none-eabi/9.3.1/thumb/v7-m/nofp/libgcc.a(_arm_muldf3.o)
                              CMakeFiles/NRFTest.elf.dir/Core/Src/lcd.c.obj (__aeabi_dmul)
/usr/local/Caskroom/gcc-arm-embedded/9-2020-q2-update/gcc-arm-none-eabi-9-2020-q2-update/bin/../lib/gcc/arm-none-eabi/9.3.1/thumb/v7-m/nofp/libgcc.a(_arm_addsubdf3.o)
                              CMakeFiles/NRFTest.elf.dir/Core/Src/lcd.c.obj (__aeabi_i2d)
/usr/local/Caskroom/gcc-arm-embedded/9-2020-q2-update/gcc-arm-none-eabi-9-2020-q2-update/bin/../lib/gcc/arm-none-eabi/9.3.1/thumb/v7-m/nofp/libgcc.a(_arm_fixunsdfsi.o)
                              CMakeFiles/NRFTest.elf.dir/Core/Src/lcd.c.obj (__aeabi_d2uiz)
/usr/local/Caskroom/gcc-arm-embedded/9-2020-q2-update/gcc-arm-none-eabi-9-2020-q2-update/bin/../lib/gcc/arm-none-eabi/9.3.1/../../../../arm-none-eabi/lib/thumb/v7-m/nofp/libg.a(lib_a-errno.o)
                              CMakeFiles/NRFTest.elf.dir/Core/Src/syscalls.c.obj (__errno)
/usr/local/Caskroom/gcc-arm-embedded/9-2020-q2-update/gcc-arm-none-eabi-9-2020-q2-update/bin/../lib/gcc/arm-none-eabi/9.3.1/../../../../arm-none-eabi/lib/thumb/v7-m/nofp/libg.a(lib_a-exit.o)
                              /usr/local/Caskroom/gcc-arm-embedded/9-2020-q2-update/gcc-arm-none-eabi-9-2020-q2-update/bin/../lib/gcc/arm-none-eabi/9.3.1/../../../../arm-none-eabi/lib/thumb/v7-m/nofp/crt0.o (exit)
/usr/local/Caskroom/gcc-arm-embedded/9-2020-q2-update/gcc-arm-none-eabi-9-2020-q2-update/bin/../lib/gcc/arm-none-eabi/9.3.1/../../../../arm-none-eabi/lib/thumb/v7-m/nofp/libg.a(lib_a-impure.o)
                              /usr/local/Caskroom/gcc-arm-embedded/9-2020-q2-update/gcc-arm-none-eabi-9-2020-q2-update/bin/../lib/gcc/arm-none-eabi/9.3.1/../../../../arm-none-eabi/lib/thumb/v7-m/nofp/libg.a(lib_a-exit.o) (_global_impure_ptr)
/usr/local/Caskroom/gcc-arm-embedded/9-2020-q2-update/gcc-arm-none-eabi-9-2020-q2-update/bin/../lib/gcc/arm-none-eabi/9.3.1/../../../../arm-none-eabi/lib/thumb/v7-m/nofp/libg.a(lib_a-init.o)
                              /usr/local/Caskroom/gcc-arm-embedded/9-2020-q2-update/gcc-arm-none-eabi-9-2020-q2-update/bin/../lib/gcc/arm-none-eabi/9.3.1/../../../../arm-none-eabi/lib/thumb/v7-m/nofp/crt0.o (__libc_init_array)
/usr/local/Caskroom/gcc-arm-embedded/9-2020-q2-update/gcc-arm-none-eabi-9-2020-q2-update/bin/../lib/gcc/arm-none-eabi/9.3.1/../../../../arm-none-eabi/lib/thumb/v7-m/nofp/libg.a(lib_a-memset.o)
                              /usr/local/Caskroom/gcc-arm-embedded/9-2020-q2-update/gcc-arm-none-eabi-9-2020-q2-update/bin/../lib/gcc/arm-none-eabi/9.3.1/../../../../arm-none-eabi/lib/thumb/v7-m/nofp/crt0.o (memset)
/usr/local/Caskroom/gcc-arm-embedded/9-2020-q2-update/gcc-arm-none-eabi-9-2020-q2-update/bin/../lib/gcc/arm-none-eabi/9.3.1/../../../../arm-none-eabi/lib/thumb/v7-m/nofp/libg.a(lib_a-printf.o)
                              CMakeFiles/NRFTest.elf.dir/Core/Src/lcd.c.obj (printf)
/usr/local/Caskroom/gcc-arm-embedded/9-2020-q2-update/gcc-arm-none-eabi-9-2020-q2-update/bin/../lib/gcc/arm-none-eabi/9.3.1/../../../../arm-none-eabi/lib/thumb/v7-m/nofp/libg.a(lib_a-vfprintf.o)
                              /usr/local/Caskroom/gcc-arm-embedded/9-2020-q2-update/gcc-arm-none-eabi-9-2020-q2-update/bin/../lib/gcc/arm-none-eabi/9.3.1/../../../../arm-none-eabi/lib/thumb/v7-m/nofp/libg.a(lib_a-printf.o) (_vfprintf_r)
/usr/local/Caskroom/gcc-arm-embedded/9-2020-q2-update/gcc-arm-none-eabi-9-2020-q2-update/bin/../lib/gcc/arm-none-eabi/9.3.1/../../../../arm-none-eabi/lib/thumb/v7-m/nofp/libg.a(lib_a-wsetup.o)
                              /usr/local/Caskroom/gcc-arm-embedded/9-2020-q2-update/gcc-arm-none-eabi-9-2020-q2-update/bin/../lib/gcc/arm-none-eabi/9.3.1/../../../../arm-none-eabi/lib/thumb/v7-m/nofp/libg.a(lib_a-vfprintf.o) (__swsetup_r)
/usr/local/Caskroom/gcc-arm-embedded/9-2020-q2-update/gcc-arm-none-eabi-9-2020-q2-update/bin/../lib/gcc/arm-none-eabi/9.3.1/../../../../arm-none-eabi/lib/thumb/v7-m/nofp/libg.a(lib_a-__call_atexit.o)
                              /usr/local/Caskroom/gcc-arm-embedded/9-2020-q2-update/gcc-arm-none-eabi-9-2020-q2-update/bin/../lib/gcc/arm-none-eabi/9.3.1/../../../../arm-none-eabi/lib/thumb/v7-m/nofp/libg.a(lib_a-exit.o) (__call_exitprocs)
/usr/local/Caskroom/gcc-arm-embedded/9-2020-q2-update/gcc-arm-none-eabi-9-2020-q2-update/bin/../lib/gcc/arm-none-eabi/9.3.1/../../../../arm-none-eabi/lib/thumb/v7-m/nofp/libg.a(lib_a-atexit.o)
                              /usr/local/Caskroom/gcc-arm-embedded/9-2020-q2-update/gcc-arm-none-eabi-9-2020-q2-update/bin/../lib/gcc/arm-none-eabi/9.3.1/../../../../arm-none-eabi/lib/thumb/v7-m/nofp/libg.a(lib_a-__call_atexit.o) (atexit)
/usr/local/Caskroom/gcc-arm-embedded/9-2020-q2-update/gcc-arm-none-eabi-9-2020-q2-update/bin/../lib/gcc/arm-none-eabi/9.3.1/../../../../arm-none-eabi/lib/thumb/v7-m/nofp/libg.a(lib_a-dtoa.o)
[...]
Memory Configuration

Name             Origin             Length             Attributes
RAM              0x0000000020000000 0x000000000000c000 xrw
FLASH            0x0000000008000000 0x0000000000040000 xr
*default*        0x0000000000000000 0xffffffffffffffff

Linker script and memory map

LOAD /usr/local/Caskroom/gcc-arm-embedded/9-2020-q2-update/gcc-arm-none-eabi-9-2020-q2-update/bin/../lib/gcc/arm-none-eabi/9.3.1/thumb/v7-m/nofp/crti.o
LOAD /usr/local/Caskroom/gcc-arm-embedded/9-2020-q2-update/gcc-arm-none-eabi-9-2020-q2-update/bin/../lib/gcc/arm-none-eabi/9.3.1/thumb/v7-m/nofp/crtbegin.o
LOAD /usr/local/Caskroom/gcc-arm-embedded/9-2020-q2-update/gcc-arm-none-eabi-9-2020-q2-update/bin/../lib/gcc/arm-none-eabi/9.3.1/../../../../arm-none-eabi/lib/thumb/v7-m/nofp/crt0.o
LOAD CMakeFiles/NRFTest.elf.dir/Core/Src/24l01.c.obj
LOAD CMakeFiles/NRFTest.elf.dir/Core/Src/delay.c.obj
LOAD CMakeFiles/NRFTest.elf.dir/Core/Src/gpio.c.obj
LOAD CMakeFiles/NRFTest.elf.dir/Core/Src/key.c.obj
LOAD CMakeFiles/NRFTest.elf.dir/Core/Src/lcd.c.obj
LOAD CMakeFiles/NRFTest.elf.dir/Core/Src/led.c.obj
LOAD CMakeFiles/NRFTest.elf.dir/Core/Src/main.c.obj
LOAD CMakeFiles/NRFTest.elf.dir/Core/Src/spi.c.obj
LOAD CMakeFiles/NRFTest.elf.dir/Core/Src/stm32f1xx_hal_msp.c.obj
LOAD CMakeFiles/NRFTest.elf.dir/Core/Src/stm32f1xx_it.c.obj
LOAD CMakeFiles/NRFTest.elf.dir/Core/Src/sys.c.obj
LOAD CMakeFiles/NRFTest.elf.dir/Core/Src/syscalls.c.obj
LOAD CMakeFiles/NRFTest.elf.dir/Core/Src/sysmem.c.obj
LOAD CMakeFiles/NRFTest.elf.dir/Core/Src/system_stm32f1xx.c.obj
LOAD CMakeFiles/NRFTest.elf.dir/Core/Src/usart.c.obj
LOAD CMakeFiles/NRFTest.elf.dir/Core/Startup/startup_stm32f103rctx.s.obj
LOAD CMakeFiles/NRFTest.elf.dir/Drivers/STM32F1xx_HAL_Driver/Src/stm32f1xx_hal.c.obj
LOAD CMakeFiles/NRFTest.elf.dir/Drivers/STM32F1xx_HAL_Driver/Src/stm32f1xx_hal_cortex.c.obj
LOAD CMakeFiles/NRFTest.elf.dir/Drivers/STM32F1xx_HAL_Driver/Src/stm32f1xx_hal_dma.c.obj
LOAD CMakeFiles/NRFTest.elf.dir/Drivers/STM32F1xx_HAL_Driver/Src/stm32f1xx_hal_exti.c.obj
LOAD CMakeFiles/NRFTest.elf.dir/Drivers/STM32F1xx_HAL_Driver/Src/stm32f1xx_hal_flash.c.obj
LOAD CMakeFiles/NRFTest.elf.dir/Drivers/STM32F1xx_HAL_Driver/Src/stm32f1xx_hal_flash_ex.c.obj
LOAD CMakeFiles/NRFTest.elf.dir/Drivers/STM32F1xx_HAL_Driver/Src/stm32f1xx_hal_gpio.c.obj
LOAD CMakeFiles/NRFTest.elf.dir/Drivers/STM32F1xx_HAL_Driver/Src/stm32f1xx_hal_gpio_ex.c.obj
LOAD CMakeFiles/NRFTest.elf.dir/Drivers/STM32F1xx_HAL_Driver/Src/stm32f1xx_hal_pwr.c.obj
LOAD CMakeFiles/NRFTest.elf.dir/Drivers/STM32F1xx_HAL_Driver/Src/stm32f1xx_hal_rcc.c.obj
LOAD CMakeFiles/NRFTest.elf.dir/Drivers/STM32F1xx_HAL_Driver/Src/stm32f1xx_hal_rcc_ex.c.obj
LOAD CMakeFiles/NRFTest.elf.dir/Drivers/STM32F1xx_HAL_Driver/Src/stm32f1xx_hal_spi.c.obj
LOAD CMakeFiles/NRFTest.elf.dir/Drivers/STM32F1xx_HAL_Driver/Src/stm32f1xx_hal_tim.c.obj
LOAD CMakeFiles/NRFTest.elf.dir/Drivers/STM32F1xx_HAL_Driver/Src/stm32f1xx_hal_tim_ex.c.obj
LOAD CMakeFiles/NRFTest.elf.dir/Drivers/STM32F1xx_HAL_Driver/Src/stm32f1xx_hal_uart.c.obj
START GROUP
LOAD /usr/local/Caskroom/gcc-arm-embedded/9-2020-q2-update/gcc-arm-none-eabi-9-2020-q2-update/bin/../lib/gcc/arm-none-eabi/9.3.1/thumb/v7-m/nofp/libgcc.a
LOAD /usr/local/Caskroom/gcc-arm-embedded/9-2020-q2-update/gcc-arm-none-eabi-9-2020-q2-update/bin/../lib/gcc/arm-none-eabi/9.3.1/../../../../arm-none-eabi/lib/thumb/v7-m/nofp/libg.a
LOAD /usr/local/Caskroom/gcc-arm-embedded/9-2020-q2-update/gcc-arm-none-eabi-9-2020-q2-update/bin/../lib/gcc/arm-none-eabi/9.3.1/../../../../arm-none-eabi/lib/thumb/v7-m/nofp/libc.a
END GROUP
LOAD /usr/local/Caskroom/gcc-arm-embedded/9-2020-q2-update/gcc-arm-none-eabi-9-2020-q2-update/bin/../lib/gcc/arm-none-eabi/9.3.1/thumb/v7-m/nofp/crtend.o
LOAD /usr/local/Caskroom/gcc-arm-embedded/9-2020-q2-update/gcc-arm-none-eabi-9-2020-q2-update/bin/../lib/gcc/arm-none-eabi/9.3.1/thumb/v7-m/nofp/crtn.o
                0x000000002000c000                _estack = (ORIGIN (RAM) + LENGTH (RAM))
                0x0000000000000200                _Min_Heap_Size = 0x200
                0x0000000000000400                _Min_Stack_Size = 0x400

.isr_vector     0x0000000008000000      0x1e4
                0x0000000008000000                . = ALIGN (0x4)
 *(.isr_vector)
 .isr_vector    0x0000000008000000      0x1e4 CMakeFiles/NRFTest.elf.dir/Core/Startup/startup_stm32f103rctx.s.obj
                0x0000000008000000                g_pfnVectors
                0x00000000080001e4                . = ALIGN (0x4)

.text           0x00000000080001e8     0xd4b8
                0x00000000080001e8                . = ALIGN (0x4)
 *(.text)
 .text          0x00000000080001e8       0x40 /usr/local/Caskroom/gcc-arm-embedded/9-2020-q2-update/gcc-arm-none-eabi-9-2020-q2-update/bin/../lib/gcc/arm-none-eabi/9.3.1/thumb/v7-m/nofp/crtbegin.o
 .text          0x0000000008000228      0x378 /usr/local/Caskroom/gcc-arm-embedded/9-2020-q2-update/gcc-arm-none-eabi-9-2020-q2-update/bin/../lib/gcc/arm-none-eabi/9.3.1/thumb/v7-m/nofp/libgcc.a(_arm_addsubdf3.o)
                0x0000000008000228                __aeabi_drsub
                0x0000000008000230                __subdf3
                0x0000000008000230                __aeabi_dsub
                0x0000000008000234                __aeabi_dadd
                0x0000000008000234                __adddf3
                0x00000000080004ac                __aeabi_ui2d
                0x00000000080004ac                __floatunsidf
                0x00000000080004cc                __floatsidf
                0x00000000080004cc                __aeabi_i2d
                0x00000000080004f0                __extendsfdf2
                0x00000000080004f0                __aeabi_f2d
                0x0000000008000534                __aeabi_ul2d
                0x0000000008000534                __floatundidf
                0x0000000008000544                __aeabi_l2d
                0x0000000008000544                __floatdidf
 .text          0x00000000080005a0       0x40 /usr/local/Caskroom/gcc-arm-embedded/9-2020-q2-update/gcc-arm-none-eabi-9-2020-q2-update/bin/../lib/gcc/arm-none-eabi/9.3.1/thumb/v7-m/nofp/libgcc.a(_arm_fixunsdfsi.o)
                0x00000000080005a0                __fixunsdfsi
                0x00000000080005a0                __aeabi_d2uiz
 .text          0x00000000080005e0       0xec /usr/local/Caskroom/gcc-arm-embedded/9-2020-q2-update/gcc-arm-none-eabi-9-2020-q2-update/bin/../lib/gcc/arm-none-eabi/9.3.1/../../../../arm-none-eabi/lib/thumb/v7-m/nofp/libg.a(lib_a-memcpy.o)
                0x00000000080005e0                memcpy
 .text          0x00000000080006cc      0x424 /usr/local/Caskroom/gcc-arm-embedded/9-2020-q2-update/gcc-arm-none-eabi-9-2020-q2-update/bin/../lib/gcc/arm-none-eabi/9.3.1/thumb/v7-m/nofp/libgcc.a(_arm_muldivdf3.o)
                0x00000000080006cc                __aeabi_dmul
                0x00000000080006cc                __muldf3
                0x0000000008000920                __aeabi_ddiv
                0x0000000008000920                __divdf3
 .text          0x0000000008000af0      0x110 /usr/local/Caskroom/gcc-arm-embedded/9-2020-q2-update/gcc-arm-none-eabi-9-2020-q2-update/bin/../lib/gcc/arm-none-eabi/9.3.1/thumb/v7-m/nofp/libgcc.a(_arm_cmpdf2.o)
                0x0000000008000af0                __gedf2
                0x0000000008000af0                __gtdf2
                0x0000000008000af8                __ledf2
                0x0000000008000af8                __ltdf2
                0x0000000008000b00                __cmpdf2
                0x0000000008000b00                __eqdf2
                0x0000000008000b00                __nedf2
                0x0000000008000b7c                __aeabi_cdrcmple
                0x0000000008000b8c                __aeabi_cdcmple
                0x0000000008000b8c                __aeabi_cdcmpeq
                0x0000000008000b9c                __aeabi_dcmpeq
                0x0000000008000bb0                __aeabi_dcmplt
                0x0000000008000bc4                __aeabi_dcmple
                0x0000000008000bd8                __aeabi_dcmpge
                0x0000000008000bec                __aeabi_dcmpgt
 .text          0x0000000008000c00       0x2c /usr/local/Caskroom/gcc-arm-embedded/9-2020-q2-update/gcc-arm-none-eabi-9-2020-q2-update/bin/../lib/gcc/arm-none-eabi/9.3.1/thumb/v7-m/nofp/libgcc.a(_arm_unorddf2.o)
                0x0000000008000c00                __aeabi_dcmpun
                0x0000000008000c00                __unorddf2
 .text          0x0000000008000c2c       0x50 /usr/local/Caskroom/gcc-arm-embedded/9-2020-q2-update/gcc-arm-none-eabi-9-2020-q2-update/bin/../lib/gcc/arm-none-eabi/9.3.1/thumb/v7-m/nofp/libgcc.a(_arm_fixdfsi.o)
                0x0000000008000c2c                __fixdfsi
                0x0000000008000c2c                __aeabi_d2iz
 .text          0x0000000008000c7c       0x30 /usr/local/Caskroom/gcc-arm-embedded/9-2020-q2-update/gcc-arm-none-eabi-9-2020-q2-update/bin/../lib/gcc/arm-none-eabi/9.3.1/thumb/v7-m/nofp/libgcc.a(_aeabi_uldivmod.o)
                0x0000000008000c7c                __aeabi_uldivmod
 .text          0x0000000008000cac      0x2c4 /usr/local/Caskroom/gcc-arm-embedded/9-2020-q2-update/gcc-arm-none-eabi-9-2020-q2-update/bin/../lib/gcc/arm-none-eabi/9.3.1/thumb/v7-m/nofp/libgcc.a(_udivmoddi4.o)
                0x0000000008000cac                __udivmoddi4
 .text          0x0000000008000f70        0x4 /usr/local/Caskroom/gcc-arm-embedded/9-2020-q2-update/gcc-arm-none-eabi-9-2020-q2-update/bin/../lib/gcc/arm-none-eabi/9.3.1/thumb/v7-m/nofp/libgcc.a(_dvmd_tls.o)
                0x0000000008000f70                __aeabi_ldiv0
                0x0000000008000f70                __aeabi_idiv0
 *(.text*)
 .text.NRF24L01_SPI_Init
                0x0000000008000f74       0x2c CMakeFiles/NRFTest.elf.dir/Core/Src/24l01.c.obj
                0x0000000008000f74                NRF24L01_SPI_Init
 .text.NRF24L01_Init
                0x0000000008000fa0       0xb4 CMakeFiles/NRFTest.elf.dir/Core/Src/24l01.c.obj
                0x0000000008000fa0                NRF24L01_Init
 .text.NRF24L01_Write_Reg
                0x0000000008001054       0x24 CMakeFiles/NRFTest.elf.dir/Core/Src/24l01.c.obj
                0x0000000008001054                NRF24L01_Write_Reg
 .text.NRF24L01_Read_Reg
                0x0000000008001078       0x1c CMakeFiles/NRFTest.elf.dir/Core/Src/24l01.c.obj
                0x0000000008001078                NRF24L01_Read_Reg
 .text.NRF24L01_Read_Buf
                0x0000000008001094       0x34 CMakeFiles/NRFTest.elf.dir/Core/Src/24l01.c.obj
                0x0000000008001094                NRF24L01_Read_Buf
 .text.NRF24L01_Write_Buf
                0x00000000080010c8       0x34 CMakeFiles/NRFTest.elf.dir/Core/Src/24l01.c.obj
                0x00000000080010c8                NRF24L01_Write_Buf
 .text.NRF24L01_Check
                0x00000000080010fc       0x58 CMakeFiles/NRFTest.elf.dir/Core/Src/24l01.c.obj
                0x00000000080010fc                NRF24L01_Check
 .text.NRF24L01_TxPacket
                0x0000000008001154       0x60 CMakeFiles/NRFTest.elf.dir/Core/Src/24l01.c.obj
                0x0000000008001154                NRF24L01_TxPacket
 .text.NRF24L01_RxPacket
                0x00000000080011b4       0x3a CMakeFiles/NRFTest.elf.dir/Core/Src/24l01.c.obj
                0x00000000080011b4                NRF24L01_RxPacket
 *fill*         0x00000000080011ee        0x2 
 .text.NRF24L01_RX_Mode
                0x00000000080011f0       0x50 CMakeFiles/NRFTest.elf.dir/Core/Src/24l01.c.obj
                0x00000000080011f0                NRF24L01_RX_Mode
 .text.NRF24L01_TX_Mode
                0x0000000008001240       0x60 CMakeFiles/NRFTest.elf.dir/Core/Src/24l01.c.obj
                0x0000000008001240                NRF24L01_TX_Mode
 .text.delay_init
                0x00000000080012a0       0x14 CMakeFiles/NRFTest.elf.dir/Core/Src/delay.c.obj
                0x00000000080012a0                delay_init
 .text.delay_us
                0x00000000080012b4       0x3c CMakeFiles/NRFTest.elf.dir/Core/Src/delay.c.obj
                0x00000000080012b4                delay_us
 .text.delay_ms
                0x00000000080012f0       0x18 CMakeFiles/NRFTest.elf.dir/Core/Src/delay.c.obj
                0x00000000080012f0                delay_ms
 .text.KEY_Init
                0x0000000008001308       0x74 CMakeFiles/NRFTest.elf.dir/Core/Src/key.c.obj
                0x0000000008001308                KEY_Init
 .text.KEY_Scan
                0x000000000800137c       0xb8 CMakeFiles/NRFTest.elf.dir/Core/Src/key.c.obj
                0x000000000800137c                KEY_Scan
 .text.LCD_WR_REG
                0x0000000008001434       0x24 CMakeFiles/NRFTest.elf.dir/Core/Src/lcd.c.obj
                0x0000000008001434                LCD_WR_REG
 .text.LCD_WR_DATAX
                0x0000000008001458       0x24 CMakeFiles/NRFTest.elf.dir/Core/Src/lcd.c.obj
                0x0000000008001458                LCD_WR_DATAX
 .text.LCD_RD_DATA
                0x000000000800147c       0x68 CMakeFiles/NRFTest.elf.dir/Core/Src/lcd.c.obj
                0x000000000800147c                LCD_RD_DATA
 .text.LCD_WriteReg
                0x00000000080014e4       0x2c CMakeFiles/NRFTest.elf.dir/Core/Src/lcd.c.obj
                0x00000000080014e4                LCD_WriteReg
 .text.LCD_ReadReg
                0x0000000008001510        0xc CMakeFiles/NRFTest.elf.dir/Core/Src/lcd.c.obj
                0x0000000008001510                LCD_ReadReg
 .text.LCD_WriteRAM_Prepare
                0x000000000800151c       0x10 CMakeFiles/NRFTest.elf.dir/Core/Src/lcd.c.obj
                0x000000000800151c                LCD_WriteRAM_Prepare
 .text.LCD_SetCursor
                0x000000000800152c      0x33c CMakeFiles/NRFTest.elf.dir/Core/Src/lcd.c.obj
                0x000000000800152c                LCD_SetCursor
 .text.LCD_Scan_Dir
                0x0000000008001868      0x348 CMakeFiles/NRFTest.elf.dir/Core/Src/lcd.c.obj
                0x0000000008001868                LCD_Scan_Dir
 .text.LCD_Fast_DrawPoint
                0x0000000008001bb0      0x334 CMakeFiles/NRFTest.elf.dir/Core/Src/lcd.c.obj
                0x0000000008001bb0                LCD_Fast_DrawPoint
 *fill*         0x0000000008001ee4        0x4 
 .text.LCD_SSD_BackLightSet
                0x0000000008001ee8       0xa0 CMakeFiles/NRFTest.elf.dir/Core/Src/lcd.c.obj
                0x0000000008001ee8                LCD_SSD_BackLightSet
 .text.LCD_Display_Dir
                0x0000000008001f88      0x18c CMakeFiles/NRFTest.elf.dir/Core/Src/lcd.c.obj
                0x0000000008001f88                LCD_Display_Dir
 .text.LCD_Clear
                0x0000000008002114       0x88 CMakeFiles/NRFTest.elf.dir/Core/Src/lcd.c.obj
                0x0000000008002114                LCD_Clear
 .text.LCD_Init
                0x000000000800219c     0x3930 CMakeFiles/NRFTest.elf.dir/Core/Src/lcd.c.obj
                0x000000000800219c                LCD_Init
 .text.LCD_Fill
                0x0000000008005acc       0xb4 CMakeFiles/NRFTest.elf.dir/Core/Src/lcd.c.obj
                0x0000000008005acc                LCD_Fill
 .text.LCD_ShowChar
                0x0000000008005b80       0xf8 CMakeFiles/NRFTest.elf.dir/Core/Src/lcd.c.obj
                0x0000000008005b80                LCD_ShowChar
 .text.LCD_ShowString
                0x0000000008005c78       0x5a CMakeFiles/NRFTest.elf.dir/Core/Src/lcd.c.obj
                0x0000000008005c78                LCD_ShowString
 *fill*         0x0000000008005cd2        0x2 
 .text.LED_Init
                0x0000000008005cd4       0x7c CMakeFiles/NRFTest.elf.dir/Core/Src/led.c.obj
                0x0000000008005cd4                LED_Init
 .text.main     0x0000000008005d50      0x2ac CMakeFiles/NRFTest.elf.dir/Core/Src/main.c.obj
                0x0000000008005d50                main
 .text.Error_Handler
                0x0000000008005ffc        0x2 CMakeFiles/NRFTest.elf.dir/Core/Src/main.c.obj
                0x0000000008005ffc                Error_Handler
 *fill*         0x0000000008005ffe        0x2 
 .text.HAL_SPI_MspInit
                0x0000000008006000       0x50 CMakeFiles/NRFTest.elf.dir/Core/Src/spi.c.obj
                0x0000000008006000                HAL_SPI_MspInit
 .text.SPI1_SetSpeed
                0x0000000008006050       0x34 CMakeFiles/NRFTest.elf.dir/Core/Src/spi.c.obj
                0x0000000008006050                SPI1_SetSpeed
 .text.SPI1_ReadWriteByte
                0x0000000008006084       0x2c CMakeFiles/NRFTest.elf.dir/Core/Src/spi.c.obj
                0x0000000008006084                SPI1_ReadWriteByte
 .text.SPI1_Init
                0x00000000080060b0       0x50 CMakeFiles/NRFTest.elf.dir/Core/Src/spi.c.obj
                0x00000000080060b0                SPI1_Init
 .text.HAL_MspInit
                0x0000000008006100       0x44 CMakeFiles/NRFTest.elf.dir/Core/Src/stm32f1xx_hal_msp.c.obj
                0x0000000008006100                HAL_MspInit
 .text.NMI_Handler
                0x0000000008006144        0x2 CMakeFiles/NRFTest.elf.dir/Core/Src/stm32f1xx_it.c.obj
                0x0000000008006144                NMI_Handler
 .text.HardFault_Handler
                0x0000000008006146        0x2 CMakeFiles/NRFTest.elf.dir/Core/Src/stm32f1xx_it.c.obj
                0x0000000008006146                HardFault_Handler
 .text.MemManage_Handler
                0x0000000008006148        0x2 CMakeFiles/NRFTest.elf.dir/Core/Src/stm32f1xx_it.c.obj
                0x0000000008006148                MemManage_Handler
 .text.BusFault_Handler
                0x000000000800614a        0x2 CMakeFiles/NRFTest.elf.dir/Core/Src/stm32f1xx_it.c.obj
                0x000000000800614a                BusFault_Handler
 .text.UsageFault_Handler
                0x000000000800614c        0x2 CMakeFiles/NRFTest.elf.dir/Core/Src/stm32f1xx_it.c.obj
                0x000000000800614c                UsageFault_Handler
 .text.SVC_Handler
                0x000000000800614e        0x2 CMakeFiles/NRFTest.elf.dir/Core/Src/stm32f1xx_it.c.obj
                0x000000000800614e                SVC_Handler
 .text.DebugMon_Handler
                0x0000000008006150        0x2 CMakeFiles/NRFTest.elf.dir/Core/Src/stm32f1xx_it.c.obj
                0x0000000008006150                DebugMon_Handler
 .text.PendSV_Handler
                0x0000000008006152        0x2 CMakeFiles/NRFTest.elf.dir/Core/Src/stm32f1xx_it.c.obj
                0x0000000008006152                PendSV_Handler
 .text.SysTick_Handler
                0x0000000008006154        0x8 CMakeFiles/NRFTest.elf.dir/Core/Src/stm32f1xx_it.c.obj
                0x0000000008006154                SysTick_Handler
 .text.USART1_IRQHandler
                0x000000000800615c       0x20 CMakeFiles/NRFTest.elf.dir/Core/Src/stm32f1xx_it.c.obj
                0x000000000800615c                USART1_IRQHandler
 .text.Stm32_Clock_Init
                0x000000000800617c       0x48 CMakeFiles/NRFTest.elf.dir/Core/Src/sys.c.obj
                0x000000000800617c                Stm32_Clock_Init
 .text._getpid  0x00000000080061c4        0x4 CMakeFiles/NRFTest.elf.dir/Core/Src/syscalls.c.obj
                0x00000000080061c4                _getpid
 .text._kill    0x00000000080061c8       0x10 CMakeFiles/NRFTest.elf.dir/Core/Src/syscalls.c.obj
                0x00000000080061c8                _kill
 .text._exit    0x00000000080061d8        0xc CMakeFiles/NRFTest.elf.dir/Core/Src/syscalls.c.obj
                0x00000000080061d8                _exit
 .text._read    0x00000000080061e4       0x20 CMakeFiles/NRFTest.elf.dir/Core/Src/syscalls.c.obj
                0x00000000080061e4                _read
 .text._write   0x0000000008006204       0x1c CMakeFiles/NRFTest.elf.dir/Core/Src/syscalls.c.obj
                0x0000000008006204                _write
 .text._close   0x0000000008006220        0x6 CMakeFiles/NRFTest.elf.dir/Core/Src/syscalls.c.obj
                0x0000000008006220                _close
 .text._fstat   0x0000000008006226        0xa CMakeFiles/NRFTest.elf.dir/Core/Src/syscalls.c.obj
                0x0000000008006226                _fstat
 .text._isatty  0x0000000008006230        0x4 CMakeFiles/NRFTest.elf.dir/Core/Src/syscalls.c.obj
                0x0000000008006230                _isatty
 .text._lseek   0x0000000008006234        0x4 CMakeFiles/NRFTest.elf.dir/Core/Src/syscalls.c.obj
                0x0000000008006234                _lseek
 .text._sbrk    0x0000000008006238       0x3c CMakeFiles/NRFTest.elf.dir/Core/Src/sysmem.c.obj
                0x0000000008006238                _sbrk
 .text.SystemInit
                0x0000000008006274        0x2 CMakeFiles/NRFTest.elf.dir/Core/Src/system_stm32f1xx.c.obj
                0x0000000008006274                SystemInit
 *fill*         0x0000000008006276        0x2 
 .text.MX_USART1_UART_Init
                0x0000000008006278       0x34 CMakeFiles/NRFTest.elf.dir/Core/Src/usart.c.obj
                0x0000000008006278                MX_USART1_UART_Init
 .text.HAL_UART_MspInit
                0x00000000080062ac       0x88 CMakeFiles/NRFTest.elf.dir/Core/Src/usart.c.obj
                0x00000000080062ac                HAL_UART_MspInit
 .text.Reset_Handler
                0x0000000008006334       0x48 CMakeFiles/NRFTest.elf.dir/Core/Startup/startup_stm32f103rctx.s.obj
                0x0000000008006334                Reset_Handler
 .text.Default_Handler
                0x000000000800637c        0x2 CMakeFiles/NRFTest.elf.dir/Core/Startup/startup_stm32f103rctx.s.obj
                0x000000000800637c                DMA2_Channel3_IRQHandler
                0x000000000800637c                EXTI2_IRQHandler
                0x000000000800637c                TIM8_TRG_COM_IRQHandler
                0x000000000800637c                TIM8_CC_IRQHandler
                0x000000000800637c                TIM1_CC_IRQHandler
                0x000000000800637c                TIM6_IRQHandler
                0x000000000800637c                PVD_IRQHandler
                0x000000000800637c                SDIO_IRQHandler
                0x000000000800637c                EXTI3_IRQHandler
                0x000000000800637c                EXTI0_IRQHandler
                0x000000000800637c                I2C2_EV_IRQHandler
                0x000000000800637c                ADC1_2_IRQHandler
                0x000000000800637c                SPI1_IRQHandler
                0x000000000800637c                TAMPER_IRQHandler
                0x000000000800637c                TIM8_UP_IRQHandler
                0x000000000800637c                DMA2_Channel2_IRQHandler
                0x000000000800637c                DMA1_Channel4_IRQHandler
                0x000000000800637c                USART3_IRQHandler
                0x000000000800637c                RTC_IRQHandler
                0x000000000800637c                DMA1_Channel7_IRQHandler
                0x000000000800637c                CAN1_RX1_IRQHandler
                0x000000000800637c                UART5_IRQHandler
                0x000000000800637c                ADC3_IRQHandler
                0x000000000800637c                TIM4_IRQHandler
                0x000000000800637c                DMA2_Channel1_IRQHandler
                0x000000000800637c                I2C1_EV_IRQHandler
                0x000000000800637c                DMA1_Channel6_IRQHandler
                0x000000000800637c                UART4_IRQHandler
                0x000000000800637c                TIM3_IRQHandler
                0x000000000800637c                RCC_IRQHandler
                0x000000000800637c                TIM1_TRG_COM_IRQHandler
                0x000000000800637c                DMA1_Channel1_IRQHandler
                0x000000000800637c                Default_Handler
                0x000000000800637c                EXTI15_10_IRQHandler
                0x000000000800637c                TIM7_IRQHandler
                0x000000000800637c                TIM5_IRQHandler
                0x000000000800637c                EXTI9_5_IRQHandler
                0x000000000800637c                SPI2_IRQHandler
                0x000000000800637c                DMA1_Channel5_IRQHandler
                0x000000000800637c                EXTI4_IRQHandler
                0x000000000800637c                USB_LP_CAN1_RX0_IRQHandler
                0x000000000800637c                USB_HP_CAN1_TX_IRQHandler
                0x000000000800637c                DMA1_Channel3_IRQHandler
                0x000000000800637c                FSMC_IRQHandler
                0x000000000800637c                TIM1_UP_IRQHandler
                0x000000000800637c                WWDG_IRQHandler
                0x000000000800637c                TIM2_IRQHandler
                0x000000000800637c                TIM1_BRK_IRQHandler
                0x000000000800637c                EXTI1_IRQHandler
                0x000000000800637c                DMA2_Channel4_5_IRQHandler
                0x000000000800637c                USART2_IRQHandler
                0x000000000800637c                I2C2_ER_IRQHandler
                0x000000000800637c                DMA1_Channel2_IRQHandler
                0x000000000800637c                TIM8_BRK_IRQHandler
                0x000000000800637c                CAN1_SCE_IRQHandler
                0x000000000800637c                FLASH_IRQHandler
                0x000000000800637c                SPI3_IRQHandler
                0x000000000800637c                I2C1_ER_IRQHandler
                0x000000000800637c                USBWakeUp_IRQHandler
                0x000000000800637c                RTC_Alarm_IRQHandler
 *fill*         0x000000000800637e        0x2 
 .text.HAL_InitTick
                0x0000000008006380       0x4c CMakeFiles/NRFTest.elf.dir/Drivers/STM32F1xx_HAL_Driver/Src/stm32f1xx_hal.c.obj
                0x0000000008006380                HAL_InitTick
 .text.HAL_Init
                0x00000000080063cc       0x24 CMakeFiles/NRFTest.elf.dir/Drivers/STM32F1xx_HAL_Driver/Src/stm32f1xx_hal.c.obj
                0x00000000080063cc                HAL_Init
 .text.HAL_IncTick
                0x00000000080063f0       0x18 CMakeFiles/NRFTest.elf.dir/Drivers/STM32F1xx_HAL_Driver/Src/stm32f1xx_hal.c.obj
                0x00000000080063f0                HAL_IncTick
 .text.HAL_GetTick
                0x0000000008006408        0xc CMakeFiles/NRFTest.elf.dir/Drivers/STM32F1xx_HAL_Driver/Src/stm32f1xx_hal.c.obj
                0x0000000008006408                HAL_GetTick
 .text.HAL_NVIC_SetPriorityGrouping
                0x0000000008006414       0x24 CMakeFiles/NRFTest.elf.dir/Drivers/STM32F1xx_HAL_Driver/Src/stm32f1xx_hal_cortex.c.obj
                0x0000000008006414                HAL_NVIC_SetPriorityGrouping
 .text.HAL_NVIC_SetPriority
                0x0000000008006438       0x68 CMakeFiles/NRFTest.elf.dir/Drivers/STM32F1xx_HAL_Driver/Src/stm32f1xx_hal_cortex.c.obj
                0x0000000008006438                HAL_NVIC_SetPriority
 .text.HAL_NVIC_EnableIRQ
                0x00000000080064a0       0x1c CMakeFiles/NRFTest.elf.dir/Drivers/STM32F1xx_HAL_Driver/Src/stm32f1xx_hal_cortex.c.obj
                0x00000000080064a0                HAL_NVIC_EnableIRQ
 .text.HAL_SYSTICK_Config
                0x00000000080064bc       0x2c CMakeFiles/NRFTest.elf.dir/Drivers/STM32F1xx_HAL_Driver/Src/stm32f1xx_hal_cortex.c.obj
                0x00000000080064bc                HAL_SYSTICK_Config
 .text.HAL_SYSTICK_CLKSourceConfig
                0x00000000080064e8       0x20 CMakeFiles/NRFTest.elf.dir/Drivers/STM32F1xx_HAL_Driver/Src/stm32f1xx_hal_cortex.c.obj
                0x00000000080064e8                HAL_SYSTICK_CLKSourceConfig
 .text.HAL_DMA_Abort_IT
                0x0000000008006508      0x168 CMakeFiles/NRFTest.elf.dir/Drivers/STM32F1xx_HAL_Driver/Src/stm32f1xx_hal_dma.c.obj
                0x0000000008006508                HAL_DMA_Abort_IT
 .text.HAL_GPIO_Init
                0x0000000008006670      0x238 CMakeFiles/NRFTest.elf.dir/Drivers/STM32F1xx_HAL_Driver/Src/stm32f1xx_hal_gpio.c.obj
                0x0000000008006670                HAL_GPIO_Init
 .text.HAL_GPIO_ReadPin
                0x00000000080068a8        0xe CMakeFiles/NRFTest.elf.dir/Drivers/STM32F1xx_HAL_Driver/Src/stm32f1xx_hal_gpio.c.obj
                0x00000000080068a8                HAL_GPIO_ReadPin
 .text.HAL_GPIO_WritePin
                0x00000000080068b6        0xc CMakeFiles/NRFTest.elf.dir/Drivers/STM32F1xx_HAL_Driver/Src/stm32f1xx_hal_gpio.c.obj
                0x00000000080068b6                HAL_GPIO_WritePin
 *fill*         0x00000000080068c2        0x2 
 .text.RCC_Delay
                0x00000000080068c4       0x2c CMakeFiles/NRFTest.elf.dir/Drivers/STM32F1xx_HAL_Driver/Src/stm32f1xx_hal_rcc.c.obj
 .text.HAL_RCC_OscConfig
                0x00000000080068f0      0x410 CMakeFiles/NRFTest.elf.dir/Drivers/STM32F1xx_HAL_Driver/Src/stm32f1xx_hal_rcc.c.obj
                0x00000000080068f0                HAL_RCC_OscConfig
 .text.HAL_RCC_GetSysClockFreq
                0x0000000008006d00       0x6c CMakeFiles/NRFTest.elf.dir/Drivers/STM32F1xx_HAL_Driver/Src/stm32f1xx_hal_rcc.c.obj
                0x0000000008006d00                HAL_RCC_GetSysClockFreq
 .text.HAL_RCC_ClockConfig
                0x0000000008006d6c      0x16c CMakeFiles/NRFTest.elf.dir/Drivers/STM32F1xx_HAL_Driver/Src/stm32f1xx_hal_rcc.c.obj
                0x0000000008006d6c                HAL_RCC_ClockConfig
 .text.HAL_RCC_GetHCLKFreq
                0x0000000008006ed8        0xc CMakeFiles/NRFTest.elf.dir/Drivers/STM32F1xx_HAL_Driver/Src/stm32f1xx_hal_rcc.c.obj
                0x0000000008006ed8                HAL_RCC_GetHCLKFreq
 .text.HAL_RCC_GetPCLK1Freq
                0x0000000008006ee4       0x20 CMakeFiles/NRFTest.elf.dir/Drivers/STM32F1xx_HAL_Driver/Src/stm32f1xx_hal_rcc.c.obj
                0x0000000008006ee4                HAL_RCC_GetPCLK1Freq
 .text.HAL_RCC_GetPCLK2Freq
                0x0000000008006f04       0x20 CMakeFiles/NRFTest.elf.dir/Drivers/STM32F1xx_HAL_Driver/Src/stm32f1xx_hal_rcc.c.obj
                0x0000000008006f04                HAL_RCC_GetPCLK2Freq
 .text.SPI_WaitFlagStateUntilTimeout
                0x0000000008006f24       0xd0 CMakeFiles/NRFTest.elf.dir/Drivers/STM32F1xx_HAL_Driver/Src/stm32f1xx_hal_spi.c.obj
 .text.SPI_EndRxTxTransaction
                0x0000000008006ff4       0x24 CMakeFiles/NRFTest.elf.dir/Drivers/STM32F1xx_HAL_Driver/Src/stm32f1xx_hal_spi.c.obj
 .text.HAL_SPI_Init
                0x0000000008007018       0xb6 CMakeFiles/NRFTest.elf.dir/Drivers/STM32F1xx_HAL_Driver/Src/stm32f1xx_hal_spi.c.obj
                0x0000000008007018                HAL_SPI_Init
 .text.HAL_SPI_TransmitReceive
                0x00000000080070ce      0x238 CMakeFiles/NRFTest.elf.dir/Drivers/STM32F1xx_HAL_Driver/Src/stm32f1xx_hal_spi.c.obj
                0x00000000080070ce                HAL_SPI_TransmitReceive
 .text.UART_EndRxTransfer
                0x0000000008007306       0x1c CMakeFiles/NRFTest.elf.dir/Drivers/STM32F1xx_HAL_Driver/Src/stm32f1xx_hal_uart.c.obj
 .text.UART_Transmit_IT
                0x0000000008007322       0x60 CMakeFiles/NRFTest.elf.dir/Drivers/STM32F1xx_HAL_Driver/Src/stm32f1xx_hal_uart.c.obj
 *fill*         0x0000000008007382        0x2 
 .text.UART_SetConfig
                0x0000000008007384       0x90 CMakeFiles/NRFTest.elf.dir/Drivers/STM32F1xx_HAL_Driver/Src/stm32f1xx_hal_uart.c.obj
 .text.HAL_UART_Init
                0x0000000008007414       0x5e CMakeFiles/NRFTest.elf.dir/Drivers/STM32F1xx_HAL_Driver/Src/stm32f1xx_hal_uart.c.obj
                0x0000000008007414                HAL_UART_Init
 .text.HAL_UART_Receive_IT
                0x0000000008007472       0x5c CMakeFiles/NRFTest.elf.dir/Drivers/STM32F1xx_HAL_Driver/Src/stm32f1xx_hal_uart.c.obj
                0x0000000008007472                HAL_UART_Receive_IT
 .text.HAL_UART_TxCpltCallback
                0x00000000080074ce        0x2 CMakeFiles/NRFTest.elf.dir/Drivers/STM32F1xx_HAL_Driver/Src/stm32f1xx_hal_uart.c.obj
                0x00000000080074ce                HAL_UART_TxCpltCallback
 .text.UART_EndTransmit_IT
                0x00000000080074d0       0x1a CMakeFiles/NRFTest.elf.dir/Drivers/STM32F1xx_HAL_Driver/Src/stm32f1xx_hal_uart.c.obj
 .text.HAL_UART_RxCpltCallback
                0x00000000080074ea        0x2 CMakeFiles/NRFTest.elf.dir/Drivers/STM32F1xx_HAL_Driver/Src/stm32f1xx_hal_uart.c.obj
                0x00000000080074ea                HAL_UART_RxCpltCallback
 .text.UART_Receive_IT
                0x00000000080074ec       0x94 CMakeFiles/NRFTest.elf.dir/Drivers/STM32F1xx_HAL_Driver/Src/stm32f1xx_hal_uart.c.obj
 .text.HAL_UART_ErrorCallback
                0x0000000008007580        0x2 CMakeFiles/NRFTest.elf.dir/Drivers/STM32F1xx_HAL_Driver/Src/stm32f1xx_hal_uart.c.obj
                0x0000000008007580                HAL_UART_ErrorCallback
 *fill*         0x0000000008007582        0x2 
 .text.HAL_UART_IRQHandler
                0x0000000008007584      0x128 CMakeFiles/NRFTest.elf.dir/Drivers/STM32F1xx_HAL_Driver/Src/stm32f1xx_hal_uart.c.obj
                0x0000000008007584                HAL_UART_IRQHandler
 .text.UART_DMAAbortOnError
                0x00000000080076ac       0x10 CMakeFiles/NRFTest.elf.dir/Drivers/STM32F1xx_HAL_Driver/Src/stm32f1xx_hal_uart.c.obj
 .text.__errno  0x00000000080076bc        0xc /usr/local/Caskroom/gcc-arm-embedded/9-2020-q2-update/gcc-arm-none-eabi-9-2020-q2-update/bin/../lib/gcc/arm-none-eabi/9.3.1/../../../../arm-none-eabi/lib/thumb/v7-m/nofp/libg.a(lib_a-errno.o)
                0x00000000080076bc                __errno
 .text.__libc_init_array
                0x00000000080076c8       0x48 /usr/local/Caskroom/gcc-arm-embedded/9-2020-q2-update/gcc-arm-none-eabi-9-2020-q2-update/bin/../lib/gcc/arm-none-eabi/9.3.1/../../../../arm-none-eabi/lib/thumb/v7-m/nofp/libg.a(lib_a-init.o)
                0x00000000080076c8                __libc_init_array
 .text.memset   0x0000000008007710       0xa0 /usr/local/Caskroom/gcc-arm-embedded/9-2020-q2-update/gcc-arm-none-eabi-9-2020-q2-update/bin/../lib/gcc/arm-none-eabi/9.3.1/../../../../arm-none-eabi/lib/thumb/v7-m/nofp/libg.a(lib_a-memset.o)
                0x0000000008007710                memset
 .text.printf   0x00000000080077b0       0x28 /usr/local/Caskroom/gcc-arm-embedded/9-2020-q2-update/gcc-arm-none-eabi-9-2020-q2-update/bin/../lib/gcc/arm-none-eabi/9.3.1/../../../../arm-none-eabi/lib/thumb/v7-m/nofp/libg.a(lib_a-printf.o)
                0x00000000080077b0                printf
 .text._vfprintf_r
                0x00000000080077d8     0x1c18 /usr/local/Caskroom/gcc-arm-embedded/9-2020-q2-update/gcc-arm-none-eabi-9-2020-q2-update/bin/../lib/gcc/arm-none-eabi/9.3.1/../../../../arm-none-eabi/lib/thumb/v7-m/nofp/libg.a(lib_a-vfprintf.o)
                0x00000000080077d8                _vfprintf_r
 .text.__sbprintf
                0x00000000080093f0       0x88 /usr/local/Caskroom/gcc-arm-embedded/9-2020-q2-update/gcc-arm-none-eabi-9-2020-q2-update/bin/../lib/gcc/arm-none-eabi/9.3.1/../../../../arm-none-eabi/lib/thumb/v7-m/nofp/libg.a(lib_a-vfprintf.o)
 .text.__swsetup_r
                0x0000000008009478       0xd0 /usr/local/Caskroom/gcc-arm-embedded/9-2020-q2-update/gcc-arm-none-eabi-9-2020-q2-update/bin/../lib/gcc/arm-none-eabi/9.3.1/../../../../arm-none-eabi/lib/thumb/v7-m/nofp/libg.a(lib_a-wsetup.o)
                0x0000000008009478                __swsetup_r
 .text.startup.register_fini
                0x0000000008009548       0x14 /usr/local/Caskroom/gcc-arm-embedded/9-2020-q2-update/gcc-arm-none-eabi-9-2020-q2-update/bin/../lib/gcc/arm-none-eabi/9.3.1/../../../../arm-none-eabi/lib/thumb/v7-m/nofp/libg.a(lib_a-__call_atexit.o)
 .text.atexit   0x000000000800955c        0xc /usr/local/Caskroom/gcc-arm-embedded/9-2020-q2-update/gcc-arm-none-eabi-9-2020-q2-update/bin/../lib/gcc/arm-none-eabi/9.3.1/../../../../arm-none-eabi/lib/thumb/v7-m/nofp/libg.a(lib_a-atexit.o)
                0x000000000800955c                atexit
 .text.quorem   0x0000000008009568      0x120 /usr/local/Caskroom/gcc-arm-embedded/9-2020-q2-update/gcc-arm-none-eabi-9-2020-q2-update/bin/../lib/gcc/arm-none-eabi/9.3.1/../../../../arm-none-eabi/lib/thumb/v7-m/nofp/libg.a(lib_a-dtoa.o)
 .text._dtoa_r  0x0000000008009688      0xec8 /usr/local/Caskroom/gcc-arm-embedded/9-2020-q2-update/gcc-arm-none-eabi-9-2020-q2-update/bin/../lib/gcc/arm-none-eabi/9.3.1/../../../../arm-none-eabi/lib/thumb/v7-m/nofp/libg.a(lib_a-dtoa.o)
                0x0000000008009688                _dtoa_r
 .text.__sflush_r
                0x000000000800a550      0x130 /usr/local/Caskroom/gcc-arm-embedded/9-2020-q2-update/gcc-arm-none-eabi-9-2020-q2-update/bin/../lib/gcc/arm-none-eabi/9.3.1/../../../../arm-none-eabi/lib/thumb/v7-m/nofp/libg.a(lib_a-fflush.o)
                0x000000000800a550                __sflush_r
 .text._fflush_r
                0x000000000800a680       0x5c /usr/local/Caskroom/gcc-arm-embedded/9-2020-q2-update/gcc-arm-none-eabi-9-2020-q2-update/bin/../lib/gcc/arm-none-eabi/9.3.1/../../../../arm-none-eabi/lib/thumb/v7-m/nofp/libg.a(lib_a-fflush.o)
                0x000000000800a680                _fflush_r
 .text.std      0x000000000800a6dc       0x50 /usr/local/Caskroom/gcc-arm-embedded/9-2020-q2-update/gcc-arm-none-eabi-9-2020-q2-update/bin/../lib/gcc/arm-none-eabi/9.3.1/../../../../arm-none-eabi/lib/thumb/v7-m/nofp/libg.a(lib_a-findfp.o)
 .text._cleanup_r
                0x000000000800a72c        0xc /usr/local/Caskroom/gcc-arm-embedded/9-2020-q2-update/gcc-arm-none-eabi-9-2020-q2-update/bin/../lib/gcc/arm-none-eabi/9.3.1/../../../../arm-none-eabi/lib/thumb/v7-m/nofp/libg.a(lib_a-findfp.o)
                0x000000000800a72c                _cleanup_r
 .text.__sinit  0x000000000800a738       0x5c /usr/local/Caskroom/gcc-arm-embedded/9-2020-q2-update/gcc-arm-none-eabi-9-2020-q2-update/bin/../lib/gcc/arm-none-eabi/9.3.1/../../../../arm-none-eabi/lib/thumb/v7-m/nofp/libg.a(lib_a-findfp.o)
                0x000000000800a738                __sinit
 .text.__sfp_lock_acquire
                0x000000000800a794        0xc /usr/local/Caskroom/gcc-arm-embedded/9-2020-q2-update/gcc-arm-none-eabi-9-2020-q2-update/bin/../lib/gcc/arm-none-eabi/9.3.1/../../../../arm-none-eabi/lib/thumb/v7-m/nofp/libg.a(lib_a-findfp.o)
                0x000000000800a794                __sfp_lock_acquire
 .text.__sfp_lock_release
                0x000000000800a7a0        0xc /usr/local/Caskroom/gcc-arm-embedded/9-2020-q2-update/gcc-arm-none-eabi-9-2020-q2-update/bin/../lib/gcc/arm-none-eabi/9.3.1/../../../../arm-none-eabi/lib/thumb/v7-m/nofp/libg.a(lib_a-findfp.o)
                0x000000000800a7a0                __sfp_lock_release
 .text.__libc_fini_array
                0x000000000800a7ac       0x2c /usr/local/Caskroom/gcc-arm-embedded/9-2020-q2-update/gcc-arm-none-eabi-9-2020-q2-update/bin/../lib/gcc/arm-none-eabi/9.3.1/../../../../arm-none-eabi/lib/thumb/v7-m/nofp/libg.a(lib_a-fini.o)
                0x000000000800a7ac                __libc_fini_array
 .text._malloc_trim_r
                0x000000000800a7d8       0xa0 /usr/local/Caskroom/gcc-arm-embedded/9-2020-q2-update/gcc-arm-none-eabi-9-2020-q2-update/bin/../lib/gcc/arm-none-eabi/9.3.1/../../../../arm-none-eabi/lib/thumb/v7-m/nofp/libg.a(lib_a-freer.o)
                0x000000000800a7d8                _malloc_trim_r
 .text._free_r  0x000000000800a878      0x20c /usr/local/Caskroom/gcc-arm-embedded/9-2020-q2-update/gcc-arm-none-eabi-9-2020-q2-update/bin/../lib/gcc/arm-none-eabi/9.3.1/../../../../arm-none-eabi/lib/thumb/v7-m/nofp/libg.a(lib_a-freer.o)
                0x000000000800a878                _free_r
 .text._fwalk_reent
                0x000000000800aa84       0x48 /usr/local/Caskroom/gcc-arm-embedded/9-2020-q2-update/gcc-arm-none-eabi-9-2020-q2-update/bin/../lib/gcc/arm-none-eabi/9.3.1/../../../../arm-none-eabi/lib/thumb/v7-m/nofp/libg.a(lib_a-fwalk.o)
                0x000000000800aa84                _fwalk_reent
 .text._localeconv_r
                0x000000000800aacc        0x8 /usr/local/Caskroom/gcc-arm-embedded/9-2020-q2-update/gcc-arm-none-eabi-9-2020-q2-update/bin/../lib/gcc/arm-none-eabi/9.3.1/../../../../arm-none-eabi/lib/thumb/v7-m/nofp/libg.a(lib_a-localeconv.o)
                0x000000000800aacc                _localeconv_r
 .text.__retarget_lock_init_recursive
                0x000000000800aad4        0x4 /usr/local/Caskroom/gcc-arm-embedded/9-2020-q2-update/gcc-arm-none-eabi-9-2020-q2-update/bin/../lib/gcc/arm-none-eabi/9.3.1/../../../../arm-none-eabi/lib/thumb/v7-m/nofp/libg.a(lib_a-lock.o)
                0x000000000800aad4                __retarget_lock_init_recursive
 .text.__retarget_lock_close_recursive
                0x000000000800aad8        0x4 /usr/local/Caskroom/gcc-arm-embedded/9-2020-q2-update/gcc-arm-none-eabi-9-2020-q2-update/bin/../lib/gcc/arm-none-eabi/9.3.1/../../../../arm-none-eabi/lib/thumb/v7-m/nofp/libg.a(lib_a-lock.o)
                0x000000000800aad8                __retarget_lock_close_recursive
 .text.__retarget_lock_acquire_recursive
                0x000000000800aadc        0x4 /usr/local/Caskroom/gcc-arm-embedded/9-2020-q2-update/gcc-arm-none-eabi-9-2020-q2-update/bin/../lib/gcc/arm-none-eabi/9.3.1/../../../../arm-none-eabi/lib/thumb/v7-m/nofp/libg.a(lib_a-lock.o)
                0x000000000800aadc                __retarget_lock_acquire_recursive
 .text.__retarget_lock_release_recursive
                0x000000000800aae0        0x4 /usr/local/Caskroom/gcc-arm-embedded/9-2020-q2-update/gcc-arm-none-eabi-9-2020-q2-update/bin/../lib/gcc/arm-none-eabi/9.3.1/../../../../arm-none-eabi/lib/thumb/v7-m/nofp/libg.a(lib_a-lock.o)
                0x000000000800aae0                __retarget_lock_release_recursive
 .text.__swhatbuf_r
                0x000000000800aae4       0x5c /usr/local/Caskroom/gcc-arm-embedded/9-2020-q2-update/gcc-arm-none-eabi-9-2020-q2-update/bin/../lib/gcc/arm-none-eabi/9.3.1/../../../../arm-none-eabi/lib/thumb/v7-m/nofp/libg.a(lib_a-makebuf.o)
                0x000000000800aae4                __swhatbuf_r
 .text.__smakebuf_r
                0x000000000800ab40       0x94 /usr/local/Caskroom/gcc-arm-embedded/9-2020-q2-update/gcc-arm-none-eabi-9-2020-q2-update/bin/../lib/gcc/arm-none-eabi/9.3.1/../../../../arm-none-eabi/lib/thumb/v7-m/nofp/libg.a(lib_a-makebuf.o)
                0x000000000800ab40                __smakebuf_r
 .text._malloc_r
                0x000000000800abd4      0x55c /usr/local/Caskroom/gcc-arm-embedded/9-2020-q2-update/gcc-arm-none-eabi-9-2020-q2-update/bin/../lib/gcc/arm-none-eabi/9.3.1/../../../../arm-none-eabi/lib/thumb/v7-m/nofp/libg.a(lib_a-mallocr.o)
                0x000000000800abd4                _malloc_r
 .text.memchr   0x000000000800b130       0x80 /usr/local/Caskroom/gcc-arm-embedded/9-2020-q2-update/gcc-arm-none-eabi-9-2020-q2-update/bin/../lib/gcc/arm-none-eabi/9.3.1/../../../../arm-none-eabi/lib/thumb/v7-m/nofp/libg.a(lib_a-memchr-stub.o)
                0x000000000800b130                memchr
 .text.__malloc_lock
                0x000000000800b1b0        0xc /usr/local/Caskroom/gcc-arm-embedded/9-2020-q2-update/gcc-arm-none-eabi-9-2020-q2-update/bin/../lib/gcc/arm-none-eabi/9.3.1/../../../../arm-none-eabi/lib/thumb/v7-m/nofp/libg.a(lib_a-mlock.o)
                0x000000000800b1b0                __malloc_lock
 .text.__malloc_unlock
                0x000000000800b1bc        0xc /usr/local/Caskroom/gcc-arm-embedded/9-2020-q2-update/gcc-arm-none-eabi-9-2020-q2-update/bin/../lib/gcc/arm-none-eabi/9.3.1/../../../../arm-none-eabi/lib/thumb/v7-m/nofp/libg.a(lib_a-mlock.o)
                0x000000000800b1bc                __malloc_unlock
 .text._Balloc  0x000000000800b1c8       0x4c /usr/local/Caskroom/gcc-arm-embedded/9-2020-q2-update/gcc-arm-none-eabi-9-2020-q2-update/bin/../lib/gcc/arm-none-eabi/9.3.1/../../../../arm-none-eabi/lib/thumb/v7-m/nofp/libg.a(lib_a-mprec.o)
                0x000000000800b1c8                _Balloc
 .text._Bfree   0x000000000800b214       0x14 /usr/local/Caskroom/gcc-arm-embedded/9-2020-q2-update/gcc-arm-none-eabi-9-2020-q2-update/bin/../lib/gcc/arm-none-eabi/9.3.1/../../../../arm-none-eabi/lib/thumb/v7-m/nofp/libg.a(lib_a-mprec.o)
                0x000000000800b214                _Bfree
 .text.__multadd
                0x000000000800b228       0x9c /usr/local/Caskroom/gcc-arm-embedded/9-2020-q2-update/gcc-arm-none-eabi-9-2020-q2-update/bin/../lib/gcc/arm-none-eabi/9.3.1/../../../../arm-none-eabi/lib/thumb/v7-m/nofp/libg.a(lib_a-mprec.o)
                0x000000000800b228                __multadd
 .text.__hi0bits
                0x000000000800b2c4       0x40 /usr/local/Caskroom/gcc-arm-embedded/9-2020-q2-update/gcc-arm-none-eabi-9-2020-q2-update/bin/../lib/gcc/arm-none-eabi/9.3.1/../../../../arm-none-eabi/lib/thumb/v7-m/nofp/libg.a(lib_a-mprec.o)
                0x000000000800b2c4                __hi0bits
 .text.__lo0bits
                0x000000000800b304       0x60 /usr/local/Caskroom/gcc-arm-embedded/9-2020-q2-update/gcc-arm-none-eabi-9-2020-q2-update/bin/../lib/gcc/arm-none-eabi/9.3.1/../../../../arm-none-eabi/lib/thumb/v7-m/nofp/libg.a(lib_a-mprec.o)
                0x000000000800b304                __lo0bits
 .text.__i2b    0x000000000800b364       0x2c /usr/local/Caskroom/gcc-arm-embedded/9-2020-q2-update/gcc-arm-none-eabi-9-2020-q2-update/bin/../lib/gcc/arm-none-eabi/9.3.1/../../../../arm-none-eabi/lib/thumb/v7-m/nofp/libg.a(lib_a-mprec.o)
                0x000000000800b364                __i2b
 .text.__multiply
                0x000000000800b390      0x160 /usr/local/Caskroom/gcc-arm-embedded/9-2020-q2-update/gcc-arm-none-eabi-9-2020-q2-update/bin/../lib/gcc/arm-none-eabi/9.3.1/../../../../arm-none-eabi/lib/thumb/v7-m/nofp/libg.a(lib_a-mprec.o)
                0x000000000800b390                __multiply
 .text.__pow5mult
                0x000000000800b4f0       0x98 /usr/local/Caskroom/gcc-arm-embedded/9-2020-q2-update/gcc-arm-none-eabi-9-2020-q2-update/bin/../lib/gcc/arm-none-eabi/9.3.1/../../../../arm-none-eabi/lib/thumb/v7-m/nofp/libg.a(lib_a-mprec.o)
                0x000000000800b4f0                __pow5mult
 .text.__lshift
                0x000000000800b588       0xe8 /usr/local/Caskroom/gcc-arm-embedded/9-2020-q2-update/gcc-arm-none-eabi-9-2020-q2-update/bin/../lib/gcc/arm-none-eabi/9.3.1/../../../../arm-none-eabi/lib/thumb/v7-m/nofp/libg.a(lib_a-mprec.o)
                0x000000000800b588                __lshift
 .text.__mcmp   0x000000000800b670       0x3c /usr/local/Caskroom/gcc-arm-embedded/9-2020-q2-update/gcc-arm-none-eabi-9-2020-q2-update/bin/../lib/gcc/arm-none-eabi/9.3.1/../../../../arm-none-eabi/lib/thumb/v7-m/nofp/libg.a(lib_a-mprec.o)
                0x000000000800b670                __mcmp
 .text.__mdiff  0x000000000800b6ac      0x150 /usr/local/Caskroom/gcc-arm-embedded/9-2020-q2-update/gcc-arm-none-eabi-9-2020-q2-update/bin/../lib/gcc/arm-none-eabi/9.3.1/../../../../arm-none-eabi/lib/thumb/v7-m/nofp/libg.a(lib_a-mprec.o)
                0x000000000800b6ac                __mdiff
 .text.__d2b    0x000000000800b7fc       0xc4 /usr/local/Caskroom/gcc-arm-embedded/9-2020-q2-update/gcc-arm-none-eabi-9-2020-q2-update/bin/../lib/gcc/arm-none-eabi/9.3.1/../../../../arm-none-eabi/lib/thumb/v7-m/nofp/libg.a(lib_a-mprec.o)
                0x000000000800b7fc                __d2b
 .text.frexp    0x000000000800b8c0       0x70 /usr/local/Caskroom/gcc-arm-embedded/9-2020-q2-update/gcc-arm-none-eabi-9-2020-q2-update/bin/../lib/gcc/arm-none-eabi/9.3.1/../../../../arm-none-eabi/lib/thumb/v7-m/nofp/libg.a(lib_a-s_frexp.o)
                0x000000000800b8c0                frexp
 .text._sbrk_r  0x000000000800b930       0x24 /usr/local/Caskroom/gcc-arm-embedded/9-2020-q2-update/gcc-arm-none-eabi-9-2020-q2-update/bin/../lib/gcc/arm-none-eabi/9.3.1/../../../../arm-none-eabi/lib/thumb/v7-m/nofp/libg.a(lib_a-sbrkr.o)
                0x000000000800b930                _sbrk_r
 .text.__sread  0x000000000800b954       0x24 /usr/local/Caskroom/gcc-arm-embedded/9-2020-q2-update/gcc-arm-none-eabi-9-2020-q2-update/bin/../lib/gcc/arm-none-eabi/9.3.1/../../../../arm-none-eabi/lib/thumb/v7-m/nofp/libg.a(lib_a-stdio.o)
                0x000000000800b954                __sread
 .text.__swrite
                0x000000000800b978       0x40 /usr/local/Caskroom/gcc-arm-embedded/9-2020-q2-update/gcc-arm-none-eabi-9-2020-q2-update/bin/../lib/gcc/arm-none-eabi/9.3.1/../../../../arm-none-eabi/lib/thumb/v7-m/nofp/libg.a(lib_a-stdio.o)
                0x000000000800b978                __swrite
 .text.__sseek  0x000000000800b9b8       0x20 /usr/local/Caskroom/gcc-arm-embedded/9-2020-q2-update/gcc-arm-none-eabi-9-2020-q2-update/bin/../lib/gcc/arm-none-eabi/9.3.1/../../../../arm-none-eabi/lib/thumb/v7-m/nofp/libg.a(lib_a-stdio.o)
                0x000000000800b9b8                __sseek
 .text.__sclose
                0x000000000800b9d8        0x8 /usr/local/Caskroom/gcc-arm-embedded/9-2020-q2-update/gcc-arm-none-eabi-9-2020-q2-update/bin/../lib/gcc/arm-none-eabi/9.3.1/../../../../arm-none-eabi/lib/thumb/v7-m/nofp/libg.a(lib_a-stdio.o)
                0x000000000800b9d8                __sclose
 .text.strlen   0x000000000800b9e0       0x5c /usr/local/Caskroom/gcc-arm-embedded/9-2020-q2-update/gcc-arm-none-eabi-9-2020-q2-update/bin/../lib/gcc/arm-none-eabi/9.3.1/../../../../arm-none-eabi/lib/thumb/v7-m/nofp/libg.a(lib_a-strlen-stub.o)
                0x000000000800b9e0                strlen
 .text.strncpy  0x000000000800ba3c       0x68 /usr/local/Caskroom/gcc-arm-embedded/9-2020-q2-update/gcc-arm-none-eabi-9-2020-q2-update/bin/../lib/gcc/arm-none-eabi/9.3.1/../../../../arm-none-eabi/lib/thumb/v7-m/nofp/libg.a(lib_a-strncpy.o)
                0x000000000800ba3c                strncpy
 .text.__sprint_r.part.0
                0x000000000800baa4       0x78 /usr/local/Caskroom/gcc-arm-embedded/9-2020-q2-update/gcc-arm-none-eabi-9-2020-q2-update/bin/../lib/gcc/arm-none-eabi/9.3.1/../../../../arm-none-eabi/lib/thumb/v7-m/nofp/libg.a(lib_a-vfiprintf.o)
 .text.__sprint_r
                0x000000000800bb1c       0x14 /usr/local/Caskroom/gcc-arm-embedded/9-2020-q2-update/gcc-arm-none-eabi-9-2020-q2-update/bin/../lib/gcc/arm-none-eabi/9.3.1/../../../../arm-none-eabi/lib/thumb/v7-m/nofp/libg.a(lib_a-vfiprintf.o)
                0x000000000800bb1c                __sprint_r
 .text._vfiprintf_r
                0x000000000800bb30      0xd2c /usr/local/Caskroom/gcc-arm-embedded/9-2020-q2-update/gcc-arm-none-eabi-9-2020-q2-update/bin/../lib/gcc/arm-none-eabi/9.3.1/../../../../arm-none-eabi/lib/thumb/v7-m/nofp/libg.a(lib_a-vfiprintf.o)
                0x000000000800bb30                _vfiprintf_r
 .text.__sbprintf
                0x000000000800c85c       0x88 /usr/local/Caskroom/gcc-arm-embedded/9-2020-q2-update/gcc-arm-none-eabi-9-2020-q2-update/bin/../lib/gcc/arm-none-eabi/9.3.1/../../../../arm-none-eabi/lib/thumb/v7-m/nofp/libg.a(lib_a-vfiprintf.o)
 .text._write_r
                0x000000000800c8e4       0x2c /usr/local/Caskroom/gcc-arm-embedded/9-2020-q2-update/gcc-arm-none-eabi-9-2020-q2-update/bin/../lib/gcc/arm-none-eabi/9.3.1/../../../../arm-none-eabi/lib/thumb/v7-m/nofp/libg.a(lib_a-writer.o)
                0x000000000800c8e4                _write_r
 .text.__register_exitproc
                0x000000000800c910       0x8c /usr/local/Caskroom/gcc-arm-embedded/9-2020-q2-update/gcc-arm-none-eabi-9-2020-q2-update/bin/../lib/gcc/arm-none-eabi/9.3.1/../../../../arm-none-eabi/lib/thumb/v7-m/nofp/libg.a(lib_a-__atexit.o)
                0x000000000800c910                __register_exitproc
 .text.__assert_func
                0x000000000800c99c       0x3c /usr/local/Caskroom/gcc-arm-embedded/9-2020-q2-update/gcc-arm-none-eabi-9-2020-q2-update/bin/../lib/gcc/arm-none-eabi/9.3.1/../../../../arm-none-eabi/lib/thumb/v7-m/nofp/libg.a(lib_a-assert.o)
                0x000000000800c99c                __assert_func
 .text._calloc_r
                0x000000000800c9d8       0x60 /usr/local/Caskroom/gcc-arm-embedded/9-2020-q2-update/gcc-arm-none-eabi-9-2020-q2-update/bin/../lib/gcc/arm-none-eabi/9.3.1/../../../../arm-none-eabi/lib/thumb/v7-m/nofp/libg.a(lib_a-callocr.o)
                0x000000000800c9d8                _calloc_r
 .text._close_r
                0x000000000800ca38       0x24 /usr/local/Caskroom/gcc-arm-embedded/9-2020-q2-update/gcc-arm-none-eabi-9-2020-q2-update/bin/../lib/gcc/arm-none-eabi/9.3.1/../../../../arm-none-eabi/lib/thumb/v7-m/nofp/libg.a(lib_a-closer.o)
                0x000000000800ca38                _close_r
 .text._fclose_r
                0x000000000800ca5c       0xcc /usr/local/Caskroom/gcc-arm-embedded/9-2020-q2-update/gcc-arm-none-eabi-9-2020-q2-update/bin/../lib/gcc/arm-none-eabi/9.3.1/../../../../arm-none-eabi/lib/thumb/v7-m/nofp/libg.a(lib_a-fclose.o)
                0x000000000800ca5c                _fclose_r
 .text.fiprintf
                0x000000000800cb28       0x28 /usr/local/Caskroom/gcc-arm-embedded/9-2020-q2-update/gcc-arm-none-eabi-9-2020-q2-update/bin/../lib/gcc/arm-none-eabi/9.3.1/../../../../arm-none-eabi/lib/thumb/v7-m/nofp/libg.a(lib_a-fiprintf.o)
                0x000000000800cb28                fiprintf
 .text.__fputwc
                0x000000000800cb50       0xa0 /usr/local/Caskroom/gcc-arm-embedded/9-2020-q2-update/gcc-arm-none-eabi-9-2020-q2-update/bin/../lib/gcc/arm-none-eabi/9.3.1/../../../../arm-none-eabi/lib/thumb/v7-m/nofp/libg.a(lib_a-fputwc.o)
                0x000000000800cb50                __fputwc
 .text._fputwc_r
                0x000000000800cbf0       0x68 /usr/local/Caskroom/gcc-arm-embedded/9-2020-q2-update/gcc-arm-none-eabi-9-2020-q2-update/bin/../lib/gcc/arm-none-eabi/9.3.1/../../../../arm-none-eabi/lib/thumb/v7-m/nofp/libg.a(lib_a-fputwc.o)
                0x000000000800cbf0                _fputwc_r
 .text._fstat_r
                0x000000000800cc58       0x2c /usr/local/Caskroom/gcc-arm-embedded/9-2020-q2-update/gcc-arm-none-eabi-9-2020-q2-update/bin/../lib/gcc/arm-none-eabi/9.3.1/../../../../arm-none-eabi/lib/thumb/v7-m/nofp/libg.a(lib_a-fstatr.o)
                0x000000000800cc58                _fstat_r
 .text.__sfvwrite_r
                0x000000000800cc84      0x2ec /usr/local/Caskroom/gcc-arm-embedded/9-2020-q2-update/gcc-arm-none-eabi-9-2020-q2-update/bin/../lib/gcc/arm-none-eabi/9.3.1/../../../../arm-none-eabi/lib/thumb/v7-m/nofp/libg.a(lib_a-fvwrite.o)
                0x000000000800cc84                __sfvwrite_r
 .text._isatty_r
                0x000000000800cf70       0x24 /usr/local/Caskroom/gcc-arm-embedded/9-2020-q2-update/gcc-arm-none-eabi-9-2020-q2-update/bin/../lib/gcc/arm-none-eabi/9.3.1/../../../../arm-none-eabi/lib/thumb/v7-m/nofp/libg.a(lib_a-isattyr.o)
                0x000000000800cf70                _isatty_r
 .text.__locale_mb_cur_max
                0x000000000800cf94        0xc /usr/local/Caskroom/gcc-arm-embedded/9-2020-q2-update/gcc-arm-none-eabi-9-2020-q2-update/bin/../lib/gcc/arm-none-eabi/9.3.1/../../../../arm-none-eabi/lib/thumb/v7-m/nofp/libg.a(lib_a-locale.o)
                0x000000000800cf94                __locale_mb_cur_max
 .text._lseek_r
                0x000000000800cfa0       0x2c /usr/local/Caskroom/gcc-arm-embedded/9-2020-q2-update/gcc-arm-none-eabi-9-2020-q2-update/bin/../lib/gcc/arm-none-eabi/9.3.1/../../../../arm-none-eabi/lib/thumb/v7-m/nofp/libg.a(lib_a-lseekr.o)
                0x000000000800cfa0                _lseek_r
 .text.__ascii_mbtowc
                0x000000000800cfcc       0x2c /usr/local/Caskroom/gcc-arm-embedded/9-2020-q2-update/gcc-arm-none-eabi-9-2020-q2-update/bin/../lib/gcc/arm-none-eabi/9.3.1/../../../../arm-none-eabi/lib/thumb/v7-m/nofp/libg.a(lib_a-mbtowc_r.o)
                0x000000000800cfcc                __ascii_mbtowc
 .text.memmove  0x000000000800cff8       0xd4 /usr/local/Caskroom/gcc-arm-embedded/9-2020-q2-update/gcc-arm-none-eabi-9-2020-q2-update/bin/../lib/gcc/arm-none-eabi/9.3.1/../../../../arm-none-eabi/lib/thumb/v7-m/nofp/libg.a(lib_a-memmove.o)
                0x000000000800cff8                memmove
 .text._read_r  0x000000000800d0cc       0x2c /usr/local/Caskroom/gcc-arm-embedded/9-2020-q2-update/gcc-arm-none-eabi-9-2020-q2-update/bin/../lib/gcc/arm-none-eabi/9.3.1/../../../../arm-none-eabi/lib/thumb/v7-m/nofp/libg.a(lib_a-readr.o)
                0x000000000800d0cc                _read_r
 .text._realloc_r
                0x000000000800d0f8      0x3e0 /usr/local/Caskroom/gcc-arm-embedded/9-2020-q2-update/gcc-arm-none-eabi-9-2020-q2-update/bin/../lib/gcc/arm-none-eabi/9.3.1/../../../../arm-none-eabi/lib/thumb/v7-m/nofp/libg.a(lib_a-reallocr.o)
                0x000000000800d0f8                _realloc_r
 .text.__swbuf_r
                0x000000000800d4d8       0xb0 /usr/local/Caskroom/gcc-arm-embedded/9-2020-q2-update/gcc-arm-none-eabi-9-2020-q2-update/bin/../lib/gcc/arm-none-eabi/9.3.1/../../../../arm-none-eabi/lib/thumb/v7-m/nofp/libg.a(lib_a-wbuf.o)
                0x000000000800d4d8                __swbuf_r
 .text._wcrtomb_r
                0x000000000800d588       0x3c /usr/local/Caskroom/gcc-arm-embedded/9-2020-q2-update/gcc-arm-none-eabi-9-2020-q2-update/bin/../lib/gcc/arm-none-eabi/9.3.1/../../../../arm-none-eabi/lib/thumb/v7-m/nofp/libg.a(lib_a-wcrtomb.o)
                0x000000000800d588                _wcrtomb_r
 .text.__ascii_wctomb
                0x000000000800d5c4       0x1c /usr/local/Caskroom/gcc-arm-embedded/9-2020-q2-update/gcc-arm-none-eabi-9-2020-q2-update/bin/../lib/gcc/arm-none-eabi/9.3.1/../../../../arm-none-eabi/lib/thumb/v7-m/nofp/libg.a(lib_a-wctomb_r.o)
                0x000000000800d5c4                __ascii_wctomb
 .text.abort    0x000000000800d5e0       0x10 /usr/local/Caskroom/gcc-arm-embedded/9-2020-q2-update/gcc-arm-none-eabi-9-2020-q2-update/bin/../lib/gcc/arm-none-eabi/9.3.1/../../../../arm-none-eabi/lib/thumb/v7-m/nofp/libg.a(lib_a-abort.o)
                0x000000000800d5e0                abort
 .text._raise_r
                0x000000000800d5f0       0x58 /usr/local/Caskroom/gcc-arm-embedded/9-2020-q2-update/gcc-arm-none-eabi-9-2020-q2-update/bin/../lib/gcc/arm-none-eabi/9.3.1/../../../../arm-none-eabi/lib/thumb/v7-m/nofp/libg.a(lib_a-signal.o)
                0x000000000800d5f0                _raise_r
 .text.raise    0x000000000800d648       0x10 /usr/local/Caskroom/gcc-arm-embedded/9-2020-q2-update/gcc-arm-none-eabi-9-2020-q2-update/bin/../lib/gcc/arm-none-eabi/9.3.1/../../../../arm-none-eabi/lib/thumb/v7-m/nofp/libg.a(lib_a-signal.o)
                0x000000000800d648                raise
 .text._kill_r  0x000000000800d658       0x2c /usr/local/Caskroom/gcc-arm-embedded/9-2020-q2-update/gcc-arm-none-eabi-9-2020-q2-update/bin/../lib/gcc/arm-none-eabi/9.3.1/../../../../arm-none-eabi/lib/thumb/v7-m/nofp/libg.a(lib_a-signalr.o)
                0x000000000800d658                _kill_r
 .text._getpid_r
                0x000000000800d684        0x4 /usr/local/Caskroom/gcc-arm-embedded/9-2020-q2-update/gcc-arm-none-eabi-9-2020-q2-update/bin/../lib/gcc/arm-none-eabi/9.3.1/../../../../arm-none-eabi/lib/thumb/v7-m/nofp/libg.a(lib_a-signalr.o)
                0x000000000800d684                _getpid_r
 *(.glue_7)
 .glue_7        0x000000000800d688        0x0 linker stubs
 *(.glue_7t)
 .glue_7t       0x000000000800d688        0x0 linker stubs
 *(.eh_frame)
 .eh_frame      0x000000000800d688        0x0 /usr/local/Caskroom/gcc-arm-embedded/9-2020-q2-update/gcc-arm-none-eabi-9-2020-q2-update/bin/../lib/gcc/arm-none-eabi/9.3.1/thumb/v7-m/nofp/crtbegin.o
 *(.init)
 .init          0x000000000800d688        0x4 /usr/local/Caskroom/gcc-arm-embedded/9-2020-q2-update/gcc-arm-none-eabi-9-2020-q2-update/bin/../lib/gcc/arm-none-eabi/9.3.1/thumb/v7-m/nofp/crti.o
                0x000000000800d688                _init
 .init          0x000000000800d68c        0x8 /usr/local/Caskroom/gcc-arm-embedded/9-2020-q2-update/gcc-arm-none-eabi-9-2020-q2-update/bin/../lib/gcc/arm-none-eabi/9.3.1/thumb/v7-m/nofp/crtn.o
 *(.fini)
 .fini          0x000000000800d694        0x4 /usr/local/Caskroom/gcc-arm-embedded/9-2020-q2-update/gcc-arm-none-eabi-9-2020-q2-update/bin/../lib/gcc/arm-none-eabi/9.3.1/thumb/v7-m/nofp/crti.o
                0x000000000800d694                _fini
 .fini          0x000000000800d698        0x8 /usr/local/Caskroom/gcc-arm-embedded/9-2020-q2-update/gcc-arm-none-eabi-9-2020-q2-update/bin/../lib/gcc/arm-none-eabi/9.3.1/thumb/v7-m/nofp/crtn.o
                0x000000000800d6a0                . = ALIGN (0x4)
                0x000000000800d6a0                _etext = .

.vfp11_veneer   0x000000000800d6a0        0x0
 .vfp11_veneer  0x000000000800d6a0        0x0 linker stubs

.v4_bx          0x000000000800d6a0        0x0
 .v4_bx         0x000000000800d6a0        0x0 linker stubs

.iplt           0x000000000800d6a0        0x0
 .iplt          0x000000000800d6a0        0x0 /usr/local/Caskroom/gcc-arm-embedded/9-2020-q2-update/gcc-arm-none-eabi-9-2020-q2-update/bin/../lib/gcc/arm-none-eabi/9.3.1/thumb/v7-m/nofp/crtbegin.o

.rodata         0x000000000800d6a0     0x1c90
                0x000000000800d6a0                . = ALIGN (0x4)
 *(.rodata)
 *(.rodata*)
 .rodata.NRF24L01_Check.str1.4
                0x000000000800d6a0        0x6 CMakeFiles/NRFTest.elf.dir/Core/Src/24l01.c.obj
 *fill*         0x000000000800d6a6        0x2 
 .rodata.RX_ADDRESS
                0x000000000800d6a8        0x5 CMakeFiles/NRFTest.elf.dir/Core/Src/24l01.c.obj
                0x000000000800d6a8                RX_ADDRESS
 *fill*         0x000000000800d6ad        0x3 
 .rodata.TX_ADDRESS
                0x000000000800d6b0        0x5 CMakeFiles/NRFTest.elf.dir/Core/Src/24l01.c.obj
                0x000000000800d6b0                TX_ADDRESS
 *fill*         0x000000000800d6b5        0x3 
 .rodata.LCD_Init.str1.4
                0x000000000800d6b8        0xd CMakeFiles/NRFTest.elf.dir/Core/Src/lcd.c.obj
 *fill*         0x000000000800d6c5        0x3 
 .rodata.asc2_1206
                0x000000000800d6c8      0x474 CMakeFiles/NRFTest.elf.dir/Core/Src/lcd.c.obj
                0x000000000800d6c8                asc2_1206
 .rodata.asc2_1608
                0x000000000800db3c      0x5f0 CMakeFiles/NRFTest.elf.dir/Core/Src/lcd.c.obj
                0x000000000800db3c                asc2_1608
 .rodata.asc2_2412
                0x000000000800e12c      0xd5c CMakeFiles/NRFTest.elf.dir/Core/Src/lcd.c.obj
                0x000000000800e12c                asc2_2412
 .rodata.main.str1.4
                0x000000000800ee88       0xc5 CMakeFiles/NRFTest.elf.dir/Core/Src/main.c.obj
 *fill*         0x000000000800ef4d        0x3 
 .rodata.AHBPrescTable
                0x000000000800ef50       0x10 CMakeFiles/NRFTest.elf.dir/Core/Src/system_stm32f1xx.c.obj
                0x000000000800ef50                AHBPrescTable
 .rodata.APBPrescTable
                0x000000000800ef60        0x8 CMakeFiles/NRFTest.elf.dir/Core/Src/system_stm32f1xx.c.obj
                0x000000000800ef60                APBPrescTable
 .rodata.HAL_RCC_GetSysClockFreq.str1.4
                0x000000000800ef68       0x11 CMakeFiles/NRFTest.elf.dir/Drivers/STM32F1xx_HAL_Driver/Src/stm32f1xx_hal_rcc.c.obj
 *fill*         0x000000000800ef79        0x3 
 .rodata._global_impure_ptr
                0x000000000800ef7c        0x4 /usr/local/Caskroom/gcc-arm-embedded/9-2020-q2-update/gcc-arm-none-eabi-9-2020-q2-update/bin/../lib/gcc/arm-none-eabi/9.3.1/../../../../arm-none-eabi/lib/thumb/v7-m/nofp/libg.a(lib_a-impure.o)
                0x000000000800ef7c                _global_impure_ptr
 .rodata._vfprintf_r.str1.4
                0x000000000800ef80       0x42 /usr/local/Caskroom/gcc-arm-embedded/9-2020-q2-update/gcc-arm-none-eabi-9-2020-q2-update/bin/../lib/gcc/arm-none-eabi/9.3.1/../../../../arm-none-eabi/lib/thumb/v7-m/nofp/libg.a(lib_a-vfprintf.o)
 *fill*         0x000000000800efc2        0x2 
 .rodata.blanks.7350
                0x000000000800efc4       0x10 /usr/local/Caskroom/gcc-arm-embedded/9-2020-q2-update/gcc-arm-none-eabi-9-2020-q2-update/bin/../lib/gcc/arm-none-eabi/9.3.1/../../../../arm-none-eabi/lib/thumb/v7-m/nofp/libg.a(lib_a-vfprintf.o)
 .rodata.zeroes.7351
                0x000000000800efd4       0x10 /usr/local/Caskroom/gcc-arm-embedded/9-2020-q2-update/gcc-arm-none-eabi-9-2020-q2-update/bin/../lib/gcc/arm-none-eabi/9.3.1/../../../../arm-none-eabi/lib/thumb/v7-m/nofp/libg.a(lib_a-vfprintf.o)
 .rodata._dtoa_r.str1.4
                0x000000000800efe4       0x7d /usr/local/Caskroom/gcc-arm-embedded/9-2020-q2-update/gcc-arm-none-eabi-9-2020-q2-update/bin/../lib/gcc/arm-none-eabi/9.3.1/../../../../arm-none-eabi/lib/thumb/v7-m/nofp/libg.a(lib_a-dtoa.o)
                                         0x81 (size before relaxing)
 *fill*         0x000000000800f061        0x3 
 .rodata.__multadd.str1.4
                0x000000000800f064       0x5a /usr/local/Caskroom/gcc-arm-embedded/9-2020-q2-update/gcc-arm-none-eabi-9-2020-q2-update/bin/../lib/gcc/arm-none-eabi/9.3.1/../../../../arm-none-eabi/lib/thumb/v7-m/nofp/libg.a(lib_a-mprec.o)
                                         0x6e (size before relaxing)
 *fill*         0x000000000800f0be        0x2 
 .rodata.__mprec_bigtens
                0x000000000800f0c0       0x28 /usr/local/Caskroom/gcc-arm-embedded/9-2020-q2-update/gcc-arm-none-eabi-9-2020-q2-update/bin/../lib/gcc/arm-none-eabi/9.3.1/../../../../arm-none-eabi/lib/thumb/v7-m/nofp/libg.a(lib_a-mprec.o)
                0x000000000800f0c0                __mprec_bigtens
 .rodata.__mprec_tens
                0x000000000800f0e8       0xc8 /usr/local/Caskroom/gcc-arm-embedded/9-2020-q2-update/gcc-arm-none-eabi-9-2020-q2-update/bin/../lib/gcc/arm-none-eabi/9.3.1/../../../../arm-none-eabi/lib/thumb/v7-m/nofp/libg.a(lib_a-mprec.o)
                0x000000000800f0e8                __mprec_tens
 .rodata.p05.6122
                0x000000000800f1b0        0xc /usr/local/Caskroom/gcc-arm-embedded/9-2020-q2-update/gcc-arm-none-eabi-9-2020-q2-update/bin/../lib/gcc/arm-none-eabi/9.3.1/../../../../arm-none-eabi/lib/thumb/v7-m/nofp/libg.a(lib_a-mprec.o)
 .rodata._vfiprintf_r.str1.4
                0x000000000800f1bc       0x2f /usr/local/Caskroom/gcc-arm-embedded/9-2020-q2-update/gcc-arm-none-eabi-9-2020-q2-update/bin/../lib/gcc/arm-none-eabi/9.3.1/../../../../arm-none-eabi/lib/thumb/v7-m/nofp/libg.a(lib_a-vfiprintf.o)
 .rodata.blanks.7328
                0x000000000800f1bc       0x10 /usr/local/Caskroom/gcc-arm-embedded/9-2020-q2-update/gcc-arm-none-eabi-9-2020-q2-update/bin/../lib/gcc/arm-none-eabi/9.3.1/../../../../arm-none-eabi/lib/thumb/v7-m/nofp/libg.a(lib_a-vfiprintf.o)
 .rodata.zeroes.7329
                0x000000000800f1cc       0x10 /usr/local/Caskroom/gcc-arm-embedded/9-2020-q2-update/gcc-arm-none-eabi-9-2020-q2-update/bin/../lib/gcc/arm-none-eabi/9.3.1/../../../../arm-none-eabi/lib/thumb/v7-m/nofp/libg.a(lib_a-vfiprintf.o)
 .rodata.__assert_func.str1.4
                0x000000000800f1dc       0x3f /usr/local/Caskroom/gcc-arm-embedded/9-2020-q2-update/gcc-arm-none-eabi-9-2020-q2-update/bin/../lib/gcc/arm-none-eabi/9.3.1/../../../../arm-none-eabi/lib/thumb/v7-m/nofp/libg.a(lib_a-assert.o)
                                         0x43 (size before relaxing)
 *fill*         0x000000000800f21b        0x1 
 .rodata._setlocale_r.str1.4
                0x000000000800f21c        0xa /usr/local/Caskroom/gcc-arm-embedded/9-2020-q2-update/gcc-arm-none-eabi-9-2020-q2-update/bin/../lib/gcc/arm-none-eabi/9.3.1/../../../../arm-none-eabi/lib/thumb/v7-m/nofp/libg.a(lib_a-locale.o)
                                          0xd (size before relaxing)
 *fill*         0x000000000800f226        0x2 
 .rodata.str1.4
                0x000000000800f228        0x2 /usr/local/Caskroom/gcc-arm-embedded/9-2020-q2-update/gcc-arm-none-eabi-9-2020-q2-update/bin/../lib/gcc/arm-none-eabi/9.3.1/../../../../arm-none-eabi/lib/thumb/v7-m/nofp/libg.a(lib_a-locale.o)
 *fill*         0x000000000800f22a        0x2 
 .rodata._ctype_
                0x000000000800f22c      0x101 /usr/local/Caskroom/gcc-arm-embedded/9-2020-q2-update/gcc-arm-none-eabi-9-2020-q2-update/bin/../lib/gcc/arm-none-eabi/9.3.1/../../../../arm-none-eabi/lib/thumb/v7-m/nofp/libg.a(lib_a-ctype_.o)
                0x000000000800f22c                _ctype_
                0x000000000800f330                . = ALIGN (0x4)
 *fill*         0x000000000800f32d        0x3 

.ARM.extab      0x000000000800f330        0x0
                0x000000000800f330                . = ALIGN (0x4)
 *(.ARM.extab* .gnu.linkonce.armextab.*)
                0x000000000800f330                . = ALIGN (0x4)

.ARM            0x000000000800f330        0x8
                0x000000000800f330                . = ALIGN (0x4)
                0x000000000800f330                __exidx_start = .
 *(.ARM.exidx*)
 .ARM.exidx     0x000000000800f330        0x8 /usr/local/Caskroom/gcc-arm-embedded/9-2020-q2-update/gcc-arm-none-eabi-9-2020-q2-update/bin/../lib/gcc/arm-none-eabi/9.3.1/thumb/v7-m/nofp/libgcc.a(_udivmoddi4.o)
                0x000000000800f338                __exidx_end = .
                0x000000000800f338                . = ALIGN (0x4)

.rel.dyn        0x000000000800f338        0x0
 .rel.iplt      0x000000000800f338        0x0 /usr/local/Caskroom/gcc-arm-embedded/9-2020-q2-update/gcc-arm-none-eabi-9-2020-q2-update/bin/../lib/gcc/arm-none-eabi/9.3.1/thumb/v7-m/nofp/crtbegin.o

.preinit_array  0x000000000800f338        0x0
                0x000000000800f338                . = ALIGN (0x4)
                0x000000000800f338                PROVIDE (__preinit_array_start = .)
 *(.preinit_array*)
                0x000000000800f338                PROVIDE (__preinit_array_end = .)
                0x000000000800f338                . = ALIGN (0x4)

.init_array     0x000000000800f338        0x8
                0x000000000800f338                . = ALIGN (0x4)
                0x000000000800f338                PROVIDE (__init_array_start = .)
 *(SORT_BY_NAME(.init_array.*))
 .init_array.00000
                0x000000000800f338        0x4 /usr/local/Caskroom/gcc-arm-embedded/9-2020-q2-update/gcc-arm-none-eabi-9-2020-q2-update/bin/../lib/gcc/arm-none-eabi/9.3.1/../../../../arm-none-eabi/lib/thumb/v7-m/nofp/libg.a(lib_a-__call_atexit.o)
 *(.init_array*)
 .init_array    0x000000000800f33c        0x4 /usr/local/Caskroom/gcc-arm-embedded/9-2020-q2-update/gcc-arm-none-eabi-9-2020-q2-update/bin/../lib/gcc/arm-none-eabi/9.3.1/thumb/v7-m/nofp/crtbegin.o
                0x000000000800f340                PROVIDE (__init_array_end = .)
                0x000000000800f340                . = ALIGN (0x4)

.fini_array     0x000000000800f340        0x4
                0x000000000800f340                . = ALIGN (0x4)
                0x000000000800f340                PROVIDE (__fini_array_start = .)
 *(SORT_BY_NAME(.fini_array.*))
 *(.fini_array*)
 .fini_array    0x000000000800f340        0x4 /usr/local/Caskroom/gcc-arm-embedded/9-2020-q2-update/gcc-arm-none-eabi-9-2020-q2-update/bin/../lib/gcc/arm-none-eabi/9.3.1/thumb/v7-m/nofp/crtbegin.o
                0x000000000800f344                PROVIDE (__fini_array_end = .)
                0x000000000800f344                . = ALIGN (0x4)
                0x000000000800f344                _sidata = LOADADDR (.data)

.data           0x0000000020000000      0x9c0 load address 0x000000000800f344
                0x0000000020000000                . = ALIGN (0x4)
                0x0000000020000000                _sdata = .
 *(.data)
 *(.data*)
 .data.key_up.5850
                0x0000000020000000        0x1 CMakeFiles/NRFTest.elf.dir/Core/Src/key.c.obj
 *fill*         0x0000000020000001        0x1 
 .data.BACK_COLOR
                0x0000000020000002        0x2 CMakeFiles/NRFTest.elf.dir/Core/Src/lcd.c.obj
                0x0000000020000002                BACK_COLOR
 .data.SystemCoreClock
                0x0000000020000004        0x4 CMakeFiles/NRFTest.elf.dir/Core/Src/system_stm32f1xx.c.obj
                0x0000000020000004                SystemCoreClock
 .data.uwTickFreq
                0x0000000020000008        0x1 CMakeFiles/NRFTest.elf.dir/Drivers/STM32F1xx_HAL_Driver/Src/stm32f1xx_hal.c.obj
                0x0000000020000008                uwTickFreq
 *fill*         0x0000000020000009        0x3 
 .data.uwTickPrio
                0x000000002000000c        0x4 CMakeFiles/NRFTest.elf.dir/Drivers/STM32F1xx_HAL_Driver/Src/stm32f1xx_hal.c.obj
                0x000000002000000c                uwTickPrio
 .data._impure_ptr
                0x0000000020000010        0x4 /usr/local/Caskroom/gcc-arm-embedded/9-2020-q2-update/gcc-arm-none-eabi-9-2020-q2-update/bin/../lib/gcc/arm-none-eabi/9.3.1/../../../../arm-none-eabi/lib/thumb/v7-m/nofp/libg.a(lib_a-impure.o)
                0x0000000020000010                _impure_ptr
 *fill*         0x0000000020000014        0x4 
 .data.impure_data
                0x0000000020000018      0x428 /usr/local/Caskroom/gcc-arm-embedded/9-2020-q2-update/gcc-arm-none-eabi-9-2020-q2-update/bin/../lib/gcc/arm-none-eabi/9.3.1/../../../../arm-none-eabi/lib/thumb/v7-m/nofp/libg.a(lib_a-impure.o)
 .data.__atexit_recursive_mutex
                0x0000000020000440        0x4 /usr/local/Caskroom/gcc-arm-embedded/9-2020-q2-update/gcc-arm-none-eabi-9-2020-q2-update/bin/../lib/gcc/arm-none-eabi/9.3.1/../../../../arm-none-eabi/lib/thumb/v7-m/nofp/libg.a(lib_a-__call_atexit.o)
                0x0000000020000440                __atexit_recursive_mutex
 .data.__malloc_av_
                0x0000000020000444      0x408 /usr/local/Caskroom/gcc-arm-embedded/9-2020-q2-update/gcc-arm-none-eabi-9-2020-q2-update/bin/../lib/gcc/arm-none-eabi/9.3.1/../../../../arm-none-eabi/lib/thumb/v7-m/nofp/libg.a(lib_a-mallocr.o)
                0x0000000020000444                __malloc_av_
 .data.__malloc_sbrk_base
                0x000000002000084c        0x4 /usr/local/Caskroom/gcc-arm-embedded/9-2020-q2-update/gcc-arm-none-eabi-9-2020-q2-update/bin/../lib/gcc/arm-none-eabi/9.3.1/../../../../arm-none-eabi/lib/thumb/v7-m/nofp/libg.a(lib_a-mallocr.o)
                0x000000002000084c                __malloc_sbrk_base
 .data.__malloc_trim_threshold
                0x0000000020000850        0x4 /usr/local/Caskroom/gcc-arm-embedded/9-2020-q2-update/gcc-arm-none-eabi-9-2020-q2-update/bin/../lib/gcc/arm-none-eabi/9.3.1/../../../../arm-none-eabi/lib/thumb/v7-m/nofp/libg.a(lib_a-mallocr.o)
                0x0000000020000850                __malloc_trim_threshold
 .data.__global_locale
                0x0000000020000854      0x16c /usr/local/Caskroom/gcc-arm-embedded/9-2020-q2-update/gcc-arm-none-eabi-9-2020-q2-update/bin/../lib/gcc/arm-none-eabi/9.3.1/../../../../arm-none-eabi/lib/thumb/v7-m/nofp/libg.a(lib_a-locale.o)
                0x0000000020000854                __global_locale
                0x00000000200009c0                . = ALIGN (0x4)
                0x00000000200009c0                _edata = .

.igot.plt       0x00000000200009c0        0x0 load address 0x000000000800fd04
 .igot.plt      0x00000000200009c0        0x0 /usr/local/Caskroom/gcc-arm-embedded/9-2020-q2-update/gcc-arm-none-eabi-9-2020-q2-update/bin/../lib/gcc/arm-none-eabi/9.3.1/thumb/v7-m/nofp/crtbegin.o
                0x00000000200009c0                . = ALIGN (0x4)

.bss            0x00000000200009c0      0x144 load address 0x000000000800fd04
                0x00000000200009c0                _sbss = .
                0x00000000200009c0                __bss_start__ = _sbss
 *(.bss)
 .bss           0x00000000200009c0       0x1c /usr/local/Caskroom/gcc-arm-embedded/9-2020-q2-update/gcc-arm-none-eabi-9-2020-q2-update/bin/../lib/gcc/arm-none-eabi/9.3.1/thumb/v7-m/nofp/crtbegin.o
 *(.bss*)
 .bss.fac_us    0x00000000200009dc        0x4 CMakeFiles/NRFTest.elf.dir/Core/Src/delay.c.obj
 .bss.POINT_COLOR
                0x00000000200009e0        0x2 CMakeFiles/NRFTest.elf.dir/Core/Src/lcd.c.obj
                0x00000000200009e0                POINT_COLOR
 *fill*         0x00000000200009e2        0x2 
 .bss.lcddev    0x00000000200009e4        0xe CMakeFiles/NRFTest.elf.dir/Core/Src/lcd.c.obj
                0x00000000200009e4                lcddev
 *fill*         0x00000000200009f2        0x2 
 .bss.SPI1_Handler
                0x00000000200009f4       0x58 CMakeFiles/NRFTest.elf.dir/Core/Src/spi.c.obj
                0x00000000200009f4                SPI1_Handler
 .bss.rxBuffer  0x0000000020000a4c       0x14 CMakeFiles/NRFTest.elf.dir/Core/Src/stm32f1xx_it.c.obj
                0x0000000020000a4c                rxBuffer
 .bss.heap_end.5206
                0x0000000020000a60        0x4 CMakeFiles/NRFTest.elf.dir/Core/Src/sysmem.c.obj
 .bss.huart1    0x0000000020000a64       0x40 CMakeFiles/NRFTest.elf.dir/Core/Src/usart.c.obj
                0x0000000020000a64                huart1
 .bss.uwTick    0x0000000020000aa4        0x4 CMakeFiles/NRFTest.elf.dir/Drivers/STM32F1xx_HAL_Driver/Src/stm32f1xx_hal.c.obj
                0x0000000020000aa4                uwTick
 .bss.__malloc_current_mallinfo
                0x0000000020000aa8       0x28 /usr/local/Caskroom/gcc-arm-embedded/9-2020-q2-update/gcc-arm-none-eabi-9-2020-q2-update/bin/../lib/gcc/arm-none-eabi/9.3.1/../../../../arm-none-eabi/lib/thumb/v7-m/nofp/libg.a(lib_a-mallocr.o)
                0x0000000020000aa8                __malloc_current_mallinfo
 .bss.__malloc_max_sbrked_mem
                0x0000000020000ad0        0x4 /usr/local/Caskroom/gcc-arm-embedded/9-2020-q2-update/gcc-arm-none-eabi-9-2020-q2-update/bin/../lib/gcc/arm-none-eabi/9.3.1/../../../../arm-none-eabi/lib/thumb/v7-m/nofp/libg.a(lib_a-mallocr.o)
                0x0000000020000ad0                __malloc_max_sbrked_mem
 .bss.__malloc_max_total_mem
                0x0000000020000ad4        0x4 /usr/local/Caskroom/gcc-arm-embedded/9-2020-q2-update/gcc-arm-none-eabi-9-2020-q2-update/bin/../lib/gcc/arm-none-eabi/9.3.1/../../../../arm-none-eabi/lib/thumb/v7-m/nofp/libg.a(lib_a-mallocr.o)
                0x0000000020000ad4                __malloc_max_total_mem
 .bss.__malloc_top_pad
                0x0000000020000ad8        0x4 /usr/local/Caskroom/gcc-arm-embedded/9-2020-q2-update/gcc-arm-none-eabi-9-2020-q2-update/bin/../lib/gcc/arm-none-eabi/9.3.1/../../../../arm-none-eabi/lib/thumb/v7-m/nofp/libg.a(lib_a-mallocr.o)
                0x0000000020000ad8                __malloc_top_pad
 *(COMMON)
 COMMON         0x0000000020000adc       0x21 /usr/local/Caskroom/gcc-arm-embedded/9-2020-q2-update/gcc-arm-none-eabi-9-2020-q2-update/bin/../lib/gcc/arm-none-eabi/9.3.1/../../../../arm-none-eabi/lib/thumb/v7-m/nofp/libg.a(lib_a-lock.o)
                0x0000000020000adc                __lock___atexit_recursive_mutex
                0x0000000020000ae0                __lock___arc4random_mutex
                0x0000000020000ae4                __lock___env_recursive_mutex
                0x0000000020000ae8                __lock___sinit_recursive_mutex
                0x0000000020000aec                __lock___malloc_recursive_mutex
                0x0000000020000af0                __lock___at_quick_exit_mutex
                0x0000000020000af4                __lock___dd_hash_mutex
                0x0000000020000af8                __lock___tz_mutex
                0x0000000020000afc                __lock___sfp_recursive_mutex
 *fill*         0x0000000020000afd        0x3 
 COMMON         0x0000000020000b00        0x4 /usr/local/Caskroom/gcc-arm-embedded/9-2020-q2-update/gcc-arm-none-eabi-9-2020-q2-update/bin/../lib/gcc/arm-none-eabi/9.3.1/../../../../arm-none-eabi/lib/thumb/v7-m/nofp/libg.a(lib_a-reent.o)
                0x0000000020000b00                errno
                0x0000000020000b04                . = ALIGN (0x4)
                0x0000000020000b04                _ebss = .
                0x0000000020000b04                __bss_end__ = _ebss

._user_heap_stack
                0x0000000020000b04      0x604 load address 0x000000000800fd04
                0x0000000020000b08                . = ALIGN (0x8)
 *fill*         0x0000000020000b04        0x4 
                0x0000000020000b08                PROVIDE (end = .)
                [!provide]                        PROVIDE (_end = .)
                0x0000000020000d08                . = (. + _Min_Heap_Size)
 *fill*         0x0000000020000b08      0x200 
                0x0000000020001108                . = (. + _Min_Stack_Size)
 *fill*         0x0000000020000d08      0x400 
                0x0000000020001108                . = ALIGN (0x8)

/DISCARD/
 libc.a(*)
 libm.a(*)
 libgcc.a(*)

.ARM.attributes
                0x0000000000000000       0x29
 *(.ARM.attributes)
 .ARM.attributes
                0x0000000000000000       0x1d /usr/local/Caskroom/gcc-arm-embedded/9-2020-q2-update/gcc-arm-none-eabi-9-2020-q2-update/bin/../lib/gcc/arm-none-eabi/9.3.1/thumb/v7-m/nofp/crti.o
 .ARM.attributes
                0x000000000000001d       0x2d /usr/local/Caskroom/gcc-arm-embedded/9-2020-q2-update/gcc-arm-none-eabi-9-2020-q2-update/bin/../lib/gcc/arm-none-eabi/9.3.1/thumb/v7-m/nofp/crtbegin.o
 .ARM.attributes
                0x000000000000004a       0x2d CMakeFiles/NRFTest.elf.dir/Core/Src/24l01.c.obj
 .ARM.attributes
                0x0000000000000077       0x2d CMakeFiles/NRFTest.elf.dir/Core/Src/delay.c.obj
 .ARM.attributes
                0x00000000000000a4       0x2d CMakeFiles/NRFTest.elf.dir/Core/Src/key.c.obj
 .ARM.attributes
                0x00000000000000d1       0x2d CMakeFiles/NRFTest.elf.dir/Core/Src/lcd.c.obj
 .ARM.attributes
                0x00000000000000fe       0x2d CMakeFiles/NRFTest.elf.dir/Core/Src/led.c.obj
 .ARM.attributes
                0x000000000000012b       0x2d CMakeFiles/NRFTest.elf.dir/Core/Src/main.c.obj
 .ARM.attributes
                0x0000000000000158       0x2d CMakeFiles/NRFTest.elf.dir/Core/Src/spi.c.obj
 .ARM.attributes
                0x0000000000000185       0x2d CMakeFiles/NRFTest.elf.dir/Core/Src/stm32f1xx_hal_msp.c.obj
 .ARM.attributes
                0x00000000000001b2       0x2d CMakeFiles/NRFTest.elf.dir/Core/Src/stm32f1xx_it.c.obj
 .ARM.attributes
                0x00000000000001df       0x2d CMakeFiles/NRFTest.elf.dir/Core/Src/sys.c.obj
 .ARM.attributes
                0x000000000000020c       0x2d CMakeFiles/NRFTest.elf.dir/Core/Src/syscalls.c.obj
 .ARM.attributes
                0x0000000000000239       0x2d CMakeFiles/NRFTest.elf.dir/Core/Src/sysmem.c.obj
 .ARM.attributes
                0x0000000000000266       0x2d CMakeFiles/NRFTest.elf.dir/Core/Src/system_stm32f1xx.c.obj
 .ARM.attributes
                0x0000000000000293       0x2d CMakeFiles/NRFTest.elf.dir/Core/Src/usart.c.obj
 .ARM.attributes
                0x00000000000002c0       0x21 CMakeFiles/NRFTest.elf.dir/Core/Startup/startup_stm32f103rctx.s.obj
 .ARM.attributes
                0x00000000000002e1       0x2d CMakeFiles/NRFTest.elf.dir/Drivers/STM32F1xx_HAL_Driver/Src/stm32f1xx_hal.c.obj
 .ARM.attributes
                0x000000000000030e       0x2d CMakeFiles/NRFTest.elf.dir/Drivers/STM32F1xx_HAL_Driver/Src/stm32f1xx_hal_cortex.c.obj
 .ARM.attributes
                0x000000000000033b       0x2d CMakeFiles/NRFTest.elf.dir/Drivers/STM32F1xx_HAL_Driver/Src/stm32f1xx_hal_dma.c.obj
 .ARM.attributes
                0x0000000000000368       0x2d CMakeFiles/NRFTest.elf.dir/Drivers/STM32F1xx_HAL_Driver/Src/stm32f1xx_hal_gpio.c.obj
 .ARM.attributes
                0x0000000000000395       0x2d CMakeFiles/NRFTest.elf.dir/Drivers/STM32F1xx_HAL_Driver/Src/stm32f1xx_hal_rcc.c.obj
 .ARM.attributes
                0x00000000000003c2       0x2d CMakeFiles/NRFTest.elf.dir/Drivers/STM32F1xx_HAL_Driver/Src/stm32f1xx_hal_spi.c.obj
 .ARM.attributes
                0x00000000000003ef       0x2d CMakeFiles/NRFTest.elf.dir/Drivers/STM32F1xx_HAL_Driver/Src/stm32f1xx_hal_uart.c.obj
 .ARM.attributes
                0x000000000000041c       0x1d /usr/local/Caskroom/gcc-arm-embedded/9-2020-q2-update/gcc-arm-none-eabi-9-2020-q2-update/bin/../lib/gcc/arm-none-eabi/9.3.1/thumb/v7-m/nofp/libgcc.a(_arm_addsubdf3.o)
 .ARM.attributes
                0x0000000000000439       0x1d /usr/local/Caskroom/gcc-arm-embedded/9-2020-q2-update/gcc-arm-none-eabi-9-2020-q2-update/bin/../lib/gcc/arm-none-eabi/9.3.1/thumb/v7-m/nofp/libgcc.a(_arm_fixunsdfsi.o)
 .ARM.attributes
                0x0000000000000456       0x2d /usr/local/Caskroom/gcc-arm-embedded/9-2020-q2-update/gcc-arm-none-eabi-9-2020-q2-update/bin/../lib/gcc/arm-none-eabi/9.3.1/../../../../arm-none-eabi/lib/thumb/v7-m/nofp/libg.a(lib_a-errno.o)
 .ARM.attributes
                0x0000000000000483       0x2d /usr/local/Caskroom/gcc-arm-embedded/9-2020-q2-update/gcc-arm-none-eabi-9-2020-q2-update/bin/../lib/gcc/arm-none-eabi/9.3.1/../../../../arm-none-eabi/lib/thumb/v7-m/nofp/libg.a(lib_a-impure.o)
 .ARM.attributes
                0x00000000000004b0       0x2d /usr/local/Caskroom/gcc-arm-embedded/9-2020-q2-update/gcc-arm-none-eabi-9-2020-q2-update/bin/../lib/gcc/arm-none-eabi/9.3.1/../../../../arm-none-eabi/lib/thumb/v7-m/nofp/libg.a(lib_a-init.o)
 .ARM.attributes
                0x00000000000004dd       0x2d /usr/local/Caskroom/gcc-arm-embedded/9-2020-q2-update/gcc-arm-none-eabi-9-2020-q2-update/bin/../lib/gcc/arm-none-eabi/9.3.1/../../../../arm-none-eabi/lib/thumb/v7-m/nofp/libg.a(lib_a-memset.o)
 .ARM.attributes
                0x000000000000050a       0x2d /usr/local/Caskroom/gcc-arm-embedded/9-2020-q2-update/gcc-arm-none-eabi-9-2020-q2-update/bin/../lib/gcc/arm-none-eabi/9.3.1/../../../../arm-none-eabi/lib/thumb/v7-m/nofp/libg.a(lib_a-printf.o)
 .ARM.attributes
                0x0000000000000537       0x2d /usr/local/Caskroom/gcc-arm-embedded/9-2020-q2-update/gcc-arm-none-eabi-9-2020-q2-update/bin/../lib/gcc/arm-none-eabi/9.3.1/../../../../arm-none-eabi/lib/thumb/v7-m/nofp/libg.a(lib_a-vfprintf.o)
 .ARM.attributes
                0x0000000000000564       0x2d /usr/local/Caskroom/gcc-arm-embedded/9-2020-q2-update/gcc-arm-none-eabi-9-2020-q2-update/bin/../lib/gcc/arm-none-eabi/9.3.1/../../../../arm-none-eabi/lib/thumb/v7-m/nofp/libg.a(lib_a-wsetup.o)
 .ARM.attributes
                0x0000000000000591       0x2d /usr/local/Caskroom/gcc-arm-embedded/9-2020-q2-update/gcc-arm-none-eabi-9-2020-q2-update/bin/../lib/gcc/arm-none-eabi/9.3.1/../../../../arm-none-eabi/lib/thumb/v7-m/nofp/libg.a(lib_a-__call_atexit.o)
 .ARM.attributes
                0x00000000000005be       0x2d /usr/local/Caskroom/gcc-arm-embedded/9-2020-q2-update/gcc-arm-none-eabi-9-2020-q2-update/bin/../lib/gcc/arm-none-eabi/9.3.1/../../../../arm-none-eabi/lib/thumb/v7-m/nofp/libg.a(lib_a-atexit.o)
 .ARM.attributes
                0x00000000000005eb       0x2d /usr/local/Caskroom/gcc-arm-embedded/9-2020-q2-update/gcc-arm-none-eabi-9-2020-q2-update/bin/../lib/gcc/arm-none-eabi/9.3.1/../../../../arm-none-eabi/lib/thumb/v7-m/nofp/libg.a(lib_a-dtoa.o)
 .ARM.attributes
                0x0000000000000618       0x2d /usr/local/Caskroom/gcc-arm-embedded/9-2020-q2-update/gcc-arm-none-eabi-9-2020-q2-update/bin/../lib/gcc/arm-none-eabi/9.3.1/../../../../arm-none-eabi/lib/thumb/v7-m/nofp/libg.a(lib_a-fflush.o)
 .ARM.attributes
                0x0000000000000645       0x2d /usr/local/Caskroom/gcc-arm-embedded/9-2020-q2-update/gcc-arm-none-eabi-9-2020-q2-update/bin/../lib/gcc/arm-none-eabi/9.3.1/../../../../arm-none-eabi/lib/thumb/v7-m/nofp/libg.a(lib_a-findfp.o)
 .ARM.attributes
                0x0000000000000672       0x2d /usr/local/Caskroom/gcc-arm-embedded/9-2020-q2-update/gcc-arm-none-eabi-9-2020-q2-update/bin/../lib/gcc/arm-none-eabi/9.3.1/../../../../arm-none-eabi/lib/thumb/v7-m/nofp/libg.a(lib_a-fini.o)
 .ARM.attributes
                0x000000000000069f       0x2d /usr/local/Caskroom/gcc-arm-embedded/9-2020-q2-update/gcc-arm-none-eabi-9-2020-q2-update/bin/../lib/gcc/arm-none-eabi/9.3.1/../../../../arm-none-eabi/lib/thumb/v7-m/nofp/libg.a(lib_a-freer.o)
 .ARM.attributes
                0x00000000000006cc       0x2d /usr/local/Caskroom/gcc-arm-embedded/9-2020-q2-update/gcc-arm-none-eabi-9-2020-q2-update/bin/../lib/gcc/arm-none-eabi/9.3.1/../../../../arm-none-eabi/lib/thumb/v7-m/nofp/libg.a(lib_a-fwalk.o)
 .ARM.attributes
                0x00000000000006f9       0x2d /usr/local/Caskroom/gcc-arm-embedded/9-2020-q2-update/gcc-arm-none-eabi-9-2020-q2-update/bin/../lib/gcc/arm-none-eabi/9.3.1/../../../../arm-none-eabi/lib/thumb/v7-m/nofp/libg.a(lib_a-localeconv.o)
 .ARM.attributes
                0x0000000000000726       0x2d /usr/local/Caskroom/gcc-arm-embedded/9-2020-q2-update/gcc-arm-none-eabi-9-2020-q2-update/bin/../lib/gcc/arm-none-eabi/9.3.1/../../../../arm-none-eabi/lib/thumb/v7-m/nofp/libg.a(lib_a-lock.o)
 .ARM.attributes
                0x0000000000000753       0x2d /usr/local/Caskroom/gcc-arm-embedded/9-2020-q2-update/gcc-arm-none-eabi-9-2020-q2-update/bin/../lib/gcc/arm-none-eabi/9.3.1/../../../../arm-none-eabi/lib/thumb/v7-m/nofp/libg.a(lib_a-makebuf.o)
 .ARM.attributes
                0x0000000000000780       0x2d /usr/local/Caskroom/gcc-arm-embedded/9-2020-q2-update/gcc-arm-none-eabi-9-2020-q2-update/bin/../lib/gcc/arm-none-eabi/9.3.1/../../../../arm-none-eabi/lib/thumb/v7-m/nofp/libg.a(lib_a-mallocr.o)
 .ARM.attributes
                0x00000000000007ad       0x2d /usr/local/Caskroom/gcc-arm-embedded/9-2020-q2-update/gcc-arm-none-eabi-9-2020-q2-update/bin/../lib/gcc/arm-none-eabi/9.3.1/../../../../arm-none-eabi/lib/thumb/v7-m/nofp/libg.a(lib_a-memchr-stub.o)
 .ARM.attributes
                0x00000000000007da       0x1b /usr/local/Caskroom/gcc-arm-embedded/9-2020-q2-update/gcc-arm-none-eabi-9-2020-q2-update/bin/../lib/gcc/arm-none-eabi/9.3.1/../../../../arm-none-eabi/lib/thumb/v7-m/nofp/libg.a(lib_a-memcpy.o)
 .ARM.attributes
                0x00000000000007f5       0x2d /usr/local/Caskroom/gcc-arm-embedded/9-2020-q2-update/gcc-arm-none-eabi-9-2020-q2-update/bin/../lib/gcc/arm-none-eabi/9.3.1/../../../../arm-none-eabi/lib/thumb/v7-m/nofp/libg.a(lib_a-mlock.o)
 .ARM.attributes
                0x0000000000000822       0x2d /usr/local/Caskroom/gcc-arm-embedded/9-2020-q2-update/gcc-arm-none-eabi-9-2020-q2-update/bin/../lib/gcc/arm-none-eabi/9.3.1/../../../../arm-none-eabi/lib/thumb/v7-m/nofp/libg.a(lib_a-mprec.o)
 .ARM.attributes
                0x000000000000084f       0x2d /usr/local/Caskroom/gcc-arm-embedded/9-2020-q2-update/gcc-arm-none-eabi-9-2020-q2-update/bin/../lib/gcc/arm-none-eabi/9.3.1/../../../../arm-none-eabi/lib/thumb/v7-m/nofp/libg.a(lib_a-s_frexp.o)
 .ARM.attributes
                0x000000000000087c       0x2d /usr/local/Caskroom/gcc-arm-embedded/9-2020-q2-update/gcc-arm-none-eabi-9-2020-q2-update/bin/../lib/gcc/arm-none-eabi/9.3.1/../../../../arm-none-eabi/lib/thumb/v7-m/nofp/libg.a(lib_a-sbrkr.o)
 .ARM.attributes
                0x00000000000008a9       0x2d /usr/local/Caskroom/gcc-arm-embedded/9-2020-q2-update/gcc-arm-none-eabi-9-2020-q2-update/bin/../lib/gcc/arm-none-eabi/9.3.1/../../../../arm-none-eabi/lib/thumb/v7-m/nofp/libg.a(lib_a-stdio.o)
 .ARM.attributes
                0x00000000000008d6       0x2d /usr/local/Caskroom/gcc-arm-embedded/9-2020-q2-update/gcc-arm-none-eabi-9-2020-q2-update/bin/../lib/gcc/arm-none-eabi/9.3.1/../../../../arm-none-eabi/lib/thumb/v7-m/nofp/libg.a(lib_a-strlen-stub.o)
 .ARM.attributes
                0x0000000000000903       0x2d /usr/local/Caskroom/gcc-arm-embedded/9-2020-q2-update/gcc-arm-none-eabi-9-2020-q2-update/bin/../lib/gcc/arm-none-eabi/9.3.1/../../../../arm-none-eabi/lib/thumb/v7-m/nofp/libg.a(lib_a-strncpy.o)
 .ARM.attributes
                0x0000000000000930       0x2d /usr/local/Caskroom/gcc-arm-embedded/9-2020-q2-update/gcc-arm-none-eabi-9-2020-q2-update/bin/../lib/gcc/arm-none-eabi/9.3.1/../../../../arm-none-eabi/lib/thumb/v7-m/nofp/libg.a(lib_a-vfiprintf.o)
 .ARM.attributes
                0x000000000000095d       0x2d /usr/local/Caskroom/gcc-arm-embedded/9-2020-q2-update/gcc-arm-none-eabi-9-2020-q2-update/bin/../lib/gcc/arm-none-eabi/9.3.1/../../../../arm-none-eabi/lib/thumb/v7-m/nofp/libg.a(lib_a-writer.o)
 .ARM.attributes
                0x000000000000098a       0x2d /usr/local/Caskroom/gcc-arm-embedded/9-2020-q2-update/gcc-arm-none-eabi-9-2020-q2-update/bin/../lib/gcc/arm-none-eabi/9.3.1/../../../../arm-none-eabi/lib/thumb/v7-m/nofp/libg.a(lib_a-__atexit.o)
 .ARM.attributes
                0x00000000000009b7       0x2d /usr/local/Caskroom/gcc-arm-embedded/9-2020-q2-update/gcc-arm-none-eabi-9-2020-q2-update/bin/../lib/gcc/arm-none-eabi/9.3.1/../../../../arm-none-eabi/lib/thumb/v7-m/nofp/libg.a(lib_a-assert.o)
 .ARM.attributes
                0x00000000000009e4       0x2d /usr/local/Caskroom/gcc-arm-embedded/9-2020-q2-update/gcc-arm-none-eabi-9-2020-q2-update/bin/../lib/gcc/arm-none-eabi/9.3.1/../../../../arm-none-eabi/lib/thumb/v7-m/nofp/libg.a(lib_a-callocr.o)
 .ARM.attributes
                0x0000000000000a11       0x2d /usr/local/Caskroom/gcc-arm-embedded/9-2020-q2-update/gcc-arm-none-eabi-9-2020-q2-update/bin/../lib/gcc/arm-none-eabi/9.3.1/../../../../arm-none-eabi/lib/thumb/v7-m/nofp/libg.a(lib_a-closer.o)
 .ARM.attributes
                0x0000000000000a3e       0x2d /usr/local/Caskroom/gcc-arm-embedded/9-2020-q2-update/gcc-arm-none-eabi-9-2020-q2-update/bin/../lib/gcc/arm-none-eabi/9.3.1/../../../../arm-none-eabi/lib/thumb/v7-m/nofp/libg.a(lib_a-fclose.o)
 .ARM.attributes
                0x0000000000000a6b       0x2d /usr/local/Caskroom/gcc-arm-embedded/9-2020-q2-update/gcc-arm-none-eabi-9-2020-q2-update/bin/../lib/gcc/arm-none-eabi/9.3.1/../../../../arm-none-eabi/lib/thumb/v7-m/nofp/libg.a(lib_a-fiprintf.o)
 .ARM.attributes
                0x0000000000000a98       0x2d /usr/local/Caskroom/gcc-arm-embedded/9-2020-q2-update/gcc-arm-none-eabi-9-2020-q2-update/bin/../lib/gcc/arm-none-eabi/9.3.1/../../../../arm-none-eabi/lib/thumb/v7-m/nofp/libg.a(lib_a-fputwc.o)
 .ARM.attributes
                0x0000000000000ac5       0x2d /usr/local/Caskroom/gcc-arm-embedded/9-2020-q2-update/gcc-arm-none-eabi-9-2020-q2-update/bin/../lib/gcc/arm-none-eabi/9.3.1/../../../../arm-none-eabi/lib/thumb/v7-m/nofp/libg.a(lib_a-fstatr.o)
 .ARM.attributes
                0x0000000000000af2       0x2d /usr/local/Caskroom/gcc-arm-embedded/9-2020-q2-update/gcc-arm-none-eabi-9-2020-q2-update/bin/../lib/gcc/arm-none-eabi/9.3.1/../../../../arm-none-eabi/lib/thumb/v7-m/nofp/libg.a(lib_a-fvwrite.o)
 .ARM.attributes
                0x0000000000000b1f       0x2d /usr/local/Caskroom/gcc-arm-embedded/9-2020-q2-update/gcc-arm-none-eabi-9-2020-q2-update/bin/../lib/gcc/arm-none-eabi/9.3.1/../../../../arm-none-eabi/lib/thumb/v7-m/nofp/libg.a(lib_a-isattyr.o)
 .ARM.attributes
                0x0000000000000b4c       0x2d /usr/local/Caskroom/gcc-arm-embedded/9-2020-q2-update/gcc-arm-none-eabi-9-2020-q2-update/bin/../lib/gcc/arm-none-eabi/9.3.1/../../../../arm-none-eabi/lib/thumb/v7-m/nofp/libg.a(lib_a-locale.o)
 .ARM.attributes